Archive member included to satisfy reference by file (symbol)

/n64_toolchain/lib/gcc/mips64-elf/13.1.0/../../../../mips64-elf/lib/libdragon.a(entrypoint.o)
                              (_start)
/n64_toolchain/lib/gcc/mips64-elf/13.1.0/../../../../mips64-elf/lib/libdragon.a(debug.o)
                              build/src/siemon_64.o (debug_init_usblog)
/n64_toolchain/lib/gcc/mips64-elf/13.1.0/../../../../mips64-elf/lib/libdragon.a(usb.o)
                              /n64_toolchain/lib/gcc/mips64-elf/13.1.0/../../../../mips64-elf/lib/libdragon.a(debug.o) (usb_write)
/n64_toolchain/lib/gcc/mips64-elf/13.1.0/../../../../mips64-elf/lib/libdragon.a(cart.o)
                              /n64_toolchain/lib/gcc/mips64-elf/13.1.0/../../../../mips64-elf/lib/libdragon.a(debug.o) (cart_init)
/n64_toolchain/lib/gcc/mips64-elf/13.1.0/../../../../mips64-elf/lib/libdragon.a(ff.o)
                              /n64_toolchain/lib/gcc/mips64-elf/13.1.0/../../../../mips64-elf/lib/libdragon.a(debug.o) (f_mount)
/n64_toolchain/lib/gcc/mips64-elf/13.1.0/../../../../mips64-elf/lib/libdragon.a(ffunicode.o)
                              /n64_toolchain/lib/gcc/mips64-elf/13.1.0/../../../../mips64-elf/lib/libdragon.a(ff.o) (ff_uni2oem)
/n64_toolchain/lib/gcc/mips64-elf/13.1.0/../../../../mips64-elf/lib/libdragon.a(dragonfs.o)
                              build/src/siemon_64.o (dfs_init)
/n64_toolchain/lib/gcc/mips64-elf/13.1.0/../../../../mips64-elf/lib/libdragon.a(audio.o)
                              build/src/siemon_64.o (audio_init)
/n64_toolchain/lib/gcc/mips64-elf/13.1.0/../../../../mips64-elf/lib/libdragon.a(display.o)
                              build/src/siemon_64.o (display_init)
/n64_toolchain/lib/gcc/mips64-elf/13.1.0/../../../../mips64-elf/lib/libdragon.a(surface.o)
                              build/src/siemon_64.o (surface_alloc)
/n64_toolchain/lib/gcc/mips64-elf/13.1.0/../../../../mips64-elf/lib/libdragon.a(controller.o)
                              build/src/siemon_64.o (controller_init)
/n64_toolchain/lib/gcc/mips64-elf/13.1.0/../../../../mips64-elf/lib/libdragon.a(rsp.o)
                              /n64_toolchain/lib/gcc/mips64-elf/13.1.0/../../../../mips64-elf/lib/libdragon.a(display.o) (__rsp_crash)
/n64_toolchain/lib/gcc/mips64-elf/13.1.0/../../../../mips64-elf/lib/libdragon.a(rsp_crash.o)
                              /n64_toolchain/lib/gcc/mips64-elf/13.1.0/../../../../mips64-elf/lib/libdragon.a(rsp.o) (rsp_crash_data_start)
/n64_toolchain/lib/gcc/mips64-elf/13.1.0/../../../../mips64-elf/lib/libdragon.a(inspector.o)
                              /n64_toolchain/lib/gcc/mips64-elf/13.1.0/../../../../mips64-elf/lib/libdragon.a(debug.o) (__inspector_assertion)
/n64_toolchain/lib/gcc/mips64-elf/13.1.0/../../../../mips64-elf/lib/libdragon.a(sprite.o)
                              build/src/siemon_64.o (sprite_load)
/n64_toolchain/lib/gcc/mips64-elf/13.1.0/../../../../mips64-elf/lib/libdragon.a(dma.o)
                              /n64_toolchain/lib/gcc/mips64-elf/13.1.0/../../../../mips64-elf/lib/libdragon.a(debug.o) (io_accessible)
/n64_toolchain/lib/gcc/mips64-elf/13.1.0/../../../../mips64-elf/lib/libdragon.a(exception.o)
                              /n64_toolchain/lib/gcc/mips64-elf/13.1.0/../../../../mips64-elf/lib/libdragon.a(inspector.o) (__exception_dump_header)
/n64_toolchain/lib/gcc/mips64-elf/13.1.0/../../../../mips64-elf/lib/libdragon.a(do_ctors.o)
                              /n64_toolchain/lib/gcc/mips64-elf/13.1.0/../../../../mips64-elf/lib/libdragon.a(entrypoint.o) (__wrap___do_global_ctors)
/n64_toolchain/lib/gcc/mips64-elf/13.1.0/../../../../mips64-elf/lib/libdragon.a(mixer.o)
                              build/src/siemon_64.o (mixer_ch_set_freq)
/n64_toolchain/lib/gcc/mips64-elf/13.1.0/../../../../mips64-elf/lib/libdragon.a(samplebuffer.o)
                              /n64_toolchain/lib/gcc/mips64-elf/13.1.0/../../../../mips64-elf/lib/libdragon.a(mixer.o) (samplebuffer_init)
/n64_toolchain/lib/gcc/mips64-elf/13.1.0/../../../../mips64-elf/lib/libdragon.a(rsp_mixer.o)
                              /n64_toolchain/lib/gcc/mips64-elf/13.1.0/../../../../mips64-elf/lib/libdragon.a(mixer.o) (rsp_mixer_data_start)
/n64_toolchain/lib/gcc/mips64-elf/13.1.0/../../../../mips64-elf/lib/libdragon.a(wav64.o)
                              build/src/siemon_64.o (wav64_open)
/n64_toolchain/lib/gcc/mips64-elf/13.1.0/../../../../mips64-elf/lib/libdragon.a(rspq.o)
                              /n64_toolchain/lib/gcc/mips64-elf/13.1.0/../../../../mips64-elf/lib/libdragon.a(mixer.o) (rspq_cur_pointer)
/n64_toolchain/lib/gcc/mips64-elf/13.1.0/../../../../mips64-elf/lib/libdragon.a(rsp_queue.o)
                              /n64_toolchain/lib/gcc/mips64-elf/13.1.0/../../../../mips64-elf/lib/libdragon.a(rspq.o) (rsp_queue_text_end)
/n64_toolchain/lib/gcc/mips64-elf/13.1.0/../../../../mips64-elf/lib/libdragon.a(rdpq.o)
[...]
Memory Configuration

Name             Origin             Length             Attributes
mem              0x80000000         0x00400000
*default*        0x00000000         0xffffffff

Linker script and memory map

LOAD /n64_toolchain/lib/gcc/mips64-elf/13.1.0/crti.o
LOAD /n64_toolchain/lib/gcc/mips64-elf/13.1.0/crtbegin.o
LOAD build/src/siemon_64.o
LOAD /n64_toolchain/lib/gcc/mips64-elf/13.1.0/../../../../mips64-elf/lib/libdragon.a
LOAD /n64_toolchain/lib/gcc/mips64-elf/13.1.0/../../../../mips64-elf/lib/libm.a
LOAD /n64_toolchain/lib/gcc/mips64-elf/13.1.0/../../../../mips64-elf/lib/libdragonsys.a
                0x80000000                        __kseg0_start = 0x80000000
                0x80000400                        __libdragon_text_start = (__kseg0_start + 0x400)

.text           0x80000400    0x45f90
 *(.boot)
 .boot          0x80000400      0x18c /n64_toolchain/lib/gcc/mips64-elf/13.1.0/../../../../mips64-elf/lib/libdragon.a(entrypoint.o)
                0x80000400                _start
                0x80000590                        . = ALIGN (0x10)
 *fill*         0x8000058c        0x4 
                0x80000590                        __text_start = .
 *(.text)
 *fill*         0x80000590       0x10 
 .text          0x800005a0      0x360 /n64_toolchain/lib/gcc/mips64-elf/13.1.0/../../../../mips64-elf/lib/libdragon.a(inthandler.o)
                0x800005a0                inthandler
                0x80000900                inthandler_end
 .text          0x80000900       0x80 /n64_toolchain/lib/gcc/mips64-elf/13.1.0/../../../../mips64-elf/lib/libm.a(libm_a-wf_fmod.o)
                0x80000900                fmodf
 .text          0x80000980      0x160 /n64_toolchain/lib/gcc/mips64-elf/13.1.0/../../../../mips64-elf/lib/libm.a(libm_a-wf_pow.o)
                0x80000980                powf
 .text          0x80000ae0      0x110 /n64_toolchain/lib/gcc/mips64-elf/13.1.0/../../../../mips64-elf/lib/libm.a(libm_a-sf_ceil.o)
                0x80000ae0                ceilf
 .text          0x80000bf0       0xe8 /n64_toolchain/lib/gcc/mips64-elf/13.1.0/../../../../mips64-elf/lib/libm.a(libm_a-sf_cos.o)
                0x80000bf0                cosf
 .text          0x80000cd8       0x50 /n64_toolchain/lib/gcc/mips64-elf/13.1.0/../../../../mips64-elf/lib/libm.a(libm_a-wf_sincos.o)
                0x80000cd8                sincosf
 .text          0x80000d28      0x110 /n64_toolchain/lib/gcc/mips64-elf/13.1.0/../../../../mips64-elf/lib/libm.a(libm_a-sf_floor.o)
                0x80000d28                floorf
 .text          0x80000e38       0xe0 /n64_toolchain/lib/gcc/mips64-elf/13.1.0/../../../../mips64-elf/lib/libm.a(libm_a-sf_sin.o)
                0x80000e38                sinf
 .text          0x80000f18        0x8 /n64_toolchain/lib/gcc/mips64-elf/13.1.0/../../../../mips64-elf/lib/libm.a(libm_a-w_atan2.o)
                0x80000f18                atan2
 .text          0x80000f20       0x20 /n64_toolchain/lib/gcc/mips64-elf/13.1.0/../../../../mips64-elf/lib/libm.a(libm_a-sf_finite.o)
                0x80000f20                finitef
 .text          0x80000f40      0x100 /n64_toolchain/lib/gcc/mips64-elf/13.1.0/../../../../mips64-elf/lib/libm.a(libm_a-s_sin.o)
                0x80000f40                sin
 .text          0x80001040      0x100 /n64_toolchain/lib/gcc/mips64-elf/13.1.0/../../../../mips64-elf/lib/libm.a(libm_a-s_cos.o)
                0x80001040                cos
 .text          0x80001140       0xd0 /n64_toolchain/lib/gcc/mips64-elf/13.1.0/../../../../mips64-elf/lib/libm.a(libm_a-kf_sin.o)
                0x80001140                __kernel_sinf
 .text          0x80001210       0x90 /n64_toolchain/lib/gcc/mips64-elf/13.1.0/../../../../mips64-elf/lib/libm.a(libm_a-s_tan.o)
                0x80001210                tan
 .text          0x800012a0      0x1c0 /n64_toolchain/lib/gcc/mips64-elf/13.1.0/../../../../mips64-elf/lib/libm.a(libm_a-s_floor.o)
                0x800012a0                floor
 .text          0x80001460      0x190 /n64_toolchain/lib/gcc/mips64-elf/13.1.0/../../../../mips64-elf/lib/libm.a(libm_a-kf_cos.o)
                0x80001460                __kernel_cosf
 .text          0x800015f0      0x220 /n64_toolchain/lib/gcc/mips64-elf/13.1.0/../../../../mips64-elf/lib/libm.a(libm_a-ef_fmod.o)
                0x800015f0                __ieee754_fmodf
 .text          0x80001810      0x980 /n64_toolchain/lib/gcc/mips64-elf/13.1.0/../../../../mips64-elf/lib/libm.a(libm_a-ef_pow.o)
                0x80001810                __ieee754_powf
 .text          0x80002190      0x358 /n64_toolchain/lib/gcc/mips64-elf/13.1.0/../../../../mips64-elf/lib/libm.a(libm_a-ef_rem_pio2.o)
                0x80002190                __ieee754_rem_pio2f
 .text          0x800024e8      0x190 /n64_toolchain/lib/gcc/mips64-elf/13.1.0/../../../../mips64-elf/lib/libm.a(libm_a-k_cos.o)
                0x800024e8                __kernel_cos
 .text          0x80002678       0xd0 /n64_toolchain/lib/gcc/mips64-elf/13.1.0/../../../../mips64-elf/lib/libm.a(libm_a-k_sin.o)
                0x80002678                __kernel_sin
 .text          0x80002748      0x360 /n64_toolchain/lib/gcc/mips64-elf/13.1.0/../../../../mips64-elf/lib/libm.a(libm_a-k_tan.o)
                0x80002748                __kernel_tan
 .text          0x80002aa8      0x268 /n64_toolchain/lib/gcc/mips64-elf/13.1.0/../../../../mips64-elf/lib/libm.a(libm_a-e_atan2.o)
                0x80002aa8                __ieee754_atan2
 .text          0x80002d10       0x20 /n64_toolchain/lib/gcc/mips64-elf/13.1.0/../../../../mips64-elf/lib/libm.a(libm_a-sf_fabs.o)
                0x80002d10                fabsf
 .text          0x80002d30      0x358 /n64_toolchain/lib/gcc/mips64-elf/13.1.0/../../../../mips64-elf/lib/libm.a(libm_a-e_rem_pio2.o)
                0x80002d30                __ieee754_rem_pio2
 .text          0x80003088       0xd0 /n64_toolchain/lib/gcc/mips64-elf/13.1.0/../../../../mips64-elf/lib/libm.a(libm_a-math_errf.o)
                0x800030f0                __math_uflowf
                0x800030f8                __math_oflowf
                0x80003100                __math_divzerof
                0x80003130                __math_invalidf
 .text          0x80003158      0x188 /n64_toolchain/lib/gcc/mips64-elf/13.1.0/../../../../mips64-elf/lib/libm.a(libm_a-sf_scalbn.o)
                0x80003158                scalbnf
 .text          0x800032e0      0x2e0 /n64_toolchain/lib/gcc/mips64-elf/13.1.0/../../../../mips64-elf/lib/libm.a(libm_a-s_atan.o)
                0x800032e0                atan
 .text          0x800035c0       0x30 /n64_toolchain/lib/gcc/mips64-elf/13.1.0/../../../../mips64-elf/lib/libm.a(libm_a-s_fabs.o)
                0x800035c0                fabs
 .text          0x800035f0      0x998 /n64_toolchain/lib/gcc/mips64-elf/13.1.0/../../../../mips64-elf/lib/libm.a(libm_a-kf_rem_pio2.o)
                0x800035f0                __kernel_rem_pio2f
 .text          0x80003f88      0x190 /n64_toolchain/lib/gcc/mips64-elf/13.1.0/../../../../mips64-elf/lib/libm.a(libm_a-ef_sqrt.o)
                0x80003f88                __ieee754_sqrtf
 .text          0x80004118      0x9b8 /n64_toolchain/lib/gcc/mips64-elf/13.1.0/../../../../mips64-elf/lib/libm.a(libm_a-k_rem_pio2.o)
                0x80004118                __kernel_rem_pio2
 .text          0x80004ad0      0x1b0 /n64_toolchain/lib/gcc/mips64-elf/13.1.0/../../../../mips64-elf/lib/libm.a(libm_a-s_scalbn.o)
                0x80004ad0                scalbn
 .text          0x80004c80      0x11c /n64_toolchain/lib/gcc/mips64-elf/13.1.0/../../../../mips64-elf/lib/libc.a(libc_a-memset.o)
                0x80004c80                memset
 .text          0x80004d9c      0x370 /n64_toolchain/lib/gcc/mips64-elf/13.1.0/../../../../mips64-elf/lib/libc.a(libc_a-memcpy.o)
                0x80004d9c                memcpy
 *fill*         0x8000510c        0x4 
 .text          0x80005110       0x70 /n64_toolchain/lib/gcc/mips64-elf/13.1.0/../../../../mips64-elf/lib/libc.a(libc_a-printf.o)
                0x80005110                _printf_r
                0x80005140                printf
 .text          0x80005180       0x18 /n64_toolchain/lib/gcc/mips64-elf/13.1.0/../../../../mips64-elf/lib/libc.a(libc_a-malign.o)
                0x80005180                memalign
 .text          0x80005198      0x1f8 /n64_toolchain/lib/gcc/mips64-elf/13.1.0/../../../../mips64-elf/lib/libc.a(libc_a-malignr.o)
                0x80005198                _memalign_r
 .text          0x80005390       0x20 /n64_toolchain/lib/gcc/mips64-elf/13.1.0/../../../../mips64-elf/lib/libc.a(libc_a-putchar.o)
                0x80005390                _putchar_r
                0x80005398                putchar
 .text          0x800053b0       0xd8 /n64_toolchain/lib/gcc/mips64-elf/13.1.0/../../../../mips64-elf/lib/libc.a(libc_a-sprintf.o)
                0x800053b0                _sprintf_r
                0x80005418                sprintf
 .text          0x80005488       0xe0 /n64_toolchain/lib/gcc/mips64-elf/13.1.0/../../../../mips64-elf/lib/libc.a(libc_a-puts.o)
                0x80005488                _puts_r
                0x80005558                puts
 .text          0x80005568      0x100 /n64_toolchain/lib/gcc/mips64-elf/13.1.0/../../../../mips64-elf/lib/libc.a(libc_a-sscanf.o)
                0x80005568                sscanf
                0x800055e0                _sscanf_r
 .text          0x80005668       0x18 /n64_toolchain/lib/gcc/mips64-elf/13.1.0/../../../../mips64-elf/lib/libc.a(libc_a-abort.o)
                0x80005668                abort
 .text          0x80005680      0x190 /n64_toolchain/lib/gcc/mips64-elf/13.1.0/../../../../mips64-elf/lib/libc.a(libc_a-stdio.o)
                0x80005680                __sread
                0x800056d8                __seofread
                0x800056e0                __swrite
                0x800057a0                __sseek
                0x80005808                __sclose
 .text          0x80005810       0x18 /n64_toolchain/lib/gcc/mips64-elf/13.1.0/../../../../mips64-elf/lib/libc.a(libc_a-calloc.o)
                0x80005810                calloc
 .text          0x80005828      0x270 /n64_toolchain/lib/gcc/mips64-elf/13.1.0/../../../../mips64-elf/lib/libc.a(libc_a-setvbuf.o)
                0x80005828                setvbuf
 .text          0x80005a98      0x120 /n64_toolchain/lib/gcc/mips64-elf/13.1.0/../../../../mips64-elf/lib/libc.a(libc_a-callocr.o)
                0x80005a98                _calloc_r
 .text          0x80005bb8      0x1c8 /n64_toolchain/lib/gcc/mips64-elf/13.1.0/../../../../mips64-elf/lib/libc.a(libc_a-snprintf.o)
                0x80005bb8                _snprintf_r
                0x80005c98                snprintf
 .text          0x80005d80       0xf8 /n64_toolchain/lib/gcc/mips64-elf/13.1.0/../../../../mips64-elf/lib/libc.a(libc_a-memchr.o)
                0x80005d80                memchr
 .text          0x80005e78     0x1fb0 /n64_toolchain/lib/gcc/mips64-elf/13.1.0/../../../../mips64-elf/lib/libc.a(libc_a-svfprintf.o)
                0x80005e78                _svfprintf_r
 .text          0x80007e28      0x480 /n64_toolchain/lib/gcc/mips64-elf/13.1.0/../../../../mips64-elf/lib/libc.a(libc_a-freer.o)
                0x80007e28                _malloc_trim_r
                0x80007f68                _free_r
 .text          0x800082a8       0x88 /n64_toolchain/lib/gcc/mips64-elf/13.1.0/../../../../mips64-elf/lib/libc.a(libc_a-memcmp.o)
                0x800082a8                memcmp
 .text          0x80008330       0x30 /n64_toolchain/lib/gcc/mips64-elf/13.1.0/../../../../mips64-elf/lib/libc.a(libc_a-vprintf.o)
                0x80008330                vprintf
                0x80008348                _vprintf_r
 .text          0x80008360     0x1658 /n64_toolchain/lib/gcc/mips64-elf/13.1.0/../../../../mips64-elf/lib/libc.a(libc_a-dtoa.o)
                0x800085b0                _dtoa_r
 .text          0x800099b8     0x1828 /n64_toolchain/lib/gcc/mips64-elf/13.1.0/../../../../mips64-elf/lib/libc.a(libc_a-svfscanf.o)
                0x800099b8                __ssvfscanf_r
 .text          0x8000b1e0       0x20 /n64_toolchain/lib/gcc/mips64-elf/13.1.0/../../../../mips64-elf/lib/libc.a(libc_a-malloc.o)
                0x8000b1e0                malloc
                0x8000b1f0                free
 .text          0x8000b200      0x140 /n64_toolchain/lib/gcc/mips64-elf/13.1.0/../../../../mips64-elf/lib/libc.a(libc_a-memmove.o)
                0x8000b200                memmove
 .text          0x8000b340      0x1a8 /n64_toolchain/lib/gcc/mips64-elf/13.1.0/../../../../mips64-elf/lib/libc.a(libc_a-vsnprintf.o)
                0x8000b340                vsnprintf
                0x8000b410                _vsnprintf_r
 .text          0x8000b4e8      0x888 /n64_toolchain/lib/gcc/mips64-elf/13.1.0/../../../../mips64-elf/lib/libc.a(libc_a-mallocr.o)
                0x8000b4e8                _malloc_r
 .text          0x8000bd70       0xa8 /n64_toolchain/lib/gcc/mips64-elf/13.1.0/../../../../mips64-elf/lib/libc.a(libc_a-strcpy.o)
                0x8000bd70                strcpy
 .text          0x8000be18     0x21e8 /n64_toolchain/lib/gcc/mips64-elf/13.1.0/../../../../mips64-elf/lib/libc.a(libc_a-vfprintf.o)
                0x8000be18                _vfprintf_r
                0x8000df18                vfprintf
 .text          0x8000e000      0x570 /n64_toolchain/lib/gcc/mips64-elf/13.1.0/../../../../mips64-elf/lib/libc.a(libc_a-signal.o)
                0x8000e000                _init_signal_r
                0x8000e068                _signal_r
                0x8000e108                _raise_r
                0x8000e1c0                __sigtramp_r
                0x8000e2b0                raise
                0x8000e378                signal
                0x8000e418                _init_signal
                0x8000e488                __sigtramp
 .text          0x8000e570      0x138 /n64_toolchain/lib/gcc/mips64-elf/13.1.0/../../../../mips64-elf/lib/libc.a(libc_a-fopen.o)
                0x8000e570                _fopen_r
                0x8000e690                fopen
 .text          0x8000e6a8      0x338 /n64_toolchain/lib/gcc/mips64-elf/13.1.0/../../../../mips64-elf/lib/libc.a(libc_a-fflush.o)
                0x8000e6a8                __sflush_r
                0x8000e900                _fflush_r
                0x8000e960                fflush
 .text          0x8000e9e0       0x10 /n64_toolchain/lib/gcc/mips64-elf/13.1.0/../../../../mips64-elf/lib/libc.a(libc_a-mlock.o)
                0x8000e9e0                __malloc_lock
                0x8000e9e8                __malloc_unlock
 .text          0x8000e9f0     0x1390 /n64_toolchain/lib/gcc/mips64-elf/13.1.0/../../../../mips64-elf/lib/libc.a(libc_a-vfiprintf.o)
                0x8000eb28                __sprint_r
                0x8000eb48                _vfiprintf_r
                0x8000fc98                vfiprintf
 .text          0x8000fd80       0x68 /n64_toolchain/lib/gcc/mips64-elf/13.1.0/../../../../mips64-elf/lib/libc.a(libc_a-fprintf.o)
                0x8000fd80                _fprintf_r
                0x8000fda8                fprintf
 .text          0x8000fde8     0x1438 /n64_toolchain/lib/gcc/mips64-elf/13.1.0/../../../../mips64-elf/lib/libc.a(libc_a-mprec.o)
                0x8000fde8                _Balloc
                0x8000fe98                _Bfree
                0x8000fec8                __multadd
                0x80010028                __s2b
                0x800101a8                __hi0bits
                0x80010230                __lo0bits
                0x800102f8                __i2b
                0x800103d0                __multiply
                0x80010660                __pow5mult
                0x800107c8                __lshift
                0x80010980                __mcmp
                0x800109e8                __mdiff
                0x80010c70                __ulp
                0x80010d20                __b2d
                0x80010eb8                __d2b
                0x80011018                __ratio
                0x800110d8                _mprec_log10
                0x80011118                __copybits
                0x800111a0                __any_on
 .text          0x80011220       0x70 /n64_toolchain/lib/gcc/mips64-elf/13.1.0/../../../../mips64-elf/lib/libc.a(libc_a-strrchr.o)
                0x80011220                strrchr
 .text          0x80011290       0x98 /n64_toolchain/lib/gcc/mips64-elf/13.1.0/../../../../mips64-elf/lib/libc.a(libc_a-strcat.o)
                0x80011290                strcat
 .text          0x80011328       0xd0 /n64_toolchain/lib/gcc/mips64-elf/13.1.0/../../../../mips64-elf/lib/libc.a(libc_a-fputc.o)
                0x80011328                _fputc_r
                0x80011388                fputc
 .text          0x800113f8      0x460 /n64_toolchain/lib/gcc/mips64-elf/13.1.0/../../../../mips64-elf/lib/libc.a(libc_a-strerror.o)
                0x800113f8                _strerror_r
                0x80011828                strerror
                0x80011840                strerror_l
 .text          0x80011858      0x570 /n64_toolchain/lib/gcc/mips64-elf/13.1.0/../../../../mips64-elf/lib/libc.a(libc_a-fvwrite.o)
                0x80011858                __sfvwrite_r
 .text          0x80011dc8      0x198 /n64_toolchain/lib/gcc/mips64-elf/13.1.0/../../../../mips64-elf/lib/libc.a(libc_a-fgets.o)
                0x80011dc8                _fgets_r
                0x80011f48                fgets
 .text          0x80011f60      0x140 /n64_toolchain/lib/gcc/mips64-elf/13.1.0/../../../../mips64-elf/lib/libc.a(libc_a-fclose.o)
                0x80011f60                _fclose_r
                0x80012090                fclose
 .text          0x800120a0       0xf0 /n64_toolchain/lib/gcc/mips64-elf/13.1.0/../../../../mips64-elf/lib/libc.a(libc_a-strncmp.o)
                0x800120a0                strncmp
 .text          0x80012190       0xc0 /n64_toolchain/lib/gcc/mips64-elf/13.1.0/../../../../mips64-elf/lib/libc.a(libc_a-fwalk.o)
                0x80012190                _fwalk_sglue
 .text          0x80012250      0x330 /n64_toolchain/lib/gcc/mips64-elf/13.1.0/../../../../mips64-elf/lib/libc.a(libc_a-fread.o)
                0x80012250                _fread_r
                0x80012550                fread
 .text          0x80012580      0x1f8 /n64_toolchain/lib/gcc/mips64-elf/13.1.0/../../../../mips64-elf/lib/libc.a(libc_a-fwrite.o)
                0x80012580                _fwrite_r
                0x80012688                fwrite
 .text          0x80012778      0x3a8 /n64_toolchain/lib/gcc/mips64-elf/13.1.0/../../../../mips64-elf/lib/libc.a(libc_a-findfp.o)
                0x80012970                __sfp
                0x80012ab0                __sinit
                0x80012ae0                __sfp_lock_acquire
                0x80012ae8                __sfp_lock_release
                0x80012af0                __fp_lock_all
                0x80012b08                __fp_unlock_all
 .text          0x80012b20      0x5d0 /n64_toolchain/lib/gcc/mips64-elf/13.1.0/../../../../mips64-elf/lib/libc.a(libc_a-reallocr.o)
                0x80012b20                _realloc_r
 .text          0x800130f0       0xc8 /n64_toolchain/lib/gcc/mips64-elf/13.1.0/../../../../mips64-elf/lib/libc.a(libc_a-flags.o)
                0x800130f0                __sflags
 .text          0x800131b8       0x58 /n64_toolchain/lib/gcc/mips64-elf/13.1.0/../../../../mips64-elf/lib/libc.a(libc_a-rand.o)
                0x800131b8                srand
                0x800131d0                rand
 .text          0x80013210       0x20 /n64_toolchain/lib/gcc/mips64-elf/13.1.0/../../../../mips64-elf/lib/libc.a(libc_a-fseek.o)
                0x80013210                _fseek_r
                0x80013218                fseek
 .text          0x80013230     0x18e8 /n64_toolchain/lib/gcc/mips64-elf/13.1.0/../../../../mips64-elf/lib/libc.a(libc_a-strtod.o)
                0x80013298                _strtod_l
                0x800148c0                _strtod_r
                0x800148d0                strtod_l
                0x800148e8                strtod
                0x80014908                strtof_l
                0x800149f0                strtof
 .text          0x80014b18        0x8 /n64_toolchain/lib/gcc/mips64-elf/13.1.0/../../../../mips64-elf/lib/libc.a(libc_a-u_strerr.o)
                0x80014b18                _user_strerror
 .text          0x80014b20       0x18 /n64_toolchain/lib/gcc/mips64-elf/13.1.0/../../../../mips64-elf/lib/libc.a(libc_a-ftell.o)
                0x80014b20                _ftell_r
                0x80014b28                ftell
 .text          0x80014b38      0x278 /n64_toolchain/lib/gcc/mips64-elf/13.1.0/../../../../mips64-elf/lib/libc.a(libc_a-strtol.o)
                0x80014d78                _strtol_r
                0x80014d80                strtol_l
                0x80014d98                strtol
 .text          0x80014db0      0x1b8 /n64_toolchain/lib/gcc/mips64-elf/13.1.0/../../../../mips64-elf/lib/libc.a(libc_a-fputwc.o)
                0x80014db0                __fputwc
                0x80014ec8                _fputwc_r
                0x80014ef0                fputwc
 .text          0x80014f68      0x250 /n64_toolchain/lib/gcc/mips64-elf/13.1.0/../../../../mips64-elf/lib/libc.a(libc_a-strtoul.o)
                0x80015180                _strtoul_r
                0x80015188                strtoul_l
                0x800151a0                strtoul
 .text          0x800151b8      0x120 /n64_toolchain/lib/gcc/mips64-elf/13.1.0/../../../../mips64-elf/lib/libc.a(libc_a-locale.o)
                0x800151b8                _setlocale_r
                0x80015240                __locale_mb_cur_max
                0x80015250                setlocale
 .text          0x800152d8      0xb50 /n64_toolchain/lib/gcc/mips64-elf/13.1.0/../../../../mips64-elf/lib/libc.a(libc_a-strstr.o)
                0x80015b38                strstr
 .text          0x80015e28       0x28 /n64_toolchain/lib/gcc/mips64-elf/13.1.0/../../../../mips64-elf/lib/libc.a(libc_a-localeconv.o)
                0x80015e28                __localeconv_l
                0x80015e30                _localeconv_r
                0x80015e40                localeconv
 .text          0x80015e50       0x48 /n64_toolchain/lib/gcc/mips64-elf/13.1.0/../../../../mips64-elf/lib/libc.a(libc_a-wctomb_r.o)
                0x80015e50                _wctomb_r
                0x80015e60                __ascii_wctomb
 .text          0x80015e98       0x60 /n64_toolchain/lib/gcc/mips64-elf/13.1.0/../../../../mips64-elf/lib/libc.a(libc_a-signalr.o)
                0x80015e98                _kill_r
                0x80015ef0                _getpid_r
 .text          0x80015ef8       0x50 /n64_toolchain/lib/gcc/mips64-elf/13.1.0/../../../../mips64-elf/lib/libc.a(libc_a-closer.o)
                0x80015ef8                _close_r
 .text          0x80015f48       0x50 /n64_toolchain/lib/gcc/mips64-elf/13.1.0/../../../../mips64-elf/lib/libc.a(libc_a-sbrkr.o)
                0x80015f48                _sbrk_r
 .text          0x80015f98       0x60 /n64_toolchain/lib/gcc/mips64-elf/13.1.0/../../../../mips64-elf/lib/libc.a(libc_a-lseekr.o)
                0x80015f98                _lseek_r
 .text          0x80015ff8       0x60 /n64_toolchain/lib/gcc/mips64-elf/13.1.0/../../../../mips64-elf/lib/libc.a(libc_a-openr.o)
                0x80015ff8                _open_r
 .text          0x80016058       0x60 /n64_toolchain/lib/gcc/mips64-elf/13.1.0/../../../../mips64-elf/lib/libc.a(libc_a-readr.o)
                0x80016058                _read_r
 .text          0x800160b8       0x60 /n64_toolchain/lib/gcc/mips64-elf/13.1.0/../../../../mips64-elf/lib/libc.a(libc_a-writer.o)
                0x800160b8                _write_r
 .text          0x80016118        0x8 /n64_toolchain/lib/gcc/mips64-elf/13.1.0/../../../../mips64-elf/lib/libc.a(libc_a-errno.o)
                0x80016118                __errno
 .text          0x80016120       0x18 /n64_toolchain/lib/gcc/mips64-elf/13.1.0/../../../../mips64-elf/lib/libc.a(libc_a-strlen.o)
                0x80016120                strlen
 .text          0x80016138      0x240 /n64_toolchain/lib/gcc/mips64-elf/13.1.0/../../../../mips64-elf/lib/libc.a(libc_a-strcmp.o)
                0x80016138                strcmp
 .text          0x80016378        0x8 /n64_toolchain/lib/gcc/mips64-elf/13.1.0/../../../../mips64-elf/lib/libc.a(libm_a-s_nan.o)
                0x80016378                nan
 .text          0x80016380        0x8 /n64_toolchain/lib/gcc/mips64-elf/13.1.0/../../../../mips64-elf/lib/libc.a(libm_a-sf_nan.o)
                0x80016380                nanf
 .text          0x80016388      0x258 /n64_toolchain/lib/gcc/mips64-elf/13.1.0/../../../../mips64-elf/lib/libc.a(libc_a-strtoll.o)
                0x800165a8                _strtoll_r
                0x800165b0                strtoll_l
                0x800165c8                strtoll
 .text          0x800165e0      0x270 /n64_toolchain/lib/gcc/mips64-elf/13.1.0/../../../../mips64-elf/lib/libc.a(libc_a-strtoull.o)
                0x80016818                _strtoull_r
                0x80016820                strtoull_l
                0x80016838                strtoull
 .text          0x80016850        0x8 /n64_toolchain/lib/gcc/mips64-elf/13.1.0/../../../../mips64-elf/lib/libc.a(libc_a-iswspace.o)
                0x80016850                iswspace
 .text          0x80016858      0x128 /n64_toolchain/lib/gcc/mips64-elf/13.1.0/../../../../mips64-elf/lib/libc.a(libc_a-mbrtowc.o)
                0x80016858                _mbrtowc_r
                0x800168e8                mbrtowc
 .text          0x80016980      0x258 /n64_toolchain/lib/gcc/mips64-elf/13.1.0/../../../../mips64-elf/lib/libc.a(libc_a-makebuf.o)
                0x80016980                __smakebuf_r
                0x80016b28                __swhatbuf_r
 .text          0x80016bd8       0x28 /n64_toolchain/lib/gcc/mips64-elf/13.1.0/../../../../mips64-elf/lib/libc.a(libc_a-iswspace_l.o)
                0x80016bd8                iswspace_l
 .text          0x80016c00      0x160 /n64_toolchain/lib/gcc/mips64-elf/13.1.0/../../../../mips64-elf/lib/libc.a(libc_a-putc.o)
                0x80016c00                _putc_r
                0x80016ca8                putc
 .text          0x80016d60       0xf8 /n64_toolchain/lib/gcc/mips64-elf/13.1.0/../../../../mips64-elf/lib/libc.a(libc_a-sccl.o)
                0x80016d60                __sccl
 .text          0x80016e58      0x118 /n64_toolchain/lib/gcc/mips64-elf/13.1.0/../../../../mips64-elf/lib/libc.a(libc_a-wcrtomb.o)
                0x80016e58                _wcrtomb_r
                0x80016ed8                wcrtomb
 .text          0x80016f70      0x228 /n64_toolchain/lib/gcc/mips64-elf/13.1.0/../../../../mips64-elf/lib/libc.a(libc_a-refill.o)
                0x80016f98                __srefill_r
 .text          0x80017198     0x1118 /n64_toolchain/lib/gcc/mips64-elf/13.1.0/../../../../mips64-elf/lib/libc.a(libc_a-svfiprintf.o)
                0x80017198                __ssprint_r
                0x800173e0                _svfiprintf_r
 .text          0x800182b0     0x17c0 /n64_toolchain/lib/gcc/mips64-elf/13.1.0/../../../../mips64-elf/lib/libc.a(libc_a-svfiscanf.o)
                0x800182b0                _sungetc_r
                0x800183d0                __ssrefill_r
                0x80018448                _sfread_r
                0x800185e0                __ssvfiscanf_r
 .text          0x80019a70      0x170 /n64_toolchain/lib/gcc/mips64-elf/13.1.0/../../../../mips64-elf/lib/libc.a(libc_a-wsetup.o)
                0x80019a70                __swsetup_r
 .text          0x80019be0      0x188 /n64_toolchain/lib/gcc/mips64-elf/13.1.0/../../../../mips64-elf/lib/libc.a(libc_a-strchr.o)
                0x80019be0                strchr
 .text          0x80019d68      0xa70 /n64_toolchain/lib/gcc/mips64-elf/13.1.0/../../../../mips64-elf/lib/libc.a(libc_a-gdtoa-gethex.o)
                0x80019e70                __gethex
 .text          0x8001a7d8      0x4e8 /n64_toolchain/lib/gcc/mips64-elf/13.1.0/../../../../mips64-elf/lib/libc.a(libc_a-gdtoa-hexnan.o)
                0x8001a7d8                __match
                0x8001a828                __hexnan
 .text          0x8001acc0      0x4b8 /n64_toolchain/lib/gcc/mips64-elf/13.1.0/../../../../mips64-elf/lib/libc.a(libc_a-fseeko.o)
                0x8001acc0                _fseeko_r
                0x8001b160                fseeko
 .text          0x8001b178      0x2b8 /n64_toolchain/lib/gcc/mips64-elf/13.1.0/../../../../mips64-elf/lib/libc.a(libc_a-ungetc.o)
                0x8001b178                __submore
                0x8001b248                _ungetc_r
                0x8001b418                ungetc
 .text          0x8001b430      0x148 /n64_toolchain/lib/gcc/mips64-elf/13.1.0/../../../../mips64-elf/lib/libc.a(libc_a-ftello.o)
                0x8001b430                _ftello_r
                0x8001b568                ftello
 .text          0x8001b578      0x1b8 /n64_toolchain/lib/gcc/mips64-elf/13.1.0/../../../../mips64-elf/lib/libc.a(libc_a-wbuf.o)
                0x8001b578                __swbuf_r
                0x8001b718                __swbuf
 .text          0x8001b730       0x48 /n64_toolchain/lib/gcc/mips64-elf/13.1.0/../../../../mips64-elf/lib/libc.a(libc_a-strnlen.o)
                0x8001b730                strnlen
 .text          0x8001b778       0x70 /n64_toolchain/lib/gcc/mips64-elf/13.1.0/../../../../mips64-elf/lib/libc.a(libc_a-mbtowc_r.o)
                0x8001b778                _mbtowc_r
                0x8001b788                __ascii_mbtowc
 .text          0x8001b7e8       0x58 /n64_toolchain/lib/gcc/mips64-elf/13.1.0/../../../../mips64-elf/lib/libc.a(libc_a-fstatr.o)
                0x8001b7e8                _fstat_r
 .text          0x8001b840       0x50 /n64_toolchain/lib/gcc/mips64-elf/13.1.0/../../../../mips64-elf/lib/libc.a(libc_a-isattyr.o)
                0x8001b840                _isatty_r
 *(.text.*)
 *fill*         0x8001b890       0x10 
 .text.setup_cube
                0x8001b8a0       0xc0 build/src/siemon_64.o
                0x8001b8a0                setup_cube
 .text.setup_sphere
                0x8001b960       0xc0 build/src/siemon_64.o
                0x8001b960                setup_sphere
 .text.make_sphere_vertex
                0x8001ba20      0x180 build/src/siemon_64.o
                0x8001ba20                make_sphere_vertex
 .text.draw_sphere_internal
                0x8001bba0       0xa0 build/src/siemon_64.o
                0x8001bba0                draw_sphere_internal
 .text.make_sphere_mesh
                0x8001bc40      0x320 build/src/siemon_64.o
                0x8001bc40                make_sphere_mesh
 .text.setup_plane
                0x8001bf60       0xa0 build/src/siemon_64.o
                0x8001bf60                setup_plane
 .text.make_plane_mesh
                0x8001c000      0x1a0 build/src/siemon_64.o
                0x8001c000                make_plane_mesh
 .text.draw_plane
                0x8001c1a0       0x60 build/src/siemon_64.o
                0x8001c1a0                draw_plane
 .text.perlin2d
                0x8001c200      0x2c0 build/src/siemon_64.o
                0x8001c200                perlin2d
 .text.initialize_maze_gen
                0x8001c4c0      0x120 build/src/siemon_64.o
                0x8001c4c0                initialize_maze_gen
 .text.generate_maze
                0x8001c5e0      0x5c0 build/src/siemon_64.o
                0x8001c5e0                generate_maze
 .text.parsePapagayoFile
                0x8001cba0      0x1e0 build/src/siemon_64.o
                0x8001cba0                parsePapagayoFile
 .text.build_texture_map
                0x8001cd80      0x200 build/src/siemon_64.o
                0x8001cd80                build_texture_map
 .text.setup_renderer
                0x8001cf80      0x2c0 build/src/siemon_64.o
                0x8001cf80                setup_renderer
 .text.draw_quad
                0x8001d240      0x2c0 build/src/siemon_64.o
                0x8001d240                draw_quad
 .text.check_for_maze_collision
                0x8001d500      0x160 build/src/siemon_64.o
                0x8001d500                check_for_maze_collision
 .text.drawCube
                0x8001d660      0x100 build/src/siemon_64.o
                0x8001d660                drawCube
 .text.draw_collectible
                0x8001d760       0xc0 build/src/siemon_64.o
                0x8001d760                draw_collectible
 .text.drawFloor
                0x8001d820       0xe0 build/src/siemon_64.o
                0x8001d820                drawFloor
 .text.renderMaze
                0x8001d900      0x2a0 build/src/siemon_64.o
                0x8001d900                renderMaze
 .text.tintScreenRed
                0x8001dba0      0x140 build/src/siemon_64.o
                0x8001dba0                tintScreenRed
 .text.tintScreenRGB
                0x8001dce0      0x160 build/src/siemon_64.o
                0x8001dce0                tintScreenRGB
 .text.getFrameNumberByVoiceLineTime
                0x8001de40       0xc0 build/src/siemon_64.o
                0x8001de40                getFrameNumberByVoiceLineTime
 .text.render_game
                0x8001df00      0x3e0 build/src/siemon_64.o
                0x8001df00                render_game
 .text.setup_game
                0x8001e2e0       0x80 build/src/siemon_64.o
                0x8001e2e0                setup_game
 .text.move_simon_towards_player
                0x8001e360      0x180 build/src/siemon_64.o
                0x8001e360                move_simon_towards_player
 .text.do_player_looking_logic
                0x8001e4e0       0xc0 build/src/siemon_64.o
                0x8001e4e0                do_player_looking_logic
 .text.do_player_movement_logic
                0x8001e5a0      0x480 build/src/siemon_64.o
                0x8001e5a0                do_player_movement_logic
 .text.play_simon_game_messages
                0x8001ea20      0x300 build/src/siemon_64.o
                0x8001ea20                play_simon_game_messages
 .text.simon_look_at_player
                0x8001ed20       0xc0 build/src/siemon_64.o
                0x8001ed20                simon_look_at_player
 .text.step_through_game
                0x8001ede0      0x3e0 build/src/siemon_64.o
                0x8001ede0                step_through_game
 .text.startup.main
                0x8001f1c0      0xc00 build/src/siemon_64.o
                0x8001f1c0                main
 .text.isviewer_write
                0x8001fdc0       0x80 /n64_toolchain/lib/gcc/mips64-elf/13.1.0/../../../../mips64-elf/lib/libdragon.a(debug.o)
 .text.__stderr_write
                0x8001fe40       0x80 /n64_toolchain/lib/gcc/mips64-elf/13.1.0/../../../../mips64-elf/lib/libdragon.a(debug.o)
 .text.usblog_write
                0x8001fec0       0x20 /n64_toolchain/lib/gcc/mips64-elf/13.1.0/../../../../mips64-elf/lib/libdragon.a(debug.o)
 .text.cb.0     0x8001fee0       0xa0 /n64_toolchain/lib/gcc/mips64-elf/13.1.0/../../../../mips64-elf/lib/libdragon.a(debug.o)
 .text.debug_init_usblog
                0x8001ff80       0xe0 /n64_toolchain/lib/gcc/mips64-elf/13.1.0/../../../../mips64-elf/lib/libdragon.a(debug.o)
                0x8001ff80                debug_init_usblog
 .text.debug_init_isviewer
                0x80020060       0xc0 /n64_toolchain/lib/gcc/mips64-elf/13.1.0/../../../../mips64-elf/lib/libdragon.a(debug.o)
                0x80020060                debug_init_isviewer
 .text.debug_assert_func_f
                0x80020120       0xe0 /n64_toolchain/lib/gcc/mips64-elf/13.1.0/../../../../mips64-elf/lib/libdragon.a(debug.o)
                0x80020120                debug_assert_func_f
 .text.debug_assert_func
                0x80020200       0x20 /n64_toolchain/lib/gcc/mips64-elf/13.1.0/../../../../mips64-elf/lib/libdragon.a(debug.o)
                0x80020200                debug_assert_func
 .text.debug_hexdump
                0x80020220      0x280 /n64_toolchain/lib/gcc/mips64-elf/13.1.0/../../../../mips64-elf/lib/libdragon.a(debug.o)
                0x80020220                debug_hexdump
 .text.__debug_backtrace
                0x800204a0      0x100 /n64_toolchain/lib/gcc/mips64-elf/13.1.0/../../../../mips64-elf/lib/libdragon.a(debug.o)
                0x800204a0                __debug_backtrace
 .text.debug_backtrace
                0x800205a0       0x20 /n64_toolchain/lib/gcc/mips64-elf/13.1.0/../../../../mips64-elf/lib/libdragon.a(debug.o)
                0x800205a0                debug_backtrace
 .text.usb_64drive_read
                0x800205c0       0x60 /n64_toolchain/lib/gcc/mips64-elf/13.1.0/../../../../mips64-elf/lib/libdragon.a(usb.o)
 .text.usb_64drive_poll
                0x80020620      0x1a0 /n64_toolchain/lib/gcc/mips64-elf/13.1.0/../../../../mips64-elf/lib/libdragon.a(usb.o)
 .text.usb_everdrive_usbbusy
                0x800207c0       0xe0 /n64_toolchain/lib/gcc/mips64-elf/13.1.0/../../../../mips64-elf/lib/libdragon.a(usb.o)
 .text.usb_everdrive_readusb
                0x800208a0       0xc0 /n64_toolchain/lib/gcc/mips64-elf/13.1.0/../../../../mips64-elf/lib/libdragon.a(usb.o)
 .text.usb_everdrive_poll
                0x80020960      0x200 /n64_toolchain/lib/gcc/mips64-elf/13.1.0/../../../../mips64-elf/lib/libdragon.a(usb.o)
 .text.usb_everdrive_write
                0x80020b60      0x200 /n64_toolchain/lib/gcc/mips64-elf/13.1.0/../../../../mips64-elf/lib/libdragon.a(usb.o)
 .text.usb_sc64_read
                0x80020d60       0x60 /n64_toolchain/lib/gcc/mips64-elf/13.1.0/../../../../mips64-elf/lib/libdragon.a(usb.o)
 .text.usb_everdrive_read
                0x80020dc0       0x60 /n64_toolchain/lib/gcc/mips64-elf/13.1.0/../../../../mips64-elf/lib/libdragon.a(usb.o)
 .text.usb_sc64_poll
                0x80020e20      0x160 /n64_toolchain/lib/gcc/mips64-elf/13.1.0/../../../../mips64-elf/lib/libdragon.a(usb.o)
 .text.usb_write
                0x80020f80       0x40 /n64_toolchain/lib/gcc/mips64-elf/13.1.0/../../../../mips64-elf/lib/libdragon.a(usb.o)
                0x80020f80                usb_write
 .text.usb_sendheartbeat
                0x80020fc0       0x60 /n64_toolchain/lib/gcc/mips64-elf/13.1.0/../../../../mips64-elf/lib/libdragon.a(usb.o)
                0x80020fc0                usb_sendheartbeat
 .text.usb_initialize
                0x80021020      0x1c0 /n64_toolchain/lib/gcc/mips64-elf/13.1.0/../../../../mips64-elf/lib/libdragon.a(usb.o)
                0x80021020                usb_initialize
 .text.usb_64drive_wait
                0x800211e0       0xc0 /n64_toolchain/lib/gcc/mips64-elf/13.1.0/../../../../mips64-elf/lib/libdragon.a(usb.o)
                0x800211e0                usb_64drive_wait
 .text.usb_64drive_write
                0x800212a0      0x240 /n64_toolchain/lib/gcc/mips64-elf/13.1.0/../../../../mips64-elf/lib/libdragon.a(usb.o)
 .text.usb_sc64_execute_cmd
                0x800214e0       0xc0 /n64_toolchain/lib/gcc/mips64-elf/13.1.0/../../../../mips64-elf/lib/libdragon.a(usb.o)
                0x800214e0                usb_sc64_execute_cmd
 .text.usb_sc64_write
                0x800215a0      0x2a0 /n64_toolchain/lib/gcc/mips64-elf/13.1.0/../../../../mips64-elf/lib/libdragon.a(usb.o)
 .text.get_next_token
                0x80021840       0xc0 /n64_toolchain/lib/gcc/mips64-elf/13.1.0/../../../../mips64-elf/lib/libdragon.a(dragonfs.o)
 .text.recurse_path
                0x80021900      0x3c0 /n64_toolchain/lib/gcc/mips64-elf/13.1.0/../../../../mips64-elf/lib/libdragon.a(dragonfs.o)
 .text.__close  0x80021cc0       0x80 /n64_toolchain/lib/gcc/mips64-elf/13.1.0/../../../../mips64-elf/lib/libdragon.a(dragonfs.o)
 .text.__fstat  0x80021d40       0xa0 /n64_toolchain/lib/gcc/mips64-elf/13.1.0/../../../../mips64-elf/lib/libdragon.a(dragonfs.o)
 .text.dfs_dir_findfirst
                0x80021de0       0xc0 /n64_toolchain/lib/gcc/mips64-elf/13.1.0/../../../../mips64-elf/lib/libdragon.a(dragonfs.o)
                0x80021de0                dfs_dir_findfirst
 .text.__findfirst
                0x80021ea0       0x80 /n64_toolchain/lib/gcc/mips64-elf/13.1.0/../../../../mips64-elf/lib/libdragon.a(dragonfs.o)
 .text.dfs_dir_findnext
                0x80021f20       0xc0 /n64_toolchain/lib/gcc/mips64-elf/13.1.0/../../../../mips64-elf/lib/libdragon.a(dragonfs.o)
                0x80021f20                dfs_dir_findnext
 .text.__findnext
                0x80021fe0       0x80 /n64_toolchain/lib/gcc/mips64-elf/13.1.0/../../../../mips64-elf/lib/libdragon.a(dragonfs.o)
 .text.dfs_open
                0x80022060      0x120 /n64_toolchain/lib/gcc/mips64-elf/13.1.0/../../../../mips64-elf/lib/libdragon.a(dragonfs.o)
                0x80022060                dfs_open
 .text.__open   0x80022180      0x120 /n64_toolchain/lib/gcc/mips64-elf/13.1.0/../../../../mips64-elf/lib/libdragon.a(dragonfs.o)
 .text.dfs_close
                0x800222a0       0x80 /n64_toolchain/lib/gcc/mips64-elf/13.1.0/../../../../mips64-elf/lib/libdragon.a(dragonfs.o)
                0x800222a0                dfs_close
 .text.dfs_seek
                0x80022320      0x100 /n64_toolchain/lib/gcc/mips64-elf/13.1.0/../../../../mips64-elf/lib/libdragon.a(dragonfs.o)
                0x80022320                dfs_seek
 .text.__lseek  0x80022420       0x80 /n64_toolchain/lib/gcc/mips64-elf/13.1.0/../../../../mips64-elf/lib/libdragon.a(dragonfs.o)
 .text.dfs_read
                0x800224a0      0x280 /n64_toolchain/lib/gcc/mips64-elf/13.1.0/../../../../mips64-elf/lib/libdragon.a(dragonfs.o)
                0x800224a0                dfs_read
 .text.__read   0x80022720       0x20 /n64_toolchain/lib/gcc/mips64-elf/13.1.0/../../../../mips64-elf/lib/libdragon.a(dragonfs.o)
 .text.dfs_rom_addr
                0x80022740       0xa0 /n64_toolchain/lib/gcc/mips64-elf/13.1.0/../../../../mips64-elf/lib/libdragon.a(dragonfs.o)
                0x80022740                dfs_rom_addr
 .text.dfs_init
                0x800227e0      0x1e0 /n64_toolchain/lib/gcc/mips64-elf/13.1.0/../../../../mips64-elf/lib/libdragon.a(dragonfs.o)
                0x800227e0                dfs_init
 .text.audio_callback.part.0
                0x800229c0      0x1e0 /n64_toolchain/lib/gcc/mips64-elf/13.1.0/../../../../mips64-elf/lib/libdragon.a(audio.o)
 .text.audio_callback
                0x80022ba0       0x60 /n64_toolchain/lib/gcc/mips64-elf/13.1.0/../../../../mips64-elf/lib/libdragon.a(audio.o)
 .text.audio_init
                0x80022c00      0x200 /n64_toolchain/lib/gcc/mips64-elf/13.1.0/../../../../mips64-elf/lib/libdragon.a(audio.o)
                0x80022c00                audio_init
 .text.audio_write_begin
                0x80022e00      0x100 /n64_toolchain/lib/gcc/mips64-elf/13.1.0/../../../../mips64-elf/lib/libdragon.a(audio.o)
                0x80022e00                audio_write_begin
 .text.audio_write_end
                0x80022f00       0x80 /n64_toolchain/lib/gcc/mips64-elf/13.1.0/../../../../mips64-elf/lib/libdragon.a(audio.o)
                0x80022f00                audio_write_end
 .text.audio_can_write
                0x80022f80       0x40 /n64_toolchain/lib/gcc/mips64-elf/13.1.0/../../../../mips64-elf/lib/libdragon.a(audio.o)
                0x80022f80                audio_can_write
 .text.audio_get_frequency
                0x80022fc0       0x20 /n64_toolchain/lib/gcc/mips64-elf/13.1.0/../../../../mips64-elf/lib/libdragon.a(audio.o)
                0x80022fc0                audio_get_frequency
 .text.audio_get_buffer_length
                0x80022fe0       0x20 /n64_toolchain/lib/gcc/mips64-elf/13.1.0/../../../../mips64-elf/lib/libdragon.a(audio.o)
                0x80022fe0                audio_get_buffer_length
 .text.__display_callback
                0x80023000       0xc0 /n64_toolchain/lib/gcc/mips64-elf/13.1.0/../../../../mips64-elf/lib/libdragon.a(display.o)
 .text.display_show.part.0
                0x800230c0      0x140 /n64_toolchain/lib/gcc/mips64-elf/13.1.0/../../../../mips64-elf/lib/libdragon.a(display.o)
 .text.display_init
                0x80023200      0x600 /n64_toolchain/lib/gcc/mips64-elf/13.1.0/../../../../mips64-elf/lib/libdragon.a(display.o)
                0x80023200                display_init
 .text.display_close
                0x80023800      0x100 /n64_toolchain/lib/gcc/mips64-elf/13.1.0/../../../../mips64-elf/lib/libdragon.a(display.o)
                0x80023800                display_close
 .text.display_try_get
                0x80023900       0xc0 /n64_toolchain/lib/gcc/mips64-elf/13.1.0/../../../../mips64-elf/lib/libdragon.a(display.o)
                0x80023900                display_try_get
 .text.display_get
                0x800239c0      0x100 /n64_toolchain/lib/gcc/mips64-elf/13.1.0/../../../../mips64-elf/lib/libdragon.a(display.o)
                0x800239c0                display_get
 .text.display_show
                0x80023ac0       0x20 /n64_toolchain/lib/gcc/mips64-elf/13.1.0/../../../../mips64-elf/lib/libdragon.a(display.o)
                0x80023ac0                display_show
 .text.display_show_force
                0x80023ae0       0x40 /n64_toolchain/lib/gcc/mips64-elf/13.1.0/../../../../mips64-elf/lib/libdragon.a(display.o)
                0x80023ae0                display_show_force
 .text.display_get_width
                0x80023b20       0x20 /n64_toolchain/lib/gcc/mips64-elf/13.1.0/../../../../mips64-elf/lib/libdragon.a(display.o)
                0x80023b20                display_get_width
 .text.display_get_height
                0x80023b40       0x20 /n64_toolchain/lib/gcc/mips64-elf/13.1.0/../../../../mips64-elf/lib/libdragon.a(display.o)
                0x80023b40                display_get_height
 .text.display_get_bitdepth
                0x80023b60       0x20 /n64_toolchain/lib/gcc/mips64-elf/13.1.0/../../../../mips64-elf/lib/libdragon.a(display.o)
                0x80023b60                display_get_bitdepth
 .text.tex_format_name
                0x80023b80       0x40 /n64_toolchain/lib/gcc/mips64-elf/13.1.0/../../../../mips64-elf/lib/libdragon.a(surface.o)
                0x80023b80                tex_format_name
 .text.surface_alloc
                0x80023bc0       0xe0 /n64_toolchain/lib/gcc/mips64-elf/13.1.0/../../../../mips64-elf/lib/libdragon.a(surface.o)
                0x80023bc0                surface_alloc
 .text.surface_free
                0x80023ca0       0x80 /n64_toolchain/lib/gcc/mips64-elf/13.1.0/../../../../mips64-elf/lib/libdragon.a(surface.o)
                0x80023ca0                surface_free
 .text.controller_interrupt_update
                0x80023d20       0x80 /n64_toolchain/lib/gcc/mips64-elf/13.1.0/../../../../mips64-elf/lib/libdragon.a(controller.o)
 .text.controller_interrupt
                0x80023da0       0x40 /n64_toolchain/lib/gcc/mips64-elf/13.1.0/../../../../mips64-elf/lib/libdragon.a(controller.o)
 .text.controller_init
                0x80023de0       0xa0 /n64_toolchain/lib/gcc/mips64-elf/13.1.0/../../../../mips64-elf/lib/libdragon.a(controller.o)
                0x80023de0                controller_init
 .text.controller_read
                0x80023e80       0x20 /n64_toolchain/lib/gcc/mips64-elf/13.1.0/../../../../mips64-elf/lib/libdragon.a(controller.o)
                0x80023e80                controller_read
 .text.controller_scan
                0x80023ea0      0x100 /n64_toolchain/lib/gcc/mips64-elf/13.1.0/../../../../mips64-elf/lib/libdragon.a(controller.o)
                0x80023ea0                controller_scan
 .text.get_keys_down
                0x80023fa0       0xa0 /n64_toolchain/lib/gcc/mips64-elf/13.1.0/../../../../mips64-elf/lib/libdragon.a(controller.o)
                0x80023fa0                get_keys_down
 .text.get_keys_pressed
                0x80024040       0x60 /n64_toolchain/lib/gcc/mips64-elf/13.1.0/../../../../mips64-elf/lib/libdragon.a(controller.o)
                0x80024040                get_keys_pressed
 .text.rsp_load_code
                0x800240a0      0x100 /n64_toolchain/lib/gcc/mips64-elf/13.1.0/../../../../mips64-elf/lib/libdragon.a(rsp.o)
                0x800240a0                rsp_load_code
 .text.rsp_load_data
                0x800241a0       0xe0 /n64_toolchain/lib/gcc/mips64-elf/13.1.0/../../../../mips64-elf/lib/libdragon.a(rsp.o)
                0x800241a0                rsp_load_data
 .text.rsp_load
                0x80024280       0x60 /n64_toolchain/lib/gcc/mips64-elf/13.1.0/../../../../mips64-elf/lib/libdragon.a(rsp.o)
                0x80024280                rsp_load
 .text.rsp_read_code
                0x800242e0       0xe0 /n64_toolchain/lib/gcc/mips64-elf/13.1.0/../../../../mips64-elf/lib/libdragon.a(rsp.o)
                0x800242e0                rsp_read_code
 .text.rsp_read_data
                0x800243c0       0xe0 /n64_toolchain/lib/gcc/mips64-elf/13.1.0/../../../../mips64-elf/lib/libdragon.a(rsp.o)
                0x800243c0                rsp_read_data
 .text.__rsp_run_async
                0x800244a0       0x40 /n64_toolchain/lib/gcc/mips64-elf/13.1.0/../../../../mips64-elf/lib/libdragon.a(rsp.o)
                0x800244a0                __rsp_run_async
 .text.__rsp_crash
                0x800244e0      0xbe0 /n64_toolchain/lib/gcc/mips64-elf/13.1.0/../../../../mips64-elf/lib/libdragon.a(rsp.o)
                0x800244e0                __rsp_crash
 .text.__rsp_check_assert
                0x800250c0       0x80 /n64_toolchain/lib/gcc/mips64-elf/13.1.0/../../../../mips64-elf/lib/libdragon.a(rsp.o)
                0x800250c0                __rsp_check_assert
 .text.rsp_wait
                0x80025140      0x100 /n64_toolchain/lib/gcc/mips64-elf/13.1.0/../../../../mips64-elf/lib/libdragon.a(rsp.o)
                0x80025140                rsp_wait
 .text.rsp_run  0x80025240       0x60 /n64_toolchain/lib/gcc/mips64-elf/13.1.0/../../../../mips64-elf/lib/libdragon.a(rsp.o)
                0x80025240                rsp_run
 .text.cb.2     0x800252a0       0x60 /n64_toolchain/lib/gcc/mips64-elf/13.1.0/../../../../mips64-elf/lib/libdragon.a(inspector.o)
 .text.cb.1     0x80025300       0x60 /n64_toolchain/lib/gcc/mips64-elf/13.1.0/../../../../mips64-elf/lib/libdragon.a(inspector.o)
 .text.cb.0     0x80025360      0x120 /n64_toolchain/lib/gcc/mips64-elf/13.1.0/../../../../mips64-elf/lib/libdragon.a(inspector.o)
 .text.cb.3     0x80025480      0x120 /n64_toolchain/lib/gcc/mips64-elf/13.1.0/../../../../mips64-elf/lib/libdragon.a(inspector.o)
 .text.inspector_stdout
                0x800255a0      0x240 /n64_toolchain/lib/gcc/mips64-elf/13.1.0/../../../../mips64-elf/lib/libdragon.a(inspector.o)
 .text.title    0x800257e0       0xa0 /n64_toolchain/lib/gcc/mips64-elf/13.1.0/../../../../mips64-elf/lib/libdragon.a(inspector.o)
 .text.mips_disasm
                0x80025880      0x640 /n64_toolchain/lib/gcc/mips64-elf/13.1.0/../../../../mips64-elf/lib/libdragon.a(inspector.o)
 .text.inspector
                0x80025ec0      0xc40 /n64_toolchain/lib/gcc/mips64-elf/13.1.0/../../../../mips64-elf/lib/libdragon.a(inspector.o)
 .text.handler.4
                0x80026b00       0x40 /n64_toolchain/lib/gcc/mips64-elf/13.1.0/../../../../mips64-elf/lib/libdragon.a(inspector.o)
 .text.__inspector_exception
                0x80026b40       0x20 /n64_toolchain/lib/gcc/mips64-elf/13.1.0/../../../../mips64-elf/lib/libdragon.a(inspector.o)
                0x80026b40                __inspector_exception
 .text.__inspector_assertion
                0x80026b60       0x20 /n64_toolchain/lib/gcc/mips64-elf/13.1.0/../../../../mips64-elf/lib/libdragon.a(inspector.o)
                0x80026b60                __inspector_assertion
 .text.startup.__inspector_init
                0x80026b80       0x20 /n64_toolchain/lib/gcc/mips64-elf/13.1.0/../../../../mips64-elf/lib/libdragon.a(inspector.o)
                0x80026b80                __inspector_init
 .text.__sprite_ext
                0x80026ba0       0xa0 /n64_toolchain/lib/gcc/mips64-elf/13.1.0/../../../../mips64-elf/lib/libdragon.a(sprite.o)
                0x80026ba0                __sprite_ext
 .text.sprite_load
                0x80026c40       0x80 /n64_toolchain/lib/gcc/mips64-elf/13.1.0/../../../../mips64-elf/lib/libdragon.a(sprite.o)
                0x80026c40                sprite_load
 .text.sprite_get_pixels
                0x80026cc0       0x60 /n64_toolchain/lib/gcc/mips64-elf/13.1.0/../../../../mips64-elf/lib/libdragon.a(sprite.o)
                0x80026cc0                sprite_get_pixels
 .text.sprite_get_lod_pixels
                0x80026d20      0x160 /n64_toolchain/lib/gcc/mips64-elf/13.1.0/../../../../mips64-elf/lib/libdragon.a(sprite.o)
                0x80026d20                sprite_get_lod_pixels
 .text.sprite_get_palette
                0x80026e80       0x60 /n64_toolchain/lib/gcc/mips64-elf/13.1.0/../../../../mips64-elf/lib/libdragon.a(sprite.o)
                0x80026e80                sprite_get_palette
 .text.dma_write_raw_async.part.0
                0x80026ee0       0x40 /n64_toolchain/lib/gcc/mips64-elf/13.1.0/../../../../mips64-elf/lib/libdragon.a(dma.o)
 .text.dma_read_raw_async
                0x80026f20       0xa0 /n64_toolchain/lib/gcc/mips64-elf/13.1.0/../../../../mips64-elf/lib/libdragon.a(dma.o)
                0x80026f20                dma_read_raw_async
 .text.dma_read_async
                0x80026fc0      0x3a0 /n64_toolchain/lib/gcc/mips64-elf/13.1.0/../../../../mips64-elf/lib/libdragon.a(dma.o)
                0x80026fc0                dma_read_async
 .text.dma_read
                0x80027360       0x40 /n64_toolchain/lib/gcc/mips64-elf/13.1.0/../../../../mips64-elf/lib/libdragon.a(dma.o)
                0x80027360                dma_read
 .text.dma_write
                0x800273a0       0xa0 /n64_toolchain/lib/gcc/mips64-elf/13.1.0/../../../../mips64-elf/lib/libdragon.a(dma.o)
                0x800273a0                dma_write
 .text.io_read  0x80027440       0x60 /n64_toolchain/lib/gcc/mips64-elf/13.1.0/../../../../mips64-elf/lib/libdragon.a(dma.o)
                0x80027440                io_read
 .text.io_write
                0x800274a0       0x60 /n64_toolchain/lib/gcc/mips64-elf/13.1.0/../../../../mips64-elf/lib/libdragon.a(dma.o)
                0x800274a0                io_write
 .text.cb.0     0x80027500       0x40 /n64_toolchain/lib/gcc/mips64-elf/13.1.0/../../../../mips64-elf/lib/libdragon.a(exception.o)
 .text.cb.1     0x80027540       0x80 /n64_toolchain/lib/gcc/mips64-elf/13.1.0/../../../../mips64-elf/lib/libdragon.a(exception.o)
 .text.__get_exception_name.isra.0
                0x800275c0      0x1a0 /n64_toolchain/lib/gcc/mips64-elf/13.1.0/../../../../mips64-elf/lib/libdragon.a(exception.o)
 .text.__exception_dump_header
                0x80027760      0x260 /n64_toolchain/lib/gcc/mips64-elf/13.1.0/../../../../mips64-elf/lib/libdragon.a(exception.o)
                0x80027760                __exception_dump_header
 .text.__exception_dump_gpr
                0x800279c0      0x160 /n64_toolchain/lib/gcc/mips64-elf/13.1.0/../../../../mips64-elf/lib/libdragon.a(exception.o)
                0x800279c0                __exception_dump_gpr
 .text.__exception_dump_fpr
                0x80027b20      0x2a0 /n64_toolchain/lib/gcc/mips64-elf/13.1.0/../../../../mips64-elf/lib/libdragon.a(exception.o)
                0x80027b20                __exception_dump_fpr
 .text.exception_default_handler
                0x80027dc0      0x1a0 /n64_toolchain/lib/gcc/mips64-elf/13.1.0/../../../../mips64-elf/lib/libdragon.a(exception.o)
                0x80027dc0                exception_default_handler
 .text.__onCriticalException
                0x80027f60       0x60 /n64_toolchain/lib/gcc/mips64-elf/13.1.0/../../../../mips64-elf/lib/libdragon.a(exception.o)
                0x80027f60                __onCriticalException
 .text.register_syscall_handler
                0x80027fc0      0x1a0 /n64_toolchain/lib/gcc/mips64-elf/13.1.0/../../../../mips64-elf/lib/libdragon.a(exception.o)
                0x80027fc0                register_syscall_handler
 .text.__onSyscallException
                0x80028160      0x140 /n64_toolchain/lib/gcc/mips64-elf/13.1.0/../../../../mips64-elf/lib/libdragon.a(exception.o)
                0x80028160                __onSyscallException
 .text.__register_frame_info
                0x800282a0       0x20 /n64_toolchain/lib/gcc/mips64-elf/13.1.0/../../../../mips64-elf/lib/libdragon.a(do_ctors.o)
                0x800282a0                __register_frame_info
 .text.__wrap___do_global_ctors
                0x800282c0       0xe0 /n64_toolchain/lib/gcc/mips64-elf/13.1.0/../../../../mips64-elf/lib/libdragon.a(do_ctors.o)
                0x800282c0                __wrap___do_global_ctors
 .text.mixer_init_samplebuffers
                0x800283a0      0x220 /n64_toolchain/lib/gcc/mips64-elf/13.1.0/../../../../mips64-elf/lib/libdragon.a(mixer.o)
 .text.waveform_read
                0x800285c0      0x1c0 /n64_toolchain/lib/gcc/mips64-elf/13.1.0/../../../../mips64-elf/lib/libdragon.a(mixer.o)
 .text.mixer_ch_set_freq
                0x80028780      0x100 /n64_toolchain/lib/gcc/mips64-elf/13.1.0/../../../../mips64-elf/lib/libdragon.a(mixer.o)
                0x80028780                mixer_ch_set_freq
 .text.mixer_ch_play
                0x80028880      0x300 /n64_toolchain/lib/gcc/mips64-elf/13.1.0/../../../../mips64-elf/lib/libdragon.a(mixer.o)
                0x80028880                mixer_ch_play
 .text.mixer_ch_set_limits
                0x80028b80      0x1a0 /n64_toolchain/lib/gcc/mips64-elf/13.1.0/../../../../mips64-elf/lib/libdragon.a(mixer.o)
                0x80028b80                mixer_ch_set_limits
 .text.mixer_init
                0x80028d20      0x180 /n64_toolchain/lib/gcc/mips64-elf/13.1.0/../../../../mips64-elf/lib/libdragon.a(mixer.o)
                0x80028d20                mixer_init
 .text.mixer_remove_event
                0x80028ea0       0xa0 /n64_toolchain/lib/gcc/mips64-elf/13.1.0/../../../../mips64-elf/lib/libdragon.a(mixer.o)
                0x80028ea0                mixer_remove_event
 .text.mixer_poll
                0x80028f40      0x9e0 /n64_toolchain/lib/gcc/mips64-elf/13.1.0/../../../../mips64-elf/lib/libdragon.a(mixer.o)
                0x80028f40                mixer_poll
 .text.samplebuffer_init
                0x80029920       0xc0 /n64_toolchain/lib/gcc/mips64-elf/13.1.0/../../../../mips64-elf/lib/libdragon.a(samplebuffer.o)
                0x80029920                samplebuffer_init
 .text.samplebuffer_set_bps
                0x800299e0      0x140 /n64_toolchain/lib/gcc/mips64-elf/13.1.0/../../../../mips64-elf/lib/libdragon.a(samplebuffer.o)
                0x800299e0                samplebuffer_set_bps
 .text.samplebuffer_set_waveform
                0x80029b20       0x20 /n64_toolchain/lib/gcc/mips64-elf/13.1.0/../../../../mips64-elf/lib/libdragon.a(samplebuffer.o)
                0x80029b20                samplebuffer_set_waveform
 .text.samplebuffer_close
                0x80029b40       0x20 /n64_toolchain/lib/gcc/mips64-elf/13.1.0/../../../../mips64-elf/lib/libdragon.a(samplebuffer.o)
                0x80029b40                samplebuffer_close
 .text.samplebuffer_get
                0x80029b60      0x1c0 /n64_toolchain/lib/gcc/mips64-elf/13.1.0/../../../../mips64-elf/lib/libdragon.a(samplebuffer.o)
                0x80029b60                samplebuffer_get
 .text.samplebuffer_discard
                0x80029d20      0x120 /n64_toolchain/lib/gcc/mips64-elf/13.1.0/../../../../mips64-elf/lib/libdragon.a(samplebuffer.o)
                0x80029d20                samplebuffer_discard
 .text.samplebuffer_append
                0x80029e40      0x1a0 /n64_toolchain/lib/gcc/mips64-elf/13.1.0/../../../../mips64-elf/lib/libdragon.a(samplebuffer.o)
                0x80029e40                samplebuffer_append
 .text.samplebuffer_flush
                0x80029fe0       0x20 /n64_toolchain/lib/gcc/mips64-elf/13.1.0/../../../../mips64-elf/lib/libdragon.a(samplebuffer.o)
                0x80029fe0                samplebuffer_flush
 .text.waveform_read
                0x8002a000       0xa0 /n64_toolchain/lib/gcc/mips64-elf/13.1.0/../../../../mips64-elf/lib/libdragon.a(wav64.o)
 .text.wav64_open
                0x8002a0a0      0x2a0 /n64_toolchain/lib/gcc/mips64-elf/13.1.0/../../../../mips64-elf/lib/libdragon.a(wav64.o)
                0x8002a0a0                wav64_open
 .text.wav64_play
                0x8002a340       0x20 /n64_toolchain/lib/gcc/mips64-elf/13.1.0/../../../../mips64-elf/lib/libdragon.a(wav64.o)
                0x8002a340                wav64_play
 .text.wav64_set_loop
                0x8002a360       0x40 /n64_toolchain/lib/gcc/mips64-elf/13.1.0/../../../../mips64-elf/lib/libdragon.a(wav64.o)
                0x8002a360                wav64_set_loop
 .text.rspq_sp_interrupt
                0x8002a3a0       0xa0 /n64_toolchain/lib/gcc/mips64-elf/13.1.0/../../../../mips64-elf/lib/libdragon.a(rspq.o)
 .text.rspq_get_current_ovl
                0x8002a440       0xc0 /n64_toolchain/lib/gcc/mips64-elf/13.1.0/../../../../mips64-elf/lib/libdragon.a(rspq.o)
 .text.rspq_switch_context
                0x8002a500       0x60 /n64_toolchain/lib/gcc/mips64-elf/13.1.0/../../../../mips64-elf/lib/libdragon.a(rspq.o)
 .text.rspq_flush_internal
                0x8002a560       0x40 /n64_toolchain/lib/gcc/mips64-elf/13.1.0/../../../../mips64-elf/lib/libdragon.a(rspq.o)
 .text.rspq_crash_handler
                0x8002a5a0      0x340 /n64_toolchain/lib/gcc/mips64-elf/13.1.0/../../../../mips64-elf/lib/libdragon.a(rspq.o)
 .text.rspq_init_context
                0x8002a8e0       0xa0 /n64_toolchain/lib/gcc/mips64-elf/13.1.0/../../../../mips64-elf/lib/libdragon.a(rspq.o)
 .text.rspq_assert_handler
                0x8002a980       0xc0 /n64_toolchain/lib/gcc/mips64-elf/13.1.0/../../../../mips64-elf/lib/libdragon.a(rspq.o)
 .text.rspq_switch_buffer.part.0
                0x8002aa40       0x40 /n64_toolchain/lib/gcc/mips64-elf/13.1.0/../../../../mips64-elf/lib/libdragon.a(rspq.o)
 .text.rspq_init
                0x8002aa80      0x360 /n64_toolchain/lib/gcc/mips64-elf/13.1.0/../../../../mips64-elf/lib/libdragon.a(rspq.o)
                0x8002aa80                rspq_init
 .text.rspq_next_buffer
                0x8002ade0      0x2e0 /n64_toolchain/lib/gcc/mips64-elf/13.1.0/../../../../mips64-elf/lib/libdragon.a(rspq.o)
                0x8002ade0                rspq_next_buffer
 .text.rspq_flush
                0x8002b0c0       0x40 /n64_toolchain/lib/gcc/mips64-elf/13.1.0/../../../../mips64-elf/lib/libdragon.a(rspq.o)
                0x8002b0c0                rspq_flush
 .text.rspq_highpri_begin
                0x8002b100       0xe0 /n64_toolchain/lib/gcc/mips64-elf/13.1.0/../../../../mips64-elf/lib/libdragon.a(rspq.o)
                0x8002b100                rspq_highpri_begin
 .text.rspq_highpri_end
                0x8002b1e0       0xa0 /n64_toolchain/lib/gcc/mips64-elf/13.1.0/../../../../mips64-elf/lib/libdragon.a(rspq.o)
                0x8002b1e0                rspq_highpri_end
 .text.rspq_highpri_sync
                0x8002b280      0x140 /n64_toolchain/lib/gcc/mips64-elf/13.1.0/../../../../mips64-elf/lib/libdragon.a(rspq.o)
                0x8002b280                rspq_highpri_sync
 .text.rspq_block_begin
                0x8002b3c0      0x100 /n64_toolchain/lib/gcc/mips64-elf/13.1.0/../../../../mips64-elf/lib/libdragon.a(rspq.o)
                0x8002b3c0                rspq_block_begin
 .text.rspq_block_end
                0x8002b4c0       0xa0 /n64_toolchain/lib/gcc/mips64-elf/13.1.0/../../../../mips64-elf/lib/libdragon.a(rspq.o)
                0x8002b4c0                rspq_block_end
 .text.rspq_block_free
                0x8002b560       0xe0 /n64_toolchain/lib/gcc/mips64-elf/13.1.0/../../../../mips64-elf/lib/libdragon.a(rspq.o)
                0x8002b560                rspq_block_free
 .text.rspq_block_run
                0x8002b640      0x120 /n64_toolchain/lib/gcc/mips64-elf/13.1.0/../../../../mips64-elf/lib/libdragon.a(rspq.o)
                0x8002b640                rspq_block_run
 .text.rspq_block_run_rsp
                0x8002b760       0x80 /n64_toolchain/lib/gcc/mips64-elf/13.1.0/../../../../mips64-elf/lib/libdragon.a(rspq.o)
                0x8002b760                rspq_block_run_rsp
 .text.rspq_syncpoint_new
                0x8002b7e0       0xe0 /n64_toolchain/lib/gcc/mips64-elf/13.1.0/../../../../mips64-elf/lib/libdragon.a(rspq.o)
                0x8002b7e0                rspq_syncpoint_new
 .text.rspq_syncpoint_wait
                0x8002b8c0      0x160 /n64_toolchain/lib/gcc/mips64-elf/13.1.0/../../../../mips64-elf/lib/libdragon.a(rspq.o)
                0x8002b8c0                rspq_syncpoint_wait
 .text.rspq_wait
                0x8002ba20       0xa0 /n64_toolchain/lib/gcc/mips64-elf/13.1.0/../../../../mips64-elf/lib/libdragon.a(rspq.o)
                0x8002ba20                rspq_wait
 .text.rspq_overlay_get_state
                0x8002bac0      0x160 /n64_toolchain/lib/gcc/mips64-elf/13.1.0/../../../../mips64-elf/lib/libdragon.a(rspq.o)
                0x8002bac0                rspq_overlay_get_state
 .text.rspq_overlay_register_internal
                0x8002bc20      0x580 /n64_toolchain/lib/gcc/mips64-elf/13.1.0/../../../../mips64-elf/lib/libdragon.a(rspq.o)
 .text.rspq_overlay_register
                0x8002c1a0       0x20 /n64_toolchain/lib/gcc/mips64-elf/13.1.0/../../../../mips64-elf/lib/libdragon.a(rspq.o)
                0x8002c1a0                rspq_overlay_register
 .text.rspq_overlay_register_static
                0x8002c1c0       0x60 /n64_toolchain/lib/gcc/mips64-elf/13.1.0/../../../../mips64-elf/lib/libdragon.a(rspq.o)
                0x8002c1c0                rspq_overlay_register_static
 .text.rdpq_assert_handler
                0x8002c220       0xa0 /n64_toolchain/lib/gcc/mips64-elf/13.1.0/../../../../mips64-elf/lib/libdragon.a(rdpq.o)
 .text.__rdpq_interrupt
                0x8002c2c0       0xa0 /n64_toolchain/lib/gcc/mips64-elf/13.1.0/../../../../mips64-elf/lib/libdragon.a(rdpq.o)
 .text.rdpq_set_tile
                0x8002c360      0x240 /n64_toolchain/lib/gcc/mips64-elf/13.1.0/../../../../mips64-elf/lib/libdragon.a(rdpq.o)
                0x8002c360                rdpq_set_tile
 .text.rdpq_config_set
                0x8002c5a0       0x20 /n64_toolchain/lib/gcc/mips64-elf/13.1.0/../../../../mips64-elf/lib/libdragon.a(rdpq.o)
                0x8002c5a0                rdpq_config_set
 .text.rdpq_config_disable
                0x8002c5c0       0x20 /n64_toolchain/lib/gcc/mips64-elf/13.1.0/../../../../mips64-elf/lib/libdragon.a(rdpq.o)
                0x8002c5c0                rdpq_config_disable
 .text.__rdpq_block_begin
                0x8002c5e0       0x40 /n64_toolchain/lib/gcc/mips64-elf/13.1.0/../../../../mips64-elf/lib/libdragon.a(rdpq.o)
                0x8002c5e0                __rdpq_block_begin
 .text.__rdpq_block_next_buffer
                0x8002c620      0x180 /n64_toolchain/lib/gcc/mips64-elf/13.1.0/../../../../mips64-elf/lib/libdragon.a(rdpq.o)
                0x8002c620                __rdpq_block_next_buffer
 .text.rdpq_fence
                0x8002c7a0      0x140 /n64_toolchain/lib/gcc/mips64-elf/13.1.0/../../../../mips64-elf/lib/libdragon.a(rdpq.o)
                0x8002c7a0                rdpq_fence
 .text.__rdpq_block_end
                0x8002c8e0       0x40 /n64_toolchain/lib/gcc/mips64-elf/13.1.0/../../../../mips64-elf/lib/libdragon.a(rdpq.o)
                0x8002c8e0                __rdpq_block_end
 .text.__rdpq_block_run
                0x8002c920       0x40 /n64_toolchain/lib/gcc/mips64-elf/13.1.0/../../../../mips64-elf/lib/libdragon.a(rdpq.o)
                0x8002c920                __rdpq_block_run
 .text.__rdpq_block_free
                0x8002c960       0x60 /n64_toolchain/lib/gcc/mips64-elf/13.1.0/../../../../mips64-elf/lib/libdragon.a(rdpq.o)
                0x8002c960                __rdpq_block_free
 .text.__rdpq_block_update
                0x8002c9c0      0x120 /n64_toolchain/lib/gcc/mips64-elf/13.1.0/../../../../mips64-elf/lib/libdragon.a(rdpq.o)
                0x8002c9c0                __rdpq_block_update
 .text.__rdpq_block_update_norsp
                0x8002cae0       0x20 /n64_toolchain/lib/gcc/mips64-elf/13.1.0/../../../../mips64-elf/lib/libdragon.a(rdpq.o)
                0x8002cae0                __rdpq_block_update_norsp
 .text.__rdpq_write8
                0x8002cb00       0xe0 /n64_toolchain/lib/gcc/mips64-elf/13.1.0/../../../../mips64-elf/lib/libdragon.a(rdpq.o)
                0x8002cb00                __rdpq_write8
 .text.__rdpq_autosync_change
                0x8002cbe0      0x140 /n64_toolchain/lib/gcc/mips64-elf/13.1.0/../../../../mips64-elf/lib/libdragon.a(rdpq.o)
                0x8002cbe0                __rdpq_autosync_change
 .text.__rdpq_write8_syncchange
                0x8002cd20       0x60 /n64_toolchain/lib/gcc/mips64-elf/13.1.0/../../../../mips64-elf/lib/libdragon.a(rdpq.o)
                0x8002cd20                __rdpq_write8_syncchange
 .text.__rdpq_fixup_write8_syncchange
                0x8002cd80      0x140 /n64_toolchain/lib/gcc/mips64-elf/13.1.0/../../../../mips64-elf/lib/libdragon.a(rdpq.o)
                0x8002cd80                __rdpq_fixup_write8_syncchange
 .text.__rdpq_write8_syncchangeuse
                0x8002cec0       0x80 /n64_toolchain/lib/gcc/mips64-elf/13.1.0/../../../../mips64-elf/lib/libdragon.a(rdpq.o)
                0x8002cec0                __rdpq_write8_syncchangeuse
 .text.__rdpq_set_scissor
                0x8002cf40      0x100 /n64_toolchain/lib/gcc/mips64-elf/13.1.0/../../../../mips64-elf/lib/libdragon.a(rdpq.o)
                0x8002cf40                __rdpq_set_scissor
 .text.__rdpq_set_fill_color
                0x8002d040      0x100 /n64_toolchain/lib/gcc/mips64-elf/13.1.0/../../../../mips64-elf/lib/libdragon.a(rdpq.o)
                0x8002d040                __rdpq_set_fill_color
 .text.__rdpq_set_color_image
                0x8002d140      0x140 /n64_toolchain/lib/gcc/mips64-elf/13.1.0/../../../../mips64-elf/lib/libdragon.a(rdpq.o)
                0x8002d140                __rdpq_set_color_image
 .text.rdpq_set_color_image
                0x8002d280      0x180 /n64_toolchain/lib/gcc/mips64-elf/13.1.0/../../../../mips64-elf/lib/libdragon.a(rdpq.o)
                0x8002d280                rdpq_set_color_image
 .text.rdpq_set_z_image
                0x8002d400       0xc0 /n64_toolchain/lib/gcc/mips64-elf/13.1.0/../../../../mips64-elf/lib/libdragon.a(rdpq.o)
                0x8002d400                rdpq_set_z_image
 .text.rdpq_set_texture_image
                0x8002d4c0      0x140 /n64_toolchain/lib/gcc/mips64-elf/13.1.0/../../../../mips64-elf/lib/libdragon.a(rdpq.o)
                0x8002d4c0                rdpq_set_texture_image
 .text.__rdpq_set_other_modes
                0x8002d600      0x140 /n64_toolchain/lib/gcc/mips64-elf/13.1.0/../../../../mips64-elf/lib/libdragon.a(rdpq.o)
                0x8002d600                __rdpq_set_other_modes
 .text.rdpq_init
                0x8002d740      0x120 /n64_toolchain/lib/gcc/mips64-elf/13.1.0/../../../../mips64-elf/lib/libdragon.a(rdpq.o)
                0x8002d740                rdpq_init
 .text.rdpq_set_tile_autotmem
                0x8002d860       0xa0 /n64_toolchain/lib/gcc/mips64-elf/13.1.0/../../../../mips64-elf/lib/libdragon.a(rdpq.o)
                0x8002d860                rdpq_set_tile_autotmem
 .text.rdpq_sync_full
                0x8002d900      0x120 /n64_toolchain/lib/gcc/mips64-elf/13.1.0/../../../../mips64-elf/lib/libdragon.a(rdpq.o)
                0x8002d900                rdpq_sync_full
 .text.rdpq_debug_log_msg
                0x8002da20       0xe0 /n64_toolchain/lib/gcc/mips64-elf/13.1.0/../../../../mips64-elf/lib/libdragon.a(rdpq_debug.o)
                0x8002da20                rdpq_debug_log_msg
 .text.__rdpq_fill_rectangle
                0x8002db00      0x160 /n64_toolchain/lib/gcc/mips64-elf/13.1.0/../../../../mips64-elf/lib/libdragon.a(rdpq_rect.o)
                0x8002db00                __rdpq_fill_rectangle
 .text.__rdpq_fill_rectangle_offline
                0x8002dc60       0x80 /n64_toolchain/lib/gcc/mips64-elf/13.1.0/../../../../mips64-elf/lib/libdragon.a(rdpq_rect.o)
                0x8002dc60                __rdpq_fill_rectangle_offline
 .text.__rdpq_texture_rectangle
                0x8002dce0      0x1e0 /n64_toolchain/lib/gcc/mips64-elf/13.1.0/../../../../mips64-elf/lib/libdragon.a(rdpq_rect.o)
                0x8002dce0                __rdpq_texture_rectangle
 .text.__rdpq_texture_rectangle_offline
                0x8002dec0      0x1a0 /n64_toolchain/lib/gcc/mips64-elf/13.1.0/../../../../mips64-elf/lib/libdragon.a(rdpq_rect.o)
                0x8002dec0                __rdpq_texture_rectangle_offline
 .text.__rdpq_texture_rectangle_scaled_offline
                0x8002e060      0x200 /n64_toolchain/lib/gcc/mips64-elf/13.1.0/../../../../mips64-elf/lib/libdragon.a(rdpq_rect.o)
                0x8002e060                __rdpq_texture_rectangle_scaled_offline
 .text.__rdpq_fixup_mode
                0x8002e260      0x100 /n64_toolchain/lib/gcc/mips64-elf/13.1.0/../../../../mips64-elf/lib/libdragon.a(rdpq_mode.o)
                0x8002e260                __rdpq_fixup_mode
 .text.__rdpq_fixup_mode3
                0x8002e360      0x120 /n64_toolchain/lib/gcc/mips64-elf/13.1.0/../../../../mips64-elf/lib/libdragon.a(rdpq_mode.o)
                0x8002e360                __rdpq_fixup_mode3
 .text.__rdpq_mode_change_som
                0x8002e480       0xa0 /n64_toolchain/lib/gcc/mips64-elf/13.1.0/../../../../mips64-elf/lib/libdragon.a(rdpq_mode.o)
                0x8002e480                __rdpq_mode_change_som
 .text.rdpq_mode_alphacompare
                0x8002e520       0xa0 /n64_toolchain/lib/gcc/mips64-elf/13.1.0/../../../../mips64-elf/lib/libdragon.a(rdpq_mode.o)
                0x8002e520                rdpq_mode_alphacompare
 .text.__rdpq_fixup_mode4
                0x8002e5c0      0x120 /n64_toolchain/lib/gcc/mips64-elf/13.1.0/../../../../mips64-elf/lib/libdragon.a(rdpq_mode.o)
                0x8002e5c0                __rdpq_fixup_mode4
 .text.__rdpq_reset_render_mode
                0x8002e6e0      0x120 /n64_toolchain/lib/gcc/mips64-elf/13.1.0/../../../../mips64-elf/lib/libdragon.a(rdpq_mode.o)
                0x8002e6e0                __rdpq_reset_render_mode
 .text.rdpq_mode_push
                0x8002e800       0x40 /n64_toolchain/lib/gcc/mips64-elf/13.1.0/../../../../mips64-elf/lib/libdragon.a(rdpq_mode.o)
                0x8002e800                rdpq_mode_push
 .text.rdpq_mode_pop
                0x8002e840       0x20 /n64_toolchain/lib/gcc/mips64-elf/13.1.0/../../../../mips64-elf/lib/libdragon.a(rdpq_mode.o)
                0x8002e840                rdpq_mode_pop
 .text.__rdpq_set_mode_fill
                0x8002e860       0x80 /n64_toolchain/lib/gcc/mips64-elf/13.1.0/../../../../mips64-elf/lib/libdragon.a(rdpq_mode.o)
                0x8002e860                __rdpq_set_mode_fill
 .text.rdpq_set_mode_copy
                0x8002e8e0       0x80 /n64_toolchain/lib/gcc/mips64-elf/13.1.0/../../../../mips64-elf/lib/libdragon.a(rdpq_mode.o)
                0x8002e8e0                rdpq_set_mode_copy
 .text.rdpq_set_mode_standard
                0x8002e960       0xc0 /n64_toolchain/lib/gcc/mips64-elf/13.1.0/../../../../mips64-elf/lib/libdragon.a(rdpq_mode.o)
                0x8002e960                rdpq_set_mode_standard
 .text.rdpq_mode_begin
                0x8002ea20       0x40 /n64_toolchain/lib/gcc/mips64-elf/13.1.0/../../../../mips64-elf/lib/libdragon.a(rdpq_mode.o)
                0x8002ea20                rdpq_mode_begin
 .text.rdpq_mode_end
                0x8002ea60       0x40 /n64_toolchain/lib/gcc/mips64-elf/13.1.0/../../../../mips64-elf/lib/libdragon.a(rdpq_mode.o)
                0x8002ea60                rdpq_mode_end
 .text.sprite_upload_palette
                0x8002eaa0       0xe0 /n64_toolchain/lib/gcc/mips64-elf/13.1.0/../../../../mips64-elf/lib/libdragon.a(rdpq_sprite.o)
 .text.rdpq_sprite_blit
                0x8002eb80       0x80 /n64_toolchain/lib/gcc/mips64-elf/13.1.0/../../../../mips64-elf/lib/libdragon.a(rdpq_sprite.o)
                0x8002eb80                rdpq_sprite_blit
 .text.draw_cb.0
                0x8002ec00      0x100 /n64_toolchain/lib/gcc/mips64-elf/13.1.0/../../../../mips64-elf/lib/libdragon.a(rdpq_tex.o)
 .text.draw_cb.1
                0x8002ed00      0x140 /n64_toolchain/lib/gcc/mips64-elf/13.1.0/../../../../mips64-elf/lib/libdragon.a(rdpq_tex.o)
 .text.draw_cb_multi_rot.2
                0x8002ee40      0x300 /n64_toolchain/lib/gcc/mips64-elf/13.1.0/../../../../mips64-elf/lib/libdragon.a(rdpq_tex.o)
 .text.draw_cb.3
                0x8002f140      0x1c0 /n64_toolchain/lib/gcc/mips64-elf/13.1.0/../../../../mips64-elf/lib/libdragon.a(rdpq_tex.o)
 .text.rdpq_load_block.part.0
                0x8002f300       0x40 /n64_toolchain/lib/gcc/mips64-elf/13.1.0/../../../../mips64-elf/lib/libdragon.a(rdpq_tex.o)
 .text.texload_set_rect
                0x8002f340      0x580 /n64_toolchain/lib/gcc/mips64-elf/13.1.0/../../../../mips64-elf/lib/libdragon.a(rdpq_tex.o)
 .text.texload_tile
                0x8002f8c0      0x260 /n64_toolchain/lib/gcc/mips64-elf/13.1.0/../../../../mips64-elf/lib/libdragon.a(rdpq_tex.o)
 .text.texload_tile_4bpp
                0x8002fb20      0x360 /n64_toolchain/lib/gcc/mips64-elf/13.1.0/../../../../mips64-elf/lib/libdragon.a(rdpq_tex.o)
 .text.texload_block_4bpp
                0x8002fe80      0x400 /n64_toolchain/lib/gcc/mips64-elf/13.1.0/../../../../mips64-elf/lib/libdragon.a(rdpq_tex.o)
 .text.texload_block_8bpp
                0x80030280      0x3c0 /n64_toolchain/lib/gcc/mips64-elf/13.1.0/../../../../mips64-elf/lib/libdragon.a(rdpq_tex.o)
 .text.texload_block
                0x80030640      0x3c0 /n64_toolchain/lib/gcc/mips64-elf/13.1.0/../../../../mips64-elf/lib/libdragon.a(rdpq_tex.o)
 .text.tex_loader_load
                0x80030a00      0x120 /n64_toolchain/lib/gcc/mips64-elf/13.1.0/../../../../mips64-elf/lib/libdragon.a(rdpq_tex.o)
                0x80030a00                tex_loader_load
 .text.tex_draw_split
                0x80030b20      0x220 /n64_toolchain/lib/gcc/mips64-elf/13.1.0/../../../../mips64-elf/lib/libdragon.a(rdpq_tex.o)
 .text.tex_xblit_norotate_noscale
                0x80030d40      0x140 /n64_toolchain/lib/gcc/mips64-elf/13.1.0/../../../../mips64-elf/lib/libdragon.a(rdpq_tex.o)
 .text.tex_xblit_norotate
                0x80030e80      0x200 /n64_toolchain/lib/gcc/mips64-elf/13.1.0/../../../../mips64-elf/lib/libdragon.a(rdpq_tex.o)
 .text.tex_xblit
                0x80031080      0x2e0 /n64_toolchain/lib/gcc/mips64-elf/13.1.0/../../../../mips64-elf/lib/libdragon.a(rdpq_tex.o)
 .text.rdpq_tex_upload_sub
                0x80031360      0x1c0 /n64_toolchain/lib/gcc/mips64-elf/13.1.0/../../../../mips64-elf/lib/libdragon.a(rdpq_tex.o)
                0x80031360                rdpq_tex_upload_sub
 .text.rdpq_tex_upload
                0x80031520       0x40 /n64_toolchain/lib/gcc/mips64-elf/13.1.0/../../../../mips64-elf/lib/libdragon.a(rdpq_tex.o)
                0x80031520                rdpq_tex_upload
 .text.rdpq_tex_blit
                0x80031560       0xc0 /n64_toolchain/lib/gcc/mips64-elf/13.1.0/../../../../mips64-elf/lib/libdragon.a(rdpq_tex.o)
                0x80031560                rdpq_tex_blit
 .text.rdpq_tex_upload_tlut
                0x80031620      0x180 /n64_toolchain/lib/gcc/mips64-elf/13.1.0/../../../../mips64-elf/lib/libdragon.a(rdpq_tex.o)
                0x80031620                rdpq_tex_upload_tlut
 .text.rdpq_tex_multi_begin
                0x800317a0       0x80 /n64_toolchain/lib/gcc/mips64-elf/13.1.0/../../../../mips64-elf/lib/libdragon.a(rdpq_tex.o)
                0x800317a0                rdpq_tex_multi_begin
 .text.rdpq_tex_multi_end
                0x80031820       0x60 /n64_toolchain/lib/gcc/mips64-elf/13.1.0/../../../../mips64-elf/lib/libdragon.a(rdpq_tex.o)
                0x80031820                rdpq_tex_multi_end
 .text.rdpq_attach.part.0
                0x80031880       0x40 /n64_toolchain/lib/gcc/mips64-elf/13.1.0/../../../../mips64-elf/lib/libdragon.a(rdpq_attach.o)
 .text.attach   0x800318c0      0x220 /n64_toolchain/lib/gcc/mips64-elf/13.1.0/../../../../mips64-elf/lib/libdragon.a(rdpq_attach.o)
 .text.rdpq_attach_clear
                0x80031ae0       0x20 /n64_toolchain/lib/gcc/mips64-elf/13.1.0/../../../../mips64-elf/lib/libdragon.a(rdpq_attach.o)
                0x80031ae0                rdpq_attach_clear
 .text.__rdpq_clear
                0x80031b00       0xc0 /n64_toolchain/lib/gcc/mips64-elf/13.1.0/../../../../mips64-elf/lib/libdragon.a(rdpq_attach.o)
                0x80031b00                __rdpq_clear
 .text.rdpq_detach_cb
                0x80031bc0       0xc0 /n64_toolchain/lib/gcc/mips64-elf/13.1.0/../../../../mips64-elf/lib/libdragon.a(rdpq_attach.o)
                0x80031bc0                rdpq_detach_cb
 .text.__rdpq_clear_z
                0x80031c80      0x180 /n64_toolchain/lib/gcc/mips64-elf/13.1.0/../../../../mips64-elf/lib/libdragon.a(rdpq_attach.o)
                0x80031c80                __rdpq_clear_z
 .text.rdpq_detach_show
                0x80031e00       0x80 /n64_toolchain/lib/gcc/mips64-elf/13.1.0/../../../../mips64-elf/lib/libdragon.a(rdpq_attach.o)
                0x80031e00                rdpq_detach_show
 .text.rdpq_get_attached
                0x80031e80       0x40 /n64_toolchain/lib/gcc/mips64-elf/13.1.0/../../../../mips64-elf/lib/libdragon.a(rdpq_attach.o)
                0x80031e80                rdpq_get_attached
 .text.rdpq_font_load
                0x80031ec0       0xe0 /n64_toolchain/lib/gcc/mips64-elf/13.1.0/../../../../mips64-elf/lib/libdragon.a(rdpq_font.o)
                0x80031ec0                rdpq_font_load
 .text.rdpq_font_printn
                0x80031fa0      0x5a0 /n64_toolchain/lib/gcc/mips64-elf/13.1.0/../../../../mips64-elf/lib/libdragon.a(rdpq_font.o)
                0x80031fa0                rdpq_font_printn
 .text.rdpq_font_print
                0x80032540       0x40 /n64_toolchain/lib/gcc/mips64-elf/13.1.0/../../../../mips64-elf/lib/libdragon.a(rdpq_font.o)
                0x80032540                rdpq_font_print
 .text.rdpq_font_printf
                0x80032580       0x60 /n64_toolchain/lib/gcc/mips64-elf/13.1.0/../../../../mips64-elf/lib/libdragon.a(rdpq_font.o)
                0x80032580                rdpq_font_printf
 .text.rdpq_font_position
                0x800325e0       0x20 /n64_toolchain/lib/gcc/mips64-elf/13.1.0/../../../../mips64-elf/lib/libdragon.a(rdpq_font.o)
                0x800325e0                rdpq_font_position
 .text.rdpq_font_begin
                0x80032600       0xe0 /n64_toolchain/lib/gcc/mips64-elf/13.1.0/../../../../mips64-elf/lib/libdragon.a(rdpq_font.o)
                0x80032600                rdpq_font_begin
 .text.rdpq_font_end
                0x800326e0       0x20 /n64_toolchain/lib/gcc/mips64-elf/13.1.0/../../../../mips64-elf/lib/libdragon.a(rdpq_font.o)
                0x800326e0                rdpq_font_end
 .text.gl_on_frame_complete
                0x80032700       0x20 /n64_toolchain/lib/gcc/mips64-elf/13.1.0/../../../../mips64-elf/lib/libdragon.a(gl.o)
                0x80032700                gl_on_frame_complete
 .text.gl_context_begin
                0x80032720      0x160 /n64_toolchain/lib/gcc/mips64-elf/13.1.0/../../../../mips64-elf/lib/libdragon.a(gl.o)
                0x80032720                gl_context_begin
 .text.gl_handle_deletion_lists
                0x80032880      0x100 /n64_toolchain/lib/gcc/mips64-elf/13.1.0/../../../../mips64-elf/lib/libdragon.a(gl.o)
                0x80032880                gl_handle_deletion_lists
 .text.gl_context_end
                0x80032980       0xe0 /n64_toolchain/lib/gcc/mips64-elf/13.1.0/../../../../mips64-elf/lib/libdragon.a(gl.o)
                0x80032980                gl_context_end
 .text.gl_set_flag2
                0x80032a60      0x940 /n64_toolchain/lib/gcc/mips64-elf/13.1.0/../../../../mips64-elf/lib/libdragon.a(gl.o)
                0x80032a60                gl_set_flag2
 .text.glEnable
                0x800333a0       0x80 /n64_toolchain/lib/gcc/mips64-elf/13.1.0/../../../../mips64-elf/lib/libdragon.a(gl.o)
                0x800333a0                glEnable
 .text.glDisable
                0x80033420       0x80 /n64_toolchain/lib/gcc/mips64-elf/13.1.0/../../../../mips64-elf/lib/libdragon.a(gl.o)
                0x80033420                glDisable
 .text.glClear  0x800334a0      0x1a0 /n64_toolchain/lib/gcc/mips64-elf/13.1.0/../../../../mips64-elf/lib/libdragon.a(gl.o)
                0x800334a0                glClear
 .text.glClearColor
                0x80033640      0x220 /n64_toolchain/lib/gcc/mips64-elf/13.1.0/../../../../mips64-elf/lib/libdragon.a(gl.o)
                0x80033640                glClearColor
 .text.glClearDepth
                0x80033860      0x120 /n64_toolchain/lib/gcc/mips64-elf/13.1.0/../../../../mips64-elf/lib/libdragon.a(gl.o)
                0x80033860                glClearDepth
 .text.gl_init  0x80033980      0x300 /n64_toolchain/lib/gcc/mips64-elf/13.1.0/../../../../mips64-elf/lib/libdragon.a(gl.o)
                0x80033980                gl_init
 .text.gl_storage_resize
                0x80033c80       0xa0 /n64_toolchain/lib/gcc/mips64-elf/13.1.0/../../../../mips64-elf/lib/libdragon.a(gl.o)
                0x80033c80                gl_storage_resize
 .text.gl_lighting_init
                0x80033d20      0x120 /n64_toolchain/lib/gcc/mips64-elf/13.1.0/../../../../mips64-elf/lib/libdragon.a(lighting.o)
                0x80033d20                gl_lighting_init
 .text.gl_normalize
                0x80033e40       0x60 /n64_toolchain/lib/gcc/mips64-elf/13.1.0/../../../../mips64-elf/lib/libdragon.a(lighting.o)
                0x80033e40                gl_normalize
 .text.gl_homogeneous_unit_diff
                0x80033ea0      0x180 /n64_toolchain/lib/gcc/mips64-elf/13.1.0/../../../../mips64-elf/lib/libdragon.a(lighting.o)
                0x80033ea0                gl_homogeneous_unit_diff
 .text.gl_cross
                0x80034020       0x80 /n64_toolchain/lib/gcc/mips64-elf/13.1.0/../../../../mips64-elf/lib/libdragon.a(lighting.o)
                0x80034020                gl_cross
 .text.dot_product3
                0x800340a0       0x40 /n64_toolchain/lib/gcc/mips64-elf/13.1.0/../../../../mips64-elf/lib/libdragon.a(lighting.o)
                0x800340a0                dot_product3
 .text.gl_perform_lighting
                0x800340e0      0x540 /n64_toolchain/lib/gcc/mips64-elf/13.1.0/../../../../mips64-elf/lib/libdragon.a(lighting.o)
                0x800340e0                gl_perform_lighting
 .text.gl_set_color
                0x80034620      0x1e0 /n64_toolchain/lib/gcc/mips64-elf/13.1.0/../../../../mips64-elf/lib/libdragon.a(lighting.o)
                0x80034620                gl_set_color
 .text.gl_set_material_paramf
                0x80034800      0x240 /n64_toolchain/lib/gcc/mips64-elf/13.1.0/../../../../mips64-elf/lib/libdragon.a(lighting.o)
                0x80034800                gl_set_material_paramf
 .text.glMaterialfv
                0x80034a40      0x120 /n64_toolchain/lib/gcc/mips64-elf/13.1.0/../../../../mips64-elf/lib/libdragon.a(lighting.o)
                0x80034a40                glMaterialfv
 .text.gl_matrix_load
                0x80034b60      0x120 /n64_toolchain/lib/gcc/mips64-elf/13.1.0/../../../../mips64-elf/lib/libdragon.a(matrix.o)
 .text.gl_matrix_stack_get_matrix
                0x80034c80       0x20 /n64_toolchain/lib/gcc/mips64-elf/13.1.0/../../../../mips64-elf/lib/libdragon.a(matrix.o)
                0x80034c80                gl_matrix_stack_get_matrix
 .text.gl_matrix_mult
                0x80034ca0      0x120 /n64_toolchain/lib/gcc/mips64-elf/13.1.0/../../../../mips64-elf/lib/libdragon.a(matrix.o)
                0x80034ca0                gl_matrix_mult
 .text.gl_matrix_mult3x3
                0x80034dc0       0xa0 /n64_toolchain/lib/gcc/mips64-elf/13.1.0/../../../../mips64-elf/lib/libdragon.a(matrix.o)
                0x80034dc0                gl_matrix_mult3x3
 .text.gl_update_matrix_targets
                0x80034e60      0x140 /n64_toolchain/lib/gcc/mips64-elf/13.1.0/../../../../mips64-elf/lib/libdragon.a(matrix.o)
                0x80034e60                gl_update_matrix_targets
 .text.gl_update_current_matrix_stack
                0x80034fa0      0x140 /n64_toolchain/lib/gcc/mips64-elf/13.1.0/../../../../mips64-elf/lib/libdragon.a(matrix.o)
                0x80034fa0                gl_update_current_matrix_stack
 .text.glMatrixMode
                0x800350e0      0x120 /n64_toolchain/lib/gcc/mips64-elf/13.1.0/../../../../mips64-elf/lib/libdragon.a(matrix.o)
                0x800350e0                glMatrixMode
 .text.glMultMatrixf
                0x80035200      0x180 /n64_toolchain/lib/gcc/mips64-elf/13.1.0/../../../../mips64-elf/lib/libdragon.a(matrix.o)
                0x80035200                glMultMatrixf
 .text.glLoadIdentity
                0x80035380      0x160 /n64_toolchain/lib/gcc/mips64-elf/13.1.0/../../../../mips64-elf/lib/libdragon.a(matrix.o)
                0x80035380                glLoadIdentity
 .text.gl_matrix_init
                0x800354e0      0x1a0 /n64_toolchain/lib/gcc/mips64-elf/13.1.0/../../../../mips64-elf/lib/libdragon.a(matrix.o)
                0x800354e0                gl_matrix_init
 .text.glRotatef
                0x80035680      0x1a0 /n64_toolchain/lib/gcc/mips64-elf/13.1.0/../../../../mips64-elf/lib/libdragon.a(matrix.o)
                0x80035680                glRotatef
 .text.glTranslatef
                0x80035820       0xc0 /n64_toolchain/lib/gcc/mips64-elf/13.1.0/../../../../mips64-elf/lib/libdragon.a(matrix.o)
                0x80035820                glTranslatef
 .text.glScalef
                0x800358e0       0xa0 /n64_toolchain/lib/gcc/mips64-elf/13.1.0/../../../../mips64-elf/lib/libdragon.a(matrix.o)
                0x800358e0                glScalef
 .text.glFrustum
                0x80035980      0x120 /n64_toolchain/lib/gcc/mips64-elf/13.1.0/../../../../mips64-elf/lib/libdragon.a(matrix.o)
                0x80035980                glFrustum
 .text.glOrtho  0x80035aa0      0x120 /n64_toolchain/lib/gcc/mips64-elf/13.1.0/../../../../mips64-elf/lib/libdragon.a(matrix.o)
                0x80035aa0                glOrtho
 .text.glPushMatrix
                0x80035bc0      0x1c0 /n64_toolchain/lib/gcc/mips64-elf/13.1.0/../../../../mips64-elf/lib/libdragon.a(matrix.o)
                0x80035bc0                glPushMatrix
 .text.glPopMatrix
                0x80035d80      0x160 /n64_toolchain/lib/gcc/mips64-elf/13.1.0/../../../../mips64-elf/lib/libdragon.a(matrix.o)
                0x80035d80                glPopMatrix
 .text.gl_points
                0x80035ee0       0x20 /n64_toolchain/lib/gcc/mips64-elf/13.1.0/../../../../mips64-elf/lib/libdragon.a(primitive.o)
                0x80035ee0                gl_points
 .text.gl_line_strip
                0x80035f00       0x20 /n64_toolchain/lib/gcc/mips64-elf/13.1.0/../../../../mips64-elf/lib/libdragon.a(primitive.o)
                0x80035f00                gl_line_strip
 .text.gl_triangle_strip
                0x80035f20       0x40 /n64_toolchain/lib/gcc/mips64-elf/13.1.0/../../../../mips64-elf/lib/libdragon.a(primitive.o)
                0x80035f20                gl_triangle_strip
 .text.gl_triangle_fan
                0x80035f60       0x20 /n64_toolchain/lib/gcc/mips64-elf/13.1.0/../../../../mips64-elf/lib/libdragon.a(primitive.o)
                0x80035f60                gl_triangle_fan
 .text.gl_quads
                0x80035f80       0x40 /n64_toolchain/lib/gcc/mips64-elf/13.1.0/../../../../mips64-elf/lib/libdragon.a(primitive.o)
                0x80035f80                gl_quads
 .text.read_index_8
                0x80035fc0       0x20 /n64_toolchain/lib/gcc/mips64-elf/13.1.0/../../../../mips64-elf/lib/libdragon.a(primitive.o)
                0x80035fc0                read_index_8
 .text.read_index_16
                0x80035fe0       0x20 /n64_toolchain/lib/gcc/mips64-elf/13.1.0/../../../../mips64-elf/lib/libdragon.a(primitive.o)
                0x80035fe0                read_index_16
 .text.read_index_32
                0x80036000       0x20 /n64_toolchain/lib/gcc/mips64-elf/13.1.0/../../../../mips64-elf/lib/libdragon.a(primitive.o)
                0x80036000                read_index_32
 .text.glEnd.part.0
                0x80036020       0x60 /n64_toolchain/lib/gcc/mips64-elf/13.1.0/../../../../mips64-elf/lib/libdragon.a(primitive.o)
 .text.glBegin.part.0
                0x80036080       0x60 /n64_toolchain/lib/gcc/mips64-elf/13.1.0/../../../../mips64-elf/lib/libdragon.a(primitive.o)
 .text.gl_triangles
                0x800360e0       0x20 /n64_toolchain/lib/gcc/mips64-elf/13.1.0/../../../../mips64-elf/lib/libdragon.a(primitive.o)
                0x800360e0                gl_triangles
 .text.gl_lines
                0x80036100       0x20 /n64_toolchain/lib/gcc/mips64-elf/13.1.0/../../../../mips64-elf/lib/libdragon.a(primitive.o)
                0x80036100                gl_lines
 .text.gl_primitive_init
                0x80036120      0x120 /n64_toolchain/lib/gcc/mips64-elf/13.1.0/../../../../mips64-elf/lib/libdragon.a(primitive.o)
                0x80036120                gl_primitive_init
 .text.gl_can_use_rsp_pipeline
                0x80036240      0x240 /n64_toolchain/lib/gcc/mips64-elf/13.1.0/../../../../mips64-elf/lib/libdragon.a(primitive.o)
                0x80036240                gl_can_use_rsp_pipeline
 .text.set_can_use_rsp_dirty
                0x80036480       0x20 /n64_toolchain/lib/gcc/mips64-elf/13.1.0/../../../../mips64-elf/lib/libdragon.a(primitive.o)
                0x80036480                set_can_use_rsp_dirty
 .text.gl_init_prim_assembly
                0x800364a0      0x180 /n64_toolchain/lib/gcc/mips64-elf/13.1.0/../../../../mips64-elf/lib/libdragon.a(primitive.o)
                0x800364a0                gl_init_prim_assembly
 .text.gl_begin
                0x80036620      0x1a0 /n64_toolchain/lib/gcc/mips64-elf/13.1.0/../../../../mips64-elf/lib/libdragon.a(primitive.o)
                0x80036620                gl_begin
 .text.glBegin  0x800367c0       0x60 /n64_toolchain/lib/gcc/mips64-elf/13.1.0/../../../../mips64-elf/lib/libdragon.a(primitive.o)
                0x800367c0                glBegin
 .text.glEnd    0x80036820       0x60 /n64_toolchain/lib/gcc/mips64-elf/13.1.0/../../../../mips64-elf/lib/libdragon.a(primitive.o)
                0x80036820                glEnd