Archive member included to satisfy reference by file (symbol)

/n64_toolchain/lib/gcc/mips64-elf/13.1.0/../../../../mips64-elf/lib/libdragon.a(entrypoint.o)
                              (_start)
/n64_toolchain/lib/gcc/mips64-elf/13.1.0/../../../../mips64-elf/lib/libdragon.a(debug.o)
                              build/src/siemon_64.o (debug_init_usblog)
/n64_toolchain/lib/gcc/mips64-elf/13.1.0/../../../../mips64-elf/lib/libdragon.a(usb.o)
                              /n64_toolchain/lib/gcc/mips64-elf/13.1.0/../../../../mips64-elf/lib/libdragon.a(debug.o) (usb_write)
/n64_toolchain/lib/gcc/mips64-elf/13.1.0/../../../../mips64-elf/lib/libdragon.a(cart.o)
                              /n64_toolchain/lib/gcc/mips64-elf/13.1.0/../../../../mips64-elf/lib/libdragon.a(debug.o) (cart_init)
/n64_toolchain/lib/gcc/mips64-elf/13.1.0/../../../../mips64-elf/lib/libdragon.a(ff.o)
                              /n64_toolchain/lib/gcc/mips64-elf/13.1.0/../../../../mips64-elf/lib/libdragon.a(debug.o) (f_mount)
/n64_toolchain/lib/gcc/mips64-elf/13.1.0/../../../../mips64-elf/lib/libdragon.a(ffunicode.o)
                              /n64_toolchain/lib/gcc/mips64-elf/13.1.0/../../../../mips64-elf/lib/libdragon.a(ff.o) (ff_uni2oem)
/n64_toolchain/lib/gcc/mips64-elf/13.1.0/../../../../mips64-elf/lib/libdragon.a(dragonfs.o)
                              build/src/siemon_64.o (dfs_init)
/n64_toolchain/lib/gcc/mips64-elf/13.1.0/../../../../mips64-elf/lib/libdragon.a(audio.o)
                              build/src/siemon_64.o (audio_init)
/n64_toolchain/lib/gcc/mips64-elf/13.1.0/../../../../mips64-elf/lib/libdragon.a(display.o)
                              build/src/siemon_64.o (display_init)
/n64_toolchain/lib/gcc/mips64-elf/13.1.0/../../../../mips64-elf/lib/libdragon.a(surface.o)
                              build/src/siemon_64.o (surface_alloc)
/n64_toolchain/lib/gcc/mips64-elf/13.1.0/../../../../mips64-elf/lib/libdragon.a(controller.o)
                              build/src/siemon_64.o (controller_init)
/n64_toolchain/lib/gcc/mips64-elf/13.1.0/../../../../mips64-elf/lib/libdragon.a(rsp.o)
                              /n64_toolchain/lib/gcc/mips64-elf/13.1.0/../../../../mips64-elf/lib/libdragon.a(display.o) (__rsp_crash)
/n64_toolchain/lib/gcc/mips64-elf/13.1.0/../../../../mips64-elf/lib/libdragon.a(rsp_crash.o)
                              /n64_toolchain/lib/gcc/mips64-elf/13.1.0/../../../../mips64-elf/lib/libdragon.a(rsp.o) (rsp_crash_data_start)
/n64_toolchain/lib/gcc/mips64-elf/13.1.0/../../../../mips64-elf/lib/libdragon.a(inspector.o)
                              /n64_toolchain/lib/gcc/mips64-elf/13.1.0/../../../../mips64-elf/lib/libdragon.a(debug.o) (__inspector_assertion)
/n64_toolchain/lib/gcc/mips64-elf/13.1.0/../../../../mips64-elf/lib/libdragon.a(sprite.o)
                              build/src/siemon_64.o (sprite_load)
/n64_toolchain/lib/gcc/mips64-elf/13.1.0/../../../../mips64-elf/lib/libdragon.a(dma.o)
                              /n64_toolchain/lib/gcc/mips64-elf/13.1.0/../../../../mips64-elf/lib/libdragon.a(debug.o) (io_accessible)
/n64_toolchain/lib/gcc/mips64-elf/13.1.0/../../../../mips64-elf/lib/libdragon.a(exception.o)
                              /n64_toolchain/lib/gcc/mips64-elf/13.1.0/../../../../mips64-elf/lib/libdragon.a(inspector.o) (__exception_dump_header)
/n64_toolchain/lib/gcc/mips64-elf/13.1.0/../../../../mips64-elf/lib/libdragon.a(do_ctors.o)
                              /n64_toolchain/lib/gcc/mips64-elf/13.1.0/../../../../mips64-elf/lib/libdragon.a(entrypoint.o) (__wrap___do_global_ctors)
/n64_toolchain/lib/gcc/mips64-elf/13.1.0/../../../../mips64-elf/lib/libdragon.a(mixer.o)
                              build/src/siemon_64.o (mixer_ch_set_freq)
/n64_toolchain/lib/gcc/mips64-elf/13.1.0/../../../../mips64-elf/lib/libdragon.a(samplebuffer.o)
                              /n64_toolchain/lib/gcc/mips64-elf/13.1.0/../../../../mips64-elf/lib/libdragon.a(mixer.o) (samplebuffer_init)
/n64_toolchain/lib/gcc/mips64-elf/13.1.0/../../../../mips64-elf/lib/libdragon.a(rsp_mixer.o)
                              /n64_toolchain/lib/gcc/mips64-elf/13.1.0/../../../../mips64-elf/lib/libdragon.a(mixer.o) (rsp_mixer_data_start)
/n64_toolchain/lib/gcc/mips64-elf/13.1.0/../../../../mips64-elf/lib/libdragon.a(wav64.o)
                              build/src/siemon_64.o (wav64_open)
/n64_toolchain/lib/gcc/mips64-elf/13.1.0/../../../../mips64-elf/lib/libdragon.a(rspq.o)
                              /n64_toolchain/lib/gcc/mips64-elf/13.1.0/../../../../mips64-elf/lib/libdragon.a(mixer.o) (rspq_cur_pointer)
/n64_toolchain/lib/gcc/mips64-elf/13.1.0/../../../../mips64-elf/lib/libdragon.a(rsp_queue.o)
                              /n64_toolchain/lib/gcc/mips64-elf/13.1.0/../../../../mips64-elf/lib/libdragon.a(rspq.o) (rsp_queue_text_end)
/n64_toolchain/lib/gcc/mips64-elf/13.1.0/../../../../mips64-elf/lib/libdragon.a(rdpq.o)
[...]
Memory Configuration

Name             Origin             Length             Attributes
mem              0x80000000         0x00400000
*default*        0x00000000         0xffffffff

Linker script and memory map

LOAD /n64_toolchain/lib/gcc/mips64-elf/13.1.0/crti.o
LOAD /n64_toolchain/lib/gcc/mips64-elf/13.1.0/crtbegin.o
LOAD build/src/siemon_64.o
LOAD /n64_toolchain/lib/gcc/mips64-elf/13.1.0/../../../../mips64-elf/lib/libdragon.a
LOAD /n64_toolchain/lib/gcc/mips64-elf/13.1.0/../../../../mips64-elf/lib/libm.a
LOAD /n64_toolchain/lib/gcc/mips64-elf/13.1.0/../../../../mips64-elf/lib/libdragonsys.a
                0x80000000                        __kseg0_start = 0x80000000
                0x80000400                        __libdragon_text_start = (__kseg0_start + 0x400)

.text           0x80000400    0x4bbb0
 *(.boot)
 .boot          0x80000400      0x18c /n64_toolchain/lib/gcc/mips64-elf/13.1.0/../../../../mips64-elf/lib/libdragon.a(entrypoint.o)
                0x80000400                _start
                0x80000590                        . = ALIGN (0x10)
 *fill*         0x8000058c        0x4 
                0x80000590                        __text_start = .
 *(.text)
 *fill*         0x80000590       0x10 
 .text          0x800005a0      0x360 /n64_toolchain/lib/gcc/mips64-elf/13.1.0/../../../../mips64-elf/lib/libdragon.a(inthandler.o)
                0x800005a0                inthandler
                0x80000900                inthandler_end
 .text          0x80000900       0x80 /n64_toolchain/lib/gcc/mips64-elf/13.1.0/../../../../mips64-elf/lib/libm.a(libm_a-wf_fmod.o)
                0x80000900                fmodf
 .text          0x80000980      0x160 /n64_toolchain/lib/gcc/mips64-elf/13.1.0/../../../../mips64-elf/lib/libm.a(libm_a-wf_pow.o)
                0x80000980                powf
 .text          0x80000ae0      0x110 /n64_toolchain/lib/gcc/mips64-elf/13.1.0/../../../../mips64-elf/lib/libm.a(libm_a-sf_ceil.o)
                0x80000ae0                ceilf
 .text          0x80000bf0       0xe8 /n64_toolchain/lib/gcc/mips64-elf/13.1.0/../../../../mips64-elf/lib/libm.a(libm_a-sf_cos.o)
                0x80000bf0                cosf
 .text          0x80000cd8       0x50 /n64_toolchain/lib/gcc/mips64-elf/13.1.0/../../../../mips64-elf/lib/libm.a(libm_a-wf_sincos.o)
                0x80000cd8                sincosf
 .text          0x80000d28      0x110 /n64_toolchain/lib/gcc/mips64-elf/13.1.0/../../../../mips64-elf/lib/libm.a(libm_a-sf_floor.o)
                0x80000d28                floorf
 .text          0x80000e38       0xe0 /n64_toolchain/lib/gcc/mips64-elf/13.1.0/../../../../mips64-elf/lib/libm.a(libm_a-sf_sin.o)
                0x80000e38                sinf
 .text          0x80000f18        0x8 /n64_toolchain/lib/gcc/mips64-elf/13.1.0/../../../../mips64-elf/lib/libm.a(libm_a-w_atan2.o)
                0x80000f18                atan2
 .text          0x80000f20       0x20 /n64_toolchain/lib/gcc/mips64-elf/13.1.0/../../../../mips64-elf/lib/libm.a(libm_a-sf_finite.o)
                0x80000f20                finitef
 .text          0x80000f40      0x100 /n64_toolchain/lib/gcc/mips64-elf/13.1.0/../../../../mips64-elf/lib/libm.a(libm_a-s_sin.o)
                0x80000f40                sin
 .text          0x80001040      0x100 /n64_toolchain/lib/gcc/mips64-elf/13.1.0/../../../../mips64-elf/lib/libm.a(libm_a-s_cos.o)
                0x80001040                cos
 .text          0x80001140       0xd0 /n64_toolchain/lib/gcc/mips64-elf/13.1.0/../../../../mips64-elf/lib/libm.a(libm_a-kf_sin.o)
                0x80001140                __kernel_sinf
 .text          0x80001210       0x90 /n64_toolchain/lib/gcc/mips64-elf/13.1.0/../../../../mips64-elf/lib/libm.a(libm_a-s_tan.o)
                0x80001210                tan
 .text          0x800012a0      0x1c0 /n64_toolchain/lib/gcc/mips64-elf/13.1.0/../../../../mips64-elf/lib/libm.a(libm_a-s_floor.o)
                0x800012a0                floor
 .text          0x80001460      0x190 /n64_toolchain/lib/gcc/mips64-elf/13.1.0/../../../../mips64-elf/lib/libm.a(libm_a-kf_cos.o)
                0x80001460                __kernel_cosf
 .text          0x800015f0      0x220 /n64_toolchain/lib/gcc/mips64-elf/13.1.0/../../../../mips64-elf/lib/libm.a(libm_a-ef_fmod.o)
                0x800015f0                __ieee754_fmodf
 .text          0x80001810      0x980 /n64_toolchain/lib/gcc/mips64-elf/13.1.0/../../../../mips64-elf/lib/libm.a(libm_a-ef_pow.o)
                0x80001810                __ieee754_powf
 .text          0x80002190      0x358 /n64_toolchain/lib/gcc/mips64-elf/13.1.0/../../../../mips64-elf/lib/libm.a(libm_a-ef_rem_pio2.o)
                0x80002190                __ieee754_rem_pio2f
 .text          0x800024e8      0x190 /n64_toolchain/lib/gcc/mips64-elf/13.1.0/../../../../mips64-elf/lib/libm.a(libm_a-k_cos.o)
                0x800024e8                __kernel_cos
 .text          0x80002678       0xd0 /n64_toolchain/lib/gcc/mips64-elf/13.1.0/../../../../mips64-elf/lib/libm.a(libm_a-k_sin.o)
                0x80002678                __kernel_sin
 .text          0x80002748      0x360 /n64_toolchain/lib/gcc/mips64-elf/13.1.0/../../../../mips64-elf/lib/libm.a(libm_a-k_tan.o)
                0x80002748                __kernel_tan
 .text          0x80002aa8      0x268 /n64_toolchain/lib/gcc/mips64-elf/13.1.0/../../../../mips64-elf/lib/libm.a(libm_a-e_atan2.o)
                0x80002aa8                __ieee754_atan2
 .text          0x80002d10       0x20 /n64_toolchain/lib/gcc/mips64-elf/13.1.0/../../../../mips64-elf/lib/libm.a(libm_a-sf_fabs.o)
                0x80002d10                fabsf
 .text          0x80002d30      0x358 /n64_toolchain/lib/gcc/mips64-elf/13.1.0/../../../../mips64-elf/lib/libm.a(libm_a-e_rem_pio2.o)
                0x80002d30                __ieee754_rem_pio2
 .text          0x80003088       0xd0 /n64_toolchain/lib/gcc/mips64-elf/13.1.0/../../../../mips64-elf/lib/libm.a(libm_a-math_errf.o)
                0x800030f0                __math_uflowf
                0x800030f8                __math_oflowf
                0x80003100                __math_divzerof
                0x80003130                __math_invalidf
 .text          0x80003158      0x188 /n64_toolchain/lib/gcc/mips64-elf/13.1.0/../../../../mips64-elf/lib/libm.a(libm_a-sf_scalbn.o)
                0x80003158                scalbnf
 .text          0x800032e0      0x2e0 /n64_toolchain/lib/gcc/mips64-elf/13.1.0/../../../../mips64-elf/lib/libm.a(libm_a-s_atan.o)
                0x800032e0                atan
 .text          0x800035c0       0x30 /n64_toolchain/lib/gcc/mips64-elf/13.1.0/../../../../mips64-elf/lib/libm.a(libm_a-s_fabs.o)
                0x800035c0                fabs
 .text          0x800035f0      0x998 /n64_toolchain/lib/gcc/mips64-elf/13.1.0/../../../../mips64-elf/lib/libm.a(libm_a-kf_rem_pio2.o)
                0x800035f0                __kernel_rem_pio2f
 .text          0x80003f88      0x190 /n64_toolchain/lib/gcc/mips64-elf/13.1.0/../../../../mips64-elf/lib/libm.a(libm_a-ef_sqrt.o)
                0x80003f88                __ieee754_sqrtf
 .text          0x80004118      0x9b8 /n64_toolchain/lib/gcc/mips64-elf/13.1.0/../../../../mips64-elf/lib/libm.a(libm_a-k_rem_pio2.o)
                0x80004118                __kernel_rem_pio2
 .text          0x80004ad0      0x1b0 /n64_toolchain/lib/gcc/mips64-elf/13.1.0/../../../../mips64-elf/lib/libm.a(libm_a-s_scalbn.o)
                0x80004ad0                scalbn
 .text          0x80004c80      0x11c /n64_toolchain/lib/gcc/mips64-elf/13.1.0/../../../../mips64-elf/lib/libc.a(libc_a-memset.o)
                0x80004c80                memset
 .text          0x80004d9c      0x370 /n64_toolchain/lib/gcc/mips64-elf/13.1.0/../../../../mips64-elf/lib/libc.a(libc_a-memcpy.o)
                0x80004d9c                memcpy
 *fill*         0x8000510c        0x4 
 .text          0x80005110       0x70 /n64_toolchain/lib/gcc/mips64-elf/13.1.0/../../../../mips64-elf/lib/libc.a(libc_a-printf.o)
                0x80005110                _printf_r
                0x80005140                printf
 .text          0x80005180       0x18 /n64_toolchain/lib/gcc/mips64-elf/13.1.0/../../../../mips64-elf/lib/libc.a(libc_a-malign.o)
                0x80005180                memalign
 .text          0x80005198      0x1f8 /n64_toolchain/lib/gcc/mips64-elf/13.1.0/../../../../mips64-elf/lib/libc.a(libc_a-malignr.o)
                0x80005198                _memalign_r
 .text          0x80005390       0x20 /n64_toolchain/lib/gcc/mips64-elf/13.1.0/../../../../mips64-elf/lib/libc.a(libc_a-putchar.o)
                0x80005390                _putchar_r
                0x80005398                putchar
 .text          0x800053b0       0xd8 /n64_toolchain/lib/gcc/mips64-elf/13.1.0/../../../../mips64-elf/lib/libc.a(libc_a-sprintf.o)
                0x800053b0                _sprintf_r
                0x80005418                sprintf
 .text          0x80005488       0xe0 /n64_toolchain/lib/gcc/mips64-elf/13.1.0/../../../../mips64-elf/lib/libc.a(libc_a-puts.o)
                0x80005488                _puts_r
                0x80005558                puts
 .text          0x80005568      0x100 /n64_toolchain/lib/gcc/mips64-elf/13.1.0/../../../../mips64-elf/lib/libc.a(libc_a-sscanf.o)
                0x80005568                sscanf
                0x800055e0                _sscanf_r
 .text          0x80005668       0x18 /n64_toolchain/lib/gcc/mips64-elf/13.1.0/../../../../mips64-elf/lib/libc.a(libc_a-abort.o)
                0x80005668                abort
 .text          0x80005680      0x190 /n64_toolchain/lib/gcc/mips64-elf/13.1.0/../../../../mips64-elf/lib/libc.a(libc_a-stdio.o)
                0x80005680                __sread
                0x800056d8                __seofread
                0x800056e0                __swrite
                0x800057a0                __sseek
                0x80005808                __sclose
 .text          0x80005810       0x18 /n64_toolchain/lib/gcc/mips64-elf/13.1.0/../../../../mips64-elf/lib/libc.a(libc_a-calloc.o)
                0x80005810                calloc
 .text          0x80005828      0x270 /n64_toolchain/lib/gcc/mips64-elf/13.1.0/../../../../mips64-elf/lib/libc.a(libc_a-setvbuf.o)
                0x80005828                setvbuf
 .text          0x80005a98      0x120 /n64_toolchain/lib/gcc/mips64-elf/13.1.0/../../../../mips64-elf/lib/libc.a(libc_a-callocr.o)
                0x80005a98                _calloc_r
 .text          0x80005bb8      0x1c8 /n64_toolchain/lib/gcc/mips64-elf/13.1.0/../../../../mips64-elf/lib/libc.a(libc_a-snprintf.o)
                0x80005bb8                _snprintf_r
                0x80005c98                snprintf
 .text          0x80005d80       0xf8 /n64_toolchain/lib/gcc/mips64-elf/13.1.0/../../../../mips64-elf/lib/libc.a(libc_a-memchr.o)
                0x80005d80                memchr
 .text          0x80005e78     0x1fb0 /n64_toolchain/lib/gcc/mips64-elf/13.1.0/../../../../mips64-elf/lib/libc.a(libc_a-svfprintf.o)
                0x80005e78                _svfprintf_r
 .text          0x80007e28      0x480 /n64_toolchain/lib/gcc/mips64-elf/13.1.0/../../../../mips64-elf/lib/libc.a(libc_a-freer.o)
                0x80007e28                _malloc_trim_r
                0x80007f68                _free_r
 .text          0x800082a8       0x88 /n64_toolchain/lib/gcc/mips64-elf/13.1.0/../../../../mips64-elf/lib/libc.a(libc_a-memcmp.o)
                0x800082a8                memcmp
 .text          0x80008330       0x30 /n64_toolchain/lib/gcc/mips64-elf/13.1.0/../../../../mips64-elf/lib/libc.a(libc_a-vprintf.o)
                0x80008330                vprintf
                0x80008348                _vprintf_r
 .text          0x80008360     0x1658 /n64_toolchain/lib/gcc/mips64-elf/13.1.0/../../../../mips64-elf/lib/libc.a(libc_a-dtoa.o)
                0x800085b0                _dtoa_r
 .text          0x800099b8     0x1828 /n64_toolchain/lib/gcc/mips64-elf/13.1.0/../../../../mips64-elf/lib/libc.a(libc_a-svfscanf.o)
                0x800099b8                __ssvfscanf_r
 .text          0x8000b1e0       0x20 /n64_toolchain/lib/gcc/mips64-elf/13.1.0/../../../../mips64-elf/lib/libc.a(libc_a-malloc.o)
                0x8000b1e0                malloc
                0x8000b1f0                free
 .text          0x8000b200      0x140 /n64_toolchain/lib/gcc/mips64-elf/13.1.0/../../../../mips64-elf/lib/libc.a(libc_a-memmove.o)
                0x8000b200                memmove
 .text          0x8000b340      0x1a8 /n64_toolchain/lib/gcc/mips64-elf/13.1.0/../../../../mips64-elf/lib/libc.a(libc_a-vsnprintf.o)
                0x8000b340                vsnprintf
                0x8000b410                _vsnprintf_r
 .text          0x8000b4e8      0x888 /n64_toolchain/lib/gcc/mips64-elf/13.1.0/../../../../mips64-elf/lib/libc.a(libc_a-mallocr.o)
                0x8000b4e8                _malloc_r
 .text          0x8000bd70       0xa8 /n64_toolchain/lib/gcc/mips64-elf/13.1.0/../../../../mips64-elf/lib/libc.a(libc_a-strcpy.o)
                0x8000bd70                strcpy
 .text          0x8000be18       0xb8 /n64_toolchain/lib/gcc/mips64-elf/13.1.0/../../../../mips64-elf/lib/libc.a(libc_a-vsprintf.o)
                0x8000be18                vsprintf
                0x8000be78                _vsprintf_r
 .text          0x8000bed0     0x21e8 /n64_toolchain/lib/gcc/mips64-elf/13.1.0/../../../../mips64-elf/lib/libc.a(libc_a-vfprintf.o)
                0x8000bed0                _vfprintf_r
                0x8000dfd0                vfprintf
 .text          0x8000e0b8      0x570 /n64_toolchain/lib/gcc/mips64-elf/13.1.0/../../../../mips64-elf/lib/libc.a(libc_a-signal.o)
                0x8000e0b8                _init_signal_r
                0x8000e120                _signal_r
                0x8000e1c0                _raise_r
                0x8000e278                __sigtramp_r
                0x8000e368                raise
                0x8000e430                signal
                0x8000e4d0                _init_signal
                0x8000e540                __sigtramp
 .text          0x8000e628      0x138 /n64_toolchain/lib/gcc/mips64-elf/13.1.0/../../../../mips64-elf/lib/libc.a(libc_a-fopen.o)
                0x8000e628                _fopen_r
                0x8000e748                fopen
 .text          0x8000e760      0x338 /n64_toolchain/lib/gcc/mips64-elf/13.1.0/../../../../mips64-elf/lib/libc.a(libc_a-fflush.o)
                0x8000e760                __sflush_r
                0x8000e9b8                _fflush_r
                0x8000ea18                fflush
 .text          0x8000ea98       0x10 /n64_toolchain/lib/gcc/mips64-elf/13.1.0/../../../../mips64-elf/lib/libc.a(libc_a-mlock.o)
                0x8000ea98                __malloc_lock
                0x8000eaa0                __malloc_unlock
 .text          0x8000eaa8     0x1390 /n64_toolchain/lib/gcc/mips64-elf/13.1.0/../../../../mips64-elf/lib/libc.a(libc_a-vfiprintf.o)
                0x8000ebe0                __sprint_r
                0x8000ec00                _vfiprintf_r
                0x8000fd50                vfiprintf
 .text          0x8000fe38       0x68 /n64_toolchain/lib/gcc/mips64-elf/13.1.0/../../../../mips64-elf/lib/libc.a(libc_a-fprintf.o)
                0x8000fe38                _fprintf_r
                0x8000fe60                fprintf
 .text          0x8000fea0     0x1438 /n64_toolchain/lib/gcc/mips64-elf/13.1.0/../../../../mips64-elf/lib/libc.a(libc_a-mprec.o)
                0x8000fea0                _Balloc
                0x8000ff50                _Bfree
                0x8000ff80                __multadd
                0x800100e0                __s2b
                0x80010260                __hi0bits
                0x800102e8                __lo0bits
                0x800103b0                __i2b
                0x80010488                __multiply
                0x80010718                __pow5mult
                0x80010880                __lshift
                0x80010a38                __mcmp
                0x80010aa0                __mdiff
                0x80010d28                __ulp
                0x80010dd8                __b2d
                0x80010f70                __d2b
                0x800110d0                __ratio
                0x80011190                _mprec_log10
                0x800111d0                __copybits
                0x80011258                __any_on
 .text          0x800112d8       0x70 /n64_toolchain/lib/gcc/mips64-elf/13.1.0/../../../../mips64-elf/lib/libc.a(libc_a-strrchr.o)
                0x800112d8                strrchr
 .text          0x80011348       0x98 /n64_toolchain/lib/gcc/mips64-elf/13.1.0/../../../../mips64-elf/lib/libc.a(libc_a-strcat.o)
                0x80011348                strcat
 .text          0x800113e0       0xd0 /n64_toolchain/lib/gcc/mips64-elf/13.1.0/../../../../mips64-elf/lib/libc.a(libc_a-fputc.o)
                0x800113e0                _fputc_r
                0x80011440                fputc
 .text          0x800114b0      0x460 /n64_toolchain/lib/gcc/mips64-elf/13.1.0/../../../../mips64-elf/lib/libc.a(libc_a-strerror.o)
                0x800114b0                _strerror_r
                0x800118e0                strerror
                0x800118f8                strerror_l
 .text          0x80011910      0x570 /n64_toolchain/lib/gcc/mips64-elf/13.1.0/../../../../mips64-elf/lib/libc.a(libc_a-fvwrite.o)
                0x80011910                __sfvwrite_r
 .text          0x80011e80       0xc0 /n64_toolchain/lib/gcc/mips64-elf/13.1.0/../../../../mips64-elf/lib/libc.a(libc_a-fputs.o)
                0x80011e80                _fputs_r
                0x80011f28                fputs
 .text          0x80011f40      0x198 /n64_toolchain/lib/gcc/mips64-elf/13.1.0/../../../../mips64-elf/lib/libc.a(libc_a-fgets.o)
                0x80011f40                _fgets_r
                0x800120c0                fgets
 .text          0x800120d8      0x140 /n64_toolchain/lib/gcc/mips64-elf/13.1.0/../../../../mips64-elf/lib/libc.a(libc_a-fclose.o)
                0x800120d8                _fclose_r
                0x80012208                fclose
 .text          0x80012218       0xf0 /n64_toolchain/lib/gcc/mips64-elf/13.1.0/../../../../mips64-elf/lib/libc.a(libc_a-strncmp.o)
                0x80012218                strncmp
 .text          0x80012308       0xc0 /n64_toolchain/lib/gcc/mips64-elf/13.1.0/../../../../mips64-elf/lib/libc.a(libc_a-fwalk.o)
                0x80012308                _fwalk_sglue
 .text          0x800123c8      0x330 /n64_toolchain/lib/gcc/mips64-elf/13.1.0/../../../../mips64-elf/lib/libc.a(libc_a-fread.o)
                0x800123c8                _fread_r
                0x800126c8                fread
 .text          0x800126f8      0x1f8 /n64_toolchain/lib/gcc/mips64-elf/13.1.0/../../../../mips64-elf/lib/libc.a(libc_a-fwrite.o)
                0x800126f8                _fwrite_r
                0x80012800                fwrite
 .text          0x800128f0      0x3a8 /n64_toolchain/lib/gcc/mips64-elf/13.1.0/../../../../mips64-elf/lib/libc.a(libc_a-findfp.o)
                0x80012ae8                __sfp
                0x80012c28                __sinit
                0x80012c58                __sfp_lock_acquire
                0x80012c60                __sfp_lock_release
                0x80012c68                __fp_lock_all
                0x80012c80                __fp_unlock_all
 .text          0x80012c98      0x5d0 /n64_toolchain/lib/gcc/mips64-elf/13.1.0/../../../../mips64-elf/lib/libc.a(libc_a-reallocr.o)
                0x80012c98                _realloc_r
 .text          0x80013268       0xc8 /n64_toolchain/lib/gcc/mips64-elf/13.1.0/../../../../mips64-elf/lib/libc.a(libc_a-flags.o)
                0x80013268                __sflags
 .text          0x80013330       0x58 /n64_toolchain/lib/gcc/mips64-elf/13.1.0/../../../../mips64-elf/lib/libc.a(libc_a-rand.o)
                0x80013330                srand
                0x80013348                rand
 .text          0x80013388       0x20 /n64_toolchain/lib/gcc/mips64-elf/13.1.0/../../../../mips64-elf/lib/libc.a(libc_a-fseek.o)
                0x80013388                _fseek_r
                0x80013390                fseek
 .text          0x800133a8     0x18e8 /n64_toolchain/lib/gcc/mips64-elf/13.1.0/../../../../mips64-elf/lib/libc.a(libc_a-strtod.o)
                0x80013410                _strtod_l
                0x80014a38                _strtod_r
                0x80014a48                strtod_l
                0x80014a60                strtod
                0x80014a80                strtof_l
                0x80014b68                strtof
 .text          0x80014c90        0x8 /n64_toolchain/lib/gcc/mips64-elf/13.1.0/../../../../mips64-elf/lib/libc.a(libc_a-u_strerr.o)
                0x80014c90                _user_strerror
 .text          0x80014c98       0x18 /n64_toolchain/lib/gcc/mips64-elf/13.1.0/../../../../mips64-elf/lib/libc.a(libc_a-ftell.o)
                0x80014c98                _ftell_r
                0x80014ca0                ftell
 .text          0x80014cb0      0x278 /n64_toolchain/lib/gcc/mips64-elf/13.1.0/../../../../mips64-elf/lib/libc.a(libc_a-strtol.o)
                0x80014ef0                _strtol_r
                0x80014ef8                strtol_l
                0x80014f10                strtol
 .text          0x80014f28      0x1b8 /n64_toolchain/lib/gcc/mips64-elf/13.1.0/../../../../mips64-elf/lib/libc.a(libc_a-fputwc.o)
                0x80014f28                __fputwc
                0x80015040                _fputwc_r
                0x80015068                fputwc
 .text          0x800150e0      0x250 /n64_toolchain/lib/gcc/mips64-elf/13.1.0/../../../../mips64-elf/lib/libc.a(libc_a-strtoul.o)
                0x800152f8                _strtoul_r
                0x80015300                strtoul_l
                0x80015318                strtoul
 .text          0x80015330      0x120 /n64_toolchain/lib/gcc/mips64-elf/13.1.0/../../../../mips64-elf/lib/libc.a(libc_a-locale.o)
                0x80015330                _setlocale_r
                0x800153b8                __locale_mb_cur_max
                0x800153c8                setlocale
 .text          0x80015450      0xb50 /n64_toolchain/lib/gcc/mips64-elf/13.1.0/../../../../mips64-elf/lib/libc.a(libc_a-strstr.o)
                0x80015cb0                strstr
 .text          0x80015fa0       0x28 /n64_toolchain/lib/gcc/mips64-elf/13.1.0/../../../../mips64-elf/lib/libc.a(libc_a-localeconv.o)
                0x80015fa0                __localeconv_l
                0x80015fa8                _localeconv_r
                0x80015fb8                localeconv
 .text          0x80015fc8       0x48 /n64_toolchain/lib/gcc/mips64-elf/13.1.0/../../../../mips64-elf/lib/libc.a(libc_a-wctomb_r.o)
                0x80015fc8                _wctomb_r
                0x80015fd8                __ascii_wctomb
 .text          0x80016010       0x60 /n64_toolchain/lib/gcc/mips64-elf/13.1.0/../../../../mips64-elf/lib/libc.a(libc_a-signalr.o)
                0x80016010                _kill_r
                0x80016068                _getpid_r
 .text          0x80016070       0x50 /n64_toolchain/lib/gcc/mips64-elf/13.1.0/../../../../mips64-elf/lib/libc.a(libc_a-closer.o)
                0x80016070                _close_r
 .text          0x800160c0       0x50 /n64_toolchain/lib/gcc/mips64-elf/13.1.0/../../../../mips64-elf/lib/libc.a(libc_a-sbrkr.o)
                0x800160c0                _sbrk_r
 .text          0x80016110       0x60 /n64_toolchain/lib/gcc/mips64-elf/13.1.0/../../../../mips64-elf/lib/libc.a(libc_a-lseekr.o)
                0x80016110                _lseek_r
 .text          0x80016170       0x60 /n64_toolchain/lib/gcc/mips64-elf/13.1.0/../../../../mips64-elf/lib/libc.a(libc_a-openr.o)
                0x80016170                _open_r
 .text          0x800161d0       0x60 /n64_toolchain/lib/gcc/mips64-elf/13.1.0/../../../../mips64-elf/lib/libc.a(libc_a-readr.o)
                0x800161d0                _read_r
 .text          0x80016230       0x60 /n64_toolchain/lib/gcc/mips64-elf/13.1.0/../../../../mips64-elf/lib/libc.a(libc_a-writer.o)
                0x80016230                _write_r
 .text          0x80016290        0x8 /n64_toolchain/lib/gcc/mips64-elf/13.1.0/../../../../mips64-elf/lib/libc.a(libc_a-errno.o)
                0x80016290                __errno
 .text          0x80016298       0x18 /n64_toolchain/lib/gcc/mips64-elf/13.1.0/../../../../mips64-elf/lib/libc.a(libc_a-strlen.o)
                0x80016298                strlen
 .text          0x800162b0      0x240 /n64_toolchain/lib/gcc/mips64-elf/13.1.0/../../../../mips64-elf/lib/libc.a(libc_a-strcmp.o)
                0x800162b0                strcmp
 .text          0x800164f0        0x8 /n64_toolchain/lib/gcc/mips64-elf/13.1.0/../../../../mips64-elf/lib/libc.a(libm_a-s_nan.o)
                0x800164f0                nan
 .text          0x800164f8        0x8 /n64_toolchain/lib/gcc/mips64-elf/13.1.0/../../../../mips64-elf/lib/libc.a(libm_a-sf_nan.o)
                0x800164f8                nanf
 .text          0x80016500      0x258 /n64_toolchain/lib/gcc/mips64-elf/13.1.0/../../../../mips64-elf/lib/libc.a(libc_a-strtoll.o)
                0x80016720                _strtoll_r
                0x80016728                strtoll_l
                0x80016740                strtoll
 .text          0x80016758      0x270 /n64_toolchain/lib/gcc/mips64-elf/13.1.0/../../../../mips64-elf/lib/libc.a(libc_a-strtoull.o)
                0x80016990                _strtoull_r
                0x80016998                strtoull_l
                0x800169b0                strtoull
 .text          0x800169c8        0x8 /n64_toolchain/lib/gcc/mips64-elf/13.1.0/../../../../mips64-elf/lib/libc.a(libc_a-iswspace.o)
                0x800169c8                iswspace
 .text          0x800169d0      0x128 /n64_toolchain/lib/gcc/mips64-elf/13.1.0/../../../../mips64-elf/lib/libc.a(libc_a-mbrtowc.o)
                0x800169d0                _mbrtowc_r
                0x80016a60                mbrtowc
 .text          0x80016af8      0x258 /n64_toolchain/lib/gcc/mips64-elf/13.1.0/../../../../mips64-elf/lib/libc.a(libc_a-makebuf.o)
                0x80016af8                __smakebuf_r
                0x80016ca0                __swhatbuf_r
 .text          0x80016d50       0x28 /n64_toolchain/lib/gcc/mips64-elf/13.1.0/../../../../mips64-elf/lib/libc.a(libc_a-iswspace_l.o)
                0x80016d50                iswspace_l
 .text          0x80016d78      0x160 /n64_toolchain/lib/gcc/mips64-elf/13.1.0/../../../../mips64-elf/lib/libc.a(libc_a-putc.o)
                0x80016d78                _putc_r
                0x80016e20                putc
 .text          0x80016ed8       0xf8 /n64_toolchain/lib/gcc/mips64-elf/13.1.0/../../../../mips64-elf/lib/libc.a(libc_a-sccl.o)
                0x80016ed8                __sccl
 .text          0x80016fd0      0x118 /n64_toolchain/lib/gcc/mips64-elf/13.1.0/../../../../mips64-elf/lib/libc.a(libc_a-wcrtomb.o)
                0x80016fd0                _wcrtomb_r
                0x80017050                wcrtomb
 .text          0x800170e8      0x228 /n64_toolchain/lib/gcc/mips64-elf/13.1.0/../../../../mips64-elf/lib/libc.a(libc_a-refill.o)
                0x80017110                __srefill_r
 .text          0x80017310     0x1118 /n64_toolchain/lib/gcc/mips64-elf/13.1.0/../../../../mips64-elf/lib/libc.a(libc_a-svfiprintf.o)
                0x80017310                __ssprint_r
                0x80017558                _svfiprintf_r
 .text          0x80018428     0x17c0 /n64_toolchain/lib/gcc/mips64-elf/13.1.0/../../../../mips64-elf/lib/libc.a(libc_a-svfiscanf.o)
                0x80018428                _sungetc_r
                0x80018548                __ssrefill_r
                0x800185c0                _sfread_r
                0x80018758                __ssvfiscanf_r
 .text          0x80019be8      0x170 /n64_toolchain/lib/gcc/mips64-elf/13.1.0/../../../../mips64-elf/lib/libc.a(libc_a-wsetup.o)
                0x80019be8                __swsetup_r
 .text          0x80019d58      0x188 /n64_toolchain/lib/gcc/mips64-elf/13.1.0/../../../../mips64-elf/lib/libc.a(libc_a-strchr.o)
                0x80019d58                strchr
 .text          0x80019ee0      0xa70 /n64_toolchain/lib/gcc/mips64-elf/13.1.0/../../../../mips64-elf/lib/libc.a(libc_a-gdtoa-gethex.o)
                0x80019fe8                __gethex
 .text          0x8001a950      0x4e8 /n64_toolchain/lib/gcc/mips64-elf/13.1.0/../../../../mips64-elf/lib/libc.a(libc_a-gdtoa-hexnan.o)
                0x8001a950                __match
                0x8001a9a0                __hexnan
 .text          0x8001ae38      0x4b8 /n64_toolchain/lib/gcc/mips64-elf/13.1.0/../../../../mips64-elf/lib/libc.a(libc_a-fseeko.o)
                0x8001ae38                _fseeko_r
                0x8001b2d8                fseeko
 .text          0x8001b2f0      0x2b8 /n64_toolchain/lib/gcc/mips64-elf/13.1.0/../../../../mips64-elf/lib/libc.a(libc_a-ungetc.o)
                0x8001b2f0                __submore
                0x8001b3c0                _ungetc_r
                0x8001b590                ungetc
 .text          0x8001b5a8      0x148 /n64_toolchain/lib/gcc/mips64-elf/13.1.0/../../../../mips64-elf/lib/libc.a(libc_a-ftello.o)
                0x8001b5a8                _ftello_r
                0x8001b6e0                ftello
 .text          0x8001b6f0      0x1b8 /n64_toolchain/lib/gcc/mips64-elf/13.1.0/../../../../mips64-elf/lib/libc.a(libc_a-wbuf.o)
                0x8001b6f0                __swbuf_r
                0x8001b890                __swbuf
 .text          0x8001b8a8       0x48 /n64_toolchain/lib/gcc/mips64-elf/13.1.0/../../../../mips64-elf/lib/libc.a(libc_a-strnlen.o)
                0x8001b8a8                strnlen
 .text          0x8001b8f0       0x70 /n64_toolchain/lib/gcc/mips64-elf/13.1.0/../../../../mips64-elf/lib/libc.a(libc_a-mbtowc_r.o)
                0x8001b8f0                _mbtowc_r
                0x8001b900                __ascii_mbtowc
 .text          0x8001b960       0x58 /n64_toolchain/lib/gcc/mips64-elf/13.1.0/../../../../mips64-elf/lib/libc.a(libc_a-fstatr.o)
                0x8001b960                _fstat_r
 .text          0x8001b9b8       0x50 /n64_toolchain/lib/gcc/mips64-elf/13.1.0/../../../../mips64-elf/lib/libc.a(libc_a-isattyr.o)
                0x8001b9b8                _isatty_r
 *(.text.*)
 *fill*         0x8001ba08       0x18 
 .text.setup_cube
                0x8001ba20       0xc0 build/src/siemon_64.o
                0x8001ba20                setup_cube
 .text.setup_sphere
                0x8001bae0       0xc0 build/src/siemon_64.o
                0x8001bae0                setup_sphere
 .text.make_sphere_vertex
                0x8001bba0      0x180 build/src/siemon_64.o
                0x8001bba0                make_sphere_vertex
 .text.draw_sphere_internal
                0x8001bd20       0xa0 build/src/siemon_64.o
                0x8001bd20                draw_sphere_internal
 .text.make_sphere_mesh
                0x8001bdc0      0x320 build/src/siemon_64.o
                0x8001bdc0                make_sphere_mesh
 .text.setup_plane
                0x8001c0e0       0xa0 build/src/siemon_64.o
                0x8001c0e0                setup_plane
 .text.make_plane_mesh
                0x8001c180      0x1a0 build/src/siemon_64.o
                0x8001c180                make_plane_mesh
 .text.draw_plane
                0x8001c320       0x60 build/src/siemon_64.o
                0x8001c320                draw_plane
 .text.perlin2d
                0x8001c380      0x2c0 build/src/siemon_64.o
                0x8001c380                perlin2d
 .text.initialize_maze_gen
                0x8001c640      0x120 build/src/siemon_64.o
                0x8001c640                initialize_maze_gen
 .text.generate_maze
                0x8001c760      0x5c0 build/src/siemon_64.o
                0x8001c760                generate_maze
 .text.parsePapagayoFile
                0x8001cd20      0x1e0 build/src/siemon_64.o
                0x8001cd20                parsePapagayoFile
 .text.build_texture_map
                0x8001cf00      0x200 build/src/siemon_64.o
                0x8001cf00                build_texture_map
 .text.setup_renderer
                0x8001d100      0x2c0 build/src/siemon_64.o
                0x8001d100                setup_renderer
 .text.draw_quad
                0x8001d3c0      0x2c0 build/src/siemon_64.o
                0x8001d3c0                draw_quad
 .text.check_for_maze_collision
                0x8001d680      0x160 build/src/siemon_64.o
                0x8001d680                check_for_maze_collision
 .text.drawCube
                0x8001d7e0      0x120 build/src/siemon_64.o
                0x8001d7e0                drawCube
 .text.drawFloor
                0x8001d900       0xc0 build/src/siemon_64.o
                0x8001d900                drawFloor
 .text.renderMaze
                0x8001d9c0      0x2a0 build/src/siemon_64.o
                0x8001d9c0                renderMaze
 .text.tintScreenRed
                0x8001dc60      0x140 build/src/siemon_64.o
                0x8001dc60                tintScreenRed
 .text.tintScreenRGB
                0x8001dda0      0x160 build/src/siemon_64.o
                0x8001dda0                tintScreenRGB
 .text.getFrameNumberByVoiceLineTime
                0x8001df00       0xc0 build/src/siemon_64.o
                0x8001df00                getFrameNumberByVoiceLineTime
 .text.render_game
                0x8001dfc0      0x400 build/src/siemon_64.o
                0x8001dfc0                render_game
 .text.setup_game
                0x8001e3c0       0x80 build/src/siemon_64.o
                0x8001e3c0                setup_game
 .text.move_simon_towards_player
                0x8001e440      0x180 build/src/siemon_64.o
                0x8001e440                move_simon_towards_player
 .text.do_player_looking_logic
                0x8001e5c0       0xc0 build/src/siemon_64.o
                0x8001e5c0                do_player_looking_logic
 .text.do_player_movement_logic
                0x8001e680      0x480 build/src/siemon_64.o
                0x8001e680                do_player_movement_logic
 .text.play_simon_game_messages
                0x8001eb00      0x300 build/src/siemon_64.o
                0x8001eb00                play_simon_game_messages
 .text.simon_look_at_player
                0x8001ee00       0xc0 build/src/siemon_64.o
                0x8001ee00                simon_look_at_player
 .text.step_through_game
                0x8001eec0      0x400 build/src/siemon_64.o
                0x8001eec0                step_through_game
 .text.startup.main
                0x8001f2c0      0xc20 build/src/siemon_64.o
                0x8001f2c0                main
 .text.isviewer_write
                0x8001fee0       0x80 /n64_toolchain/lib/gcc/mips64-elf/13.1.0/../../../../mips64-elf/lib/libdragon.a(debug.o)
 .text.__stderr_write
                0x8001ff60       0x80 /n64_toolchain/lib/gcc/mips64-elf/13.1.0/../../../../mips64-elf/lib/libdragon.a(debug.o)
 .text.usblog_write
                0x8001ffe0       0x20 /n64_toolchain/lib/gcc/mips64-elf/13.1.0/../../../../mips64-elf/lib/libdragon.a(debug.o)
 .text.cb.0     0x80020000       0xa0 /n64_toolchain/lib/gcc/mips64-elf/13.1.0/../../../../mips64-elf/lib/libdragon.a(debug.o)
 .text.debug_init_usblog
                0x800200a0       0xe0 /n64_toolchain/lib/gcc/mips64-elf/13.1.0/../../../../mips64-elf/lib/libdragon.a(debug.o)
                0x800200a0                debug_init_usblog
 .text.debug_init_isviewer
                0x80020180       0xc0 /n64_toolchain/lib/gcc/mips64-elf/13.1.0/../../../../mips64-elf/lib/libdragon.a(debug.o)
                0x80020180                debug_init_isviewer
 .text.debug_assert_func_f
                0x80020240       0xe0 /n64_toolchain/lib/gcc/mips64-elf/13.1.0/../../../../mips64-elf/lib/libdragon.a(debug.o)
                0x80020240                debug_assert_func_f
 .text.debug_assert_func
                0x80020320       0x20 /n64_toolchain/lib/gcc/mips64-elf/13.1.0/../../../../mips64-elf/lib/libdragon.a(debug.o)
                0x80020320                debug_assert_func
 .text.debug_hexdump
                0x80020340      0x280 /n64_toolchain/lib/gcc/mips64-elf/13.1.0/../../../../mips64-elf/lib/libdragon.a(debug.o)
                0x80020340                debug_hexdump
 .text.__debug_backtrace
                0x800205c0      0x100 /n64_toolchain/lib/gcc/mips64-elf/13.1.0/../../../../mips64-elf/lib/libdragon.a(debug.o)
                0x800205c0                __debug_backtrace
 .text.debug_backtrace
                0x800206c0       0x20 /n64_toolchain/lib/gcc/mips64-elf/13.1.0/../../../../mips64-elf/lib/libdragon.a(debug.o)
                0x800206c0                debug_backtrace
 .text.usb_64drive_read
                0x800206e0       0x60 /n64_toolchain/lib/gcc/mips64-elf/13.1.0/../../../../mips64-elf/lib/libdragon.a(usb.o)
 .text.usb_64drive_poll
                0x80020740      0x1a0 /n64_toolchain/lib/gcc/mips64-elf/13.1.0/../../../../mips64-elf/lib/libdragon.a(usb.o)
 .text.usb_everdrive_usbbusy
                0x800208e0       0xe0 /n64_toolchain/lib/gcc/mips64-elf/13.1.0/../../../../mips64-elf/lib/libdragon.a(usb.o)
 .text.usb_everdrive_readusb
                0x800209c0       0xc0 /n64_toolchain/lib/gcc/mips64-elf/13.1.0/../../../../mips64-elf/lib/libdragon.a(usb.o)
 .text.usb_everdrive_poll
                0x80020a80      0x200 /n64_toolchain/lib/gcc/mips64-elf/13.1.0/../../../../mips64-elf/lib/libdragon.a(usb.o)
 .text.usb_everdrive_write
                0x80020c80      0x200 /n64_toolchain/lib/gcc/mips64-elf/13.1.0/../../../../mips64-elf/lib/libdragon.a(usb.o)
 .text.usb_sc64_read
                0x80020e80       0x60 /n64_toolchain/lib/gcc/mips64-elf/13.1.0/../../../../mips64-elf/lib/libdragon.a(usb.o)
 .text.usb_everdrive_read
                0x80020ee0       0x60 /n64_toolchain/lib/gcc/mips64-elf/13.1.0/../../../../mips64-elf/lib/libdragon.a(usb.o)
 .text.usb_sc64_poll
                0x80020f40      0x160 /n64_toolchain/lib/gcc/mips64-elf/13.1.0/../../../../mips64-elf/lib/libdragon.a(usb.o)
 .text.usb_write
                0x800210a0       0x40 /n64_toolchain/lib/gcc/mips64-elf/13.1.0/../../../../mips64-elf/lib/libdragon.a(usb.o)
                0x800210a0                usb_write
 .text.usb_sendheartbeat
                0x800210e0       0x60 /n64_toolchain/lib/gcc/mips64-elf/13.1.0/../../../../mips64-elf/lib/libdragon.a(usb.o)
                0x800210e0                usb_sendheartbeat
 .text.usb_initialize
                0x80021140      0x1c0 /n64_toolchain/lib/gcc/mips64-elf/13.1.0/../../../../mips64-elf/lib/libdragon.a(usb.o)
                0x80021140                usb_initialize
 .text.usb_64drive_wait
                0x80021300       0xc0 /n64_toolchain/lib/gcc/mips64-elf/13.1.0/../../../../mips64-elf/lib/libdragon.a(usb.o)
                0x80021300                usb_64drive_wait
 .text.usb_64drive_write
                0x800213c0      0x240 /n64_toolchain/lib/gcc/mips64-elf/13.1.0/../../../../mips64-elf/lib/libdragon.a(usb.o)
 .text.usb_sc64_execute_cmd
                0x80021600       0xc0 /n64_toolchain/lib/gcc/mips64-elf/13.1.0/../../../../mips64-elf/lib/libdragon.a(usb.o)
                0x80021600                usb_sc64_execute_cmd
 .text.usb_sc64_write
                0x800216c0      0x2a0 /n64_toolchain/lib/gcc/mips64-elf/13.1.0/../../../../mips64-elf/lib/libdragon.a(usb.o)
 .text.get_next_token
                0x80021960       0xc0 /n64_toolchain/lib/gcc/mips64-elf/13.1.0/../../../../mips64-elf/lib/libdragon.a(dragonfs.o)
 .text.recurse_path
                0x80021a20      0x3c0 /n64_toolchain/lib/gcc/mips64-elf/13.1.0/../../../../mips64-elf/lib/libdragon.a(dragonfs.o)
 .text.__close  0x80021de0       0x80 /n64_toolchain/lib/gcc/mips64-elf/13.1.0/../../../../mips64-elf/lib/libdragon.a(dragonfs.o)
 .text.__fstat  0x80021e60       0xa0 /n64_toolchain/lib/gcc/mips64-elf/13.1.0/../../../../mips64-elf/lib/libdragon.a(dragonfs.o)
 .text.dfs_dir_findfirst
                0x80021f00       0xc0 /n64_toolchain/lib/gcc/mips64-elf/13.1.0/../../../../mips64-elf/lib/libdragon.a(dragonfs.o)
                0x80021f00                dfs_dir_findfirst
 .text.__findfirst
                0x80021fc0       0x80 /n64_toolchain/lib/gcc/mips64-elf/13.1.0/../../../../mips64-elf/lib/libdragon.a(dragonfs.o)
 .text.dfs_dir_findnext
                0x80022040       0xc0 /n64_toolchain/lib/gcc/mips64-elf/13.1.0/../../../../mips64-elf/lib/libdragon.a(dragonfs.o)
                0x80022040                dfs_dir_findnext
 .text.__findnext
                0x80022100       0x80 /n64_toolchain/lib/gcc/mips64-elf/13.1.0/../../../../mips64-elf/lib/libdragon.a(dragonfs.o)
 .text.dfs_open
                0x80022180      0x120 /n64_toolchain/lib/gcc/mips64-elf/13.1.0/../../../../mips64-elf/lib/libdragon.a(dragonfs.o)
                0x80022180                dfs_open
 .text.__open   0x800222a0      0x120 /n64_toolchain/lib/gcc/mips64-elf/13.1.0/../../../../mips64-elf/lib/libdragon.a(dragonfs.o)
 .text.dfs_close
                0x800223c0       0x80 /n64_toolchain/lib/gcc/mips64-elf/13.1.0/../../../../mips64-elf/lib/libdragon.a(dragonfs.o)
                0x800223c0                dfs_close
 .text.dfs_seek
                0x80022440      0x100 /n64_toolchain/lib/gcc/mips64-elf/13.1.0/../../../../mips64-elf/lib/libdragon.a(dragonfs.o)
                0x80022440                dfs_seek
 .text.__lseek  0x80022540       0x80 /n64_toolchain/lib/gcc/mips64-elf/13.1.0/../../../../mips64-elf/lib/libdragon.a(dragonfs.o)
 .text.dfs_read
                0x800225c0      0x280 /n64_toolchain/lib/gcc/mips64-elf/13.1.0/../../../../mips64-elf/lib/libdragon.a(dragonfs.o)
                0x800225c0                dfs_read
 .text.__read   0x80022840       0x20 /n64_toolchain/lib/gcc/mips64-elf/13.1.0/../../../../mips64-elf/lib/libdragon.a(dragonfs.o)
 .text.dfs_rom_addr
                0x80022860       0xa0 /n64_toolchain/lib/gcc/mips64-elf/13.1.0/../../../../mips64-elf/lib/libdragon.a(dragonfs.o)
                0x80022860                dfs_rom_addr
 .text.dfs_init
                0x80022900      0x1e0 /n64_toolchain/lib/gcc/mips64-elf/13.1.0/../../../../mips64-elf/lib/libdragon.a(dragonfs.o)
                0x80022900                dfs_init
 .text.audio_callback.part.0
                0x80022ae0      0x1e0 /n64_toolchain/lib/gcc/mips64-elf/13.1.0/../../../../mips64-elf/lib/libdragon.a(audio.o)
 .text.audio_callback
                0x80022cc0       0x60 /n64_toolchain/lib/gcc/mips64-elf/13.1.0/../../../../mips64-elf/lib/libdragon.a(audio.o)
 .text.audio_init
                0x80022d20      0x200 /n64_toolchain/lib/gcc/mips64-elf/13.1.0/../../../../mips64-elf/lib/libdragon.a(audio.o)
                0x80022d20                audio_init
 .text.audio_write_begin
                0x80022f20      0x100 /n64_toolchain/lib/gcc/mips64-elf/13.1.0/../../../../mips64-elf/lib/libdragon.a(audio.o)
                0x80022f20                audio_write_begin
 .text.audio_write_end
                0x80023020       0x80 /n64_toolchain/lib/gcc/mips64-elf/13.1.0/../../../../mips64-elf/lib/libdragon.a(audio.o)
                0x80023020                audio_write_end
 .text.audio_can_write
                0x800230a0       0x40 /n64_toolchain/lib/gcc/mips64-elf/13.1.0/../../../../mips64-elf/lib/libdragon.a(audio.o)
                0x800230a0                audio_can_write
 .text.audio_get_frequency
                0x800230e0       0x20 /n64_toolchain/lib/gcc/mips64-elf/13.1.0/../../../../mips64-elf/lib/libdragon.a(audio.o)
                0x800230e0                audio_get_frequency
 .text.audio_get_buffer_length
                0x80023100       0x20 /n64_toolchain/lib/gcc/mips64-elf/13.1.0/../../../../mips64-elf/lib/libdragon.a(audio.o)
                0x80023100                audio_get_buffer_length
 .text.__display_callback
                0x80023120       0xc0 /n64_toolchain/lib/gcc/mips64-elf/13.1.0/../../../../mips64-elf/lib/libdragon.a(display.o)
 .text.display_show.part.0
                0x800231e0      0x140 /n64_toolchain/lib/gcc/mips64-elf/13.1.0/../../../../mips64-elf/lib/libdragon.a(display.o)
 .text.display_init
                0x80023320      0x600 /n64_toolchain/lib/gcc/mips64-elf/13.1.0/../../../../mips64-elf/lib/libdragon.a(display.o)
                0x80023320                display_init
 .text.display_close
                0x80023920      0x100 /n64_toolchain/lib/gcc/mips64-elf/13.1.0/../../../../mips64-elf/lib/libdragon.a(display.o)
                0x80023920                display_close
 .text.display_try_get
                0x80023a20       0xc0 /n64_toolchain/lib/gcc/mips64-elf/13.1.0/../../../../mips64-elf/lib/libdragon.a(display.o)
                0x80023a20                display_try_get
 .text.display_get
                0x80023ae0      0x100 /n64_toolchain/lib/gcc/mips64-elf/13.1.0/../../../../mips64-elf/lib/libdragon.a(display.o)
                0x80023ae0                display_get
 .text.display_show
                0x80023be0       0x20 /n64_toolchain/lib/gcc/mips64-elf/13.1.0/../../../../mips64-elf/lib/libdragon.a(display.o)
                0x80023be0                display_show
 .text.display_show_force
                0x80023c00       0x40 /n64_toolchain/lib/gcc/mips64-elf/13.1.0/../../../../mips64-elf/lib/libdragon.a(display.o)
                0x80023c00                display_show_force
 .text.display_get_width
                0x80023c40       0x20 /n64_toolchain/lib/gcc/mips64-elf/13.1.0/../../../../mips64-elf/lib/libdragon.a(display.o)
                0x80023c40                display_get_width
 .text.display_get_height
                0x80023c60       0x20 /n64_toolchain/lib/gcc/mips64-elf/13.1.0/../../../../mips64-elf/lib/libdragon.a(display.o)
                0x80023c60                display_get_height
 .text.display_get_bitdepth
                0x80023c80       0x20 /n64_toolchain/lib/gcc/mips64-elf/13.1.0/../../../../mips64-elf/lib/libdragon.a(display.o)
                0x80023c80                display_get_bitdepth
 .text.tex_format_name
                0x80023ca0       0x40 /n64_toolchain/lib/gcc/mips64-elf/13.1.0/../../../../mips64-elf/lib/libdragon.a(surface.o)
                0x80023ca0                tex_format_name
 .text.surface_alloc
                0x80023ce0       0xe0 /n64_toolchain/lib/gcc/mips64-elf/13.1.0/../../../../mips64-elf/lib/libdragon.a(surface.o)
                0x80023ce0                surface_alloc
 .text.surface_free
                0x80023dc0       0x80 /n64_toolchain/lib/gcc/mips64-elf/13.1.0/../../../../mips64-elf/lib/libdragon.a(surface.o)
                0x80023dc0                surface_free
 .text.controller_interrupt_update
                0x80023e40       0x80 /n64_toolchain/lib/gcc/mips64-elf/13.1.0/../../../../mips64-elf/lib/libdragon.a(controller.o)
 .text.controller_interrupt
                0x80023ec0       0x40 /n64_toolchain/lib/gcc/mips64-elf/13.1.0/../../../../mips64-elf/lib/libdragon.a(controller.o)
 .text.controller_init
                0x80023f00       0xa0 /n64_toolchain/lib/gcc/mips64-elf/13.1.0/../../../../mips64-elf/lib/libdragon.a(controller.o)
                0x80023f00                controller_init
 .text.controller_read
                0x80023fa0       0x20 /n64_toolchain/lib/gcc/mips64-elf/13.1.0/../../../../mips64-elf/lib/libdragon.a(controller.o)
                0x80023fa0                controller_read
 .text.controller_scan
                0x80023fc0      0x100 /n64_toolchain/lib/gcc/mips64-elf/13.1.0/../../../../mips64-elf/lib/libdragon.a(controller.o)
                0x80023fc0                controller_scan
 .text.get_keys_down
                0x800240c0       0xa0 /n64_toolchain/lib/gcc/mips64-elf/13.1.0/../../../../mips64-elf/lib/libdragon.a(controller.o)
                0x800240c0                get_keys_down
 .text.get_keys_pressed
                0x80024160       0x60 /n64_toolchain/lib/gcc/mips64-elf/13.1.0/../../../../mips64-elf/lib/libdragon.a(controller.o)
                0x80024160                get_keys_pressed
 .text.rsp_load_code
                0x800241c0      0x100 /n64_toolchain/lib/gcc/mips64-elf/13.1.0/../../../../mips64-elf/lib/libdragon.a(rsp.o)
                0x800241c0                rsp_load_code
 .text.rsp_load_data
                0x800242c0       0xe0 /n64_toolchain/lib/gcc/mips64-elf/13.1.0/../../../../mips64-elf/lib/libdragon.a(rsp.o)
                0x800242c0                rsp_load_data
 .text.rsp_load
                0x800243a0       0x60 /n64_toolchain/lib/gcc/mips64-elf/13.1.0/../../../../mips64-elf/lib/libdragon.a(rsp.o)
                0x800243a0                rsp_load
 .text.rsp_read_code
                0x80024400       0xe0 /n64_toolchain/lib/gcc/mips64-elf/13.1.0/../../../../mips64-elf/lib/libdragon.a(rsp.o)
                0x80024400                rsp_read_code
 .text.rsp_read_data
                0x800244e0       0xe0 /n64_toolchain/lib/gcc/mips64-elf/13.1.0/../../../../mips64-elf/lib/libdragon.a(rsp.o)
                0x800244e0                rsp_read_data
 .text.__rsp_run_async
                0x800245c0       0x40 /n64_toolchain/lib/gcc/mips64-elf/13.1.0/../../../../mips64-elf/lib/libdragon.a(rsp.o)
                0x800245c0                __rsp_run_async
 .text.__rsp_crash
                0x80024600      0xbe0 /n64_toolchain/lib/gcc/mips64-elf/13.1.0/../../../../mips64-elf/lib/libdragon.a(rsp.o)
                0x80024600                __rsp_crash
 .text.__rsp_check_assert
                0x800251e0       0x80 /n64_toolchain/lib/gcc/mips64-elf/13.1.0/../../../../mips64-elf/lib/libdragon.a(rsp.o)
                0x800251e0                __rsp_check_assert
 .text.rsp_wait
                0x80025260      0x100 /n64_toolchain/lib/gcc/mips64-elf/13.1.0/../../../../mips64-elf/lib/libdragon.a(rsp.o)
                0x80025260                rsp_wait
 .text.rsp_run  0x80025360       0x60 /n64_toolchain/lib/gcc/mips64-elf/13.1.0/../../../../mips64-elf/lib/libdragon.a(rsp.o)
                0x80025360                rsp_run
 .text.cb.2     0x800253c0       0x60 /n64_toolchain/lib/gcc/mips64-elf/13.1.0/../../../../mips64-elf/lib/libdragon.a(inspector.o)
 .text.cb.1     0x80025420       0x60 /n64_toolchain/lib/gcc/mips64-elf/13.1.0/../../../../mips64-elf/lib/libdragon.a(inspector.o)
 .text.cb.0     0x80025480      0x120 /n64_toolchain/lib/gcc/mips64-elf/13.1.0/../../../../mips64-elf/lib/libdragon.a(inspector.o)
 .text.cb.3     0x800255a0      0x120 /n64_toolchain/lib/gcc/mips64-elf/13.1.0/../../../../mips64-elf/lib/libdragon.a(inspector.o)
 .text.inspector_stdout
                0x800256c0      0x240 /n64_toolchain/lib/gcc/mips64-elf/13.1.0/../../../../mips64-elf/lib/libdragon.a(inspector.o)
 .text.title    0x80025900       0xa0 /n64_toolchain/lib/gcc/mips64-elf/13.1.0/../../../../mips64-elf/lib/libdragon.a(inspector.o)
 .text.mips_disasm
                0x800259a0      0x640 /n64_toolchain/lib/gcc/mips64-elf/13.1.0/../../../../mips64-elf/lib/libdragon.a(inspector.o)
 .text.inspector
                0x80025fe0      0xc40 /n64_toolchain/lib/gcc/mips64-elf/13.1.0/../../../../mips64-elf/lib/libdragon.a(inspector.o)
 .text.handler.4
                0x80026c20       0x40 /n64_toolchain/lib/gcc/mips64-elf/13.1.0/../../../../mips64-elf/lib/libdragon.a(inspector.o)
 .text.__inspector_exception
                0x80026c60       0x20 /n64_toolchain/lib/gcc/mips64-elf/13.1.0/../../../../mips64-elf/lib/libdragon.a(inspector.o)
                0x80026c60                __inspector_exception
 .text.__inspector_assertion
                0x80026c80       0x20 /n64_toolchain/lib/gcc/mips64-elf/13.1.0/../../../../mips64-elf/lib/libdragon.a(inspector.o)
                0x80026c80                __inspector_assertion
 .text.startup.__inspector_init
                0x80026ca0       0x20 /n64_toolchain/lib/gcc/mips64-elf/13.1.0/../../../../mips64-elf/lib/libdragon.a(inspector.o)
                0x80026ca0                __inspector_init
 .text.__sprite_ext
                0x80026cc0       0xa0 /n64_toolchain/lib/gcc/mips64-elf/13.1.0/../../../../mips64-elf/lib/libdragon.a(sprite.o)
                0x80026cc0                __sprite_ext
 .text.sprite_load
                0x80026d60       0x80 /n64_toolchain/lib/gcc/mips64-elf/13.1.0/../../../../mips64-elf/lib/libdragon.a(sprite.o)
                0x80026d60                sprite_load
 .text.sprite_get_pixels
                0x80026de0       0x60 /n64_toolchain/lib/gcc/mips64-elf/13.1.0/../../../../mips64-elf/lib/libdragon.a(sprite.o)
                0x80026de0                sprite_get_pixels
 .text.sprite_get_lod_pixels
                0x80026e40      0x160 /n64_toolchain/lib/gcc/mips64-elf/13.1.0/../../../../mips64-elf/lib/libdragon.a(sprite.o)
                0x80026e40                sprite_get_lod_pixels
 .text.sprite_get_palette
                0x80026fa0       0x60 /n64_toolchain/lib/gcc/mips64-elf/13.1.0/../../../../mips64-elf/lib/libdragon.a(sprite.o)
                0x80026fa0                sprite_get_palette
 .text.dma_write_raw_async.part.0
                0x80027000       0x40 /n64_toolchain/lib/gcc/mips64-elf/13.1.0/../../../../mips64-elf/lib/libdragon.a(dma.o)
 .text.dma_read_raw_async
                0x80027040       0xa0 /n64_toolchain/lib/gcc/mips64-elf/13.1.0/../../../../mips64-elf/lib/libdragon.a(dma.o)
                0x80027040                dma_read_raw_async
 .text.dma_read_async
                0x800270e0      0x3a0 /n64_toolchain/lib/gcc/mips64-elf/13.1.0/../../../../mips64-elf/lib/libdragon.a(dma.o)
                0x800270e0                dma_read_async
 .text.dma_read
                0x80027480       0x40 /n64_toolchain/lib/gcc/mips64-elf/13.1.0/../../../../mips64-elf/lib/libdragon.a(dma.o)
                0x80027480                dma_read
 .text.dma_write
                0x800274c0       0xa0 /n64_toolchain/lib/gcc/mips64-elf/13.1.0/../../../../mips64-elf/lib/libdragon.a(dma.o)
                0x800274c0                dma_write
 .text.io_read  0x80027560       0x60 /n64_toolchain/lib/gcc/mips64-elf/13.1.0/../../../../mips64-elf/lib/libdragon.a(dma.o)
                0x80027560                io_read
 .text.io_write
                0x800275c0       0x60 /n64_toolchain/lib/gcc/mips64-elf/13.1.0/../../../../mips64-elf/lib/libdragon.a(dma.o)
                0x800275c0                io_write
 .text.cb.0     0x80027620       0x40 /n64_toolchain/lib/gcc/mips64-elf/13.1.0/../../../../mips64-elf/lib/libdragon.a(exception.o)
 .text.cb.1     0x80027660       0x80 /n64_toolchain/lib/gcc/mips64-elf/13.1.0/../../../../mips64-elf/lib/libdragon.a(exception.o)
 .text.__get_exception_name.isra.0
                0x800276e0      0x1a0 /n64_toolchain/lib/gcc/mips64-elf/13.1.0/../../../../mips64-elf/lib/libdragon.a(exception.o)
 .text.__exception_dump_header
                0x80027880      0x260 /n64_toolchain/lib/gcc/mips64-elf/13.1.0/../../../../mips64-elf/lib/libdragon.a(exception.o)
                0x80027880                __exception_dump_header
 .text.__exception_dump_gpr
                0x80027ae0      0x160 /n64_toolchain/lib/gcc/mips64-elf/13.1.0/../../../../mips64-elf/lib/libdragon.a(exception.o)
                0x80027ae0                __exception_dump_gpr
 .text.__exception_dump_fpr
                0x80027c40      0x2a0 /n64_toolchain/lib/gcc/mips64-elf/13.1.0/../../../../mips64-elf/lib/libdragon.a(exception.o)
                0x80027c40                __exception_dump_fpr
 .text.exception_default_handler
                0x80027ee0      0x1a0 /n64_toolchain/lib/gcc/mips64-elf/13.1.0/../../../../mips64-elf/lib/libdragon.a(exception.o)
                0x80027ee0                exception_default_handler
 .text.__onCriticalException
                0x80028080       0x60 /n64_toolchain/lib/gcc/mips64-elf/13.1.0/../../../../mips64-elf/lib/libdragon.a(exception.o)
                0x80028080                __onCriticalException
 .text.register_syscall_handler
                0x800280e0      0x1a0 /n64_toolchain/lib/gcc/mips64-elf/13.1.0/../../../../mips64-elf/lib/libdragon.a(exception.o)
                0x800280e0                register_syscall_handler
 .text.__onSyscallException
                0x80028280      0x140 /n64_toolchain/lib/gcc/mips64-elf/13.1.0/../../../../mips64-elf/lib/libdragon.a(exception.o)
                0x80028280                __onSyscallException
 .text.__register_frame_info
                0x800283c0       0x20 /n64_toolchain/lib/gcc/mips64-elf/13.1.0/../../../../mips64-elf/lib/libdragon.a(do_ctors.o)
                0x800283c0                __register_frame_info
 .text.__wrap___do_global_ctors
                0x800283e0       0xe0 /n64_toolchain/lib/gcc/mips64-elf/13.1.0/../../../../mips64-elf/lib/libdragon.a(do_ctors.o)
                0x800283e0                __wrap___do_global_ctors
 .text.mixer_init_samplebuffers
                0x800284c0      0x220 /n64_toolchain/lib/gcc/mips64-elf/13.1.0/../../../../mips64-elf/lib/libdragon.a(mixer.o)
 .text.waveform_read
                0x800286e0      0x1c0 /n64_toolchain/lib/gcc/mips64-elf/13.1.0/../../../../mips64-elf/lib/libdragon.a(mixer.o)
 .text.mixer_ch_set_freq
                0x800288a0      0x100 /n64_toolchain/lib/gcc/mips64-elf/13.1.0/../../../../mips64-elf/lib/libdragon.a(mixer.o)
                0x800288a0                mixer_ch_set_freq
 .text.mixer_ch_play
                0x800289a0      0x300 /n64_toolchain/lib/gcc/mips64-elf/13.1.0/../../../../mips64-elf/lib/libdragon.a(mixer.o)
                0x800289a0                mixer_ch_play
 .text.mixer_ch_set_limits
                0x80028ca0      0x1a0 /n64_toolchain/lib/gcc/mips64-elf/13.1.0/../../../../mips64-elf/lib/libdragon.a(mixer.o)
                0x80028ca0                mixer_ch_set_limits
 .text.mixer_init
                0x80028e40      0x180 /n64_toolchain/lib/gcc/mips64-elf/13.1.0/../../../../mips64-elf/lib/libdragon.a(mixer.o)
                0x80028e40                mixer_init
 .text.mixer_remove_event
                0x80028fc0       0xa0 /n64_toolchain/lib/gcc/mips64-elf/13.1.0/../../../../mips64-elf/lib/libdragon.a(mixer.o)
                0x80028fc0                mixer_remove_event
 .text.mixer_poll
                0x80029060      0x9e0 /n64_toolchain/lib/gcc/mips64-elf/13.1.0/../../../../mips64-elf/lib/libdragon.a(mixer.o)
                0x80029060                mixer_poll
 .text.samplebuffer_init
                0x80029a40       0xc0 /n64_toolchain/lib/gcc/mips64-elf/13.1.0/../../../../mips64-elf/lib/libdragon.a(samplebuffer.o)
                0x80029a40                samplebuffer_init
 .text.samplebuffer_set_bps
                0x80029b00      0x140 /n64_toolchain/lib/gcc/mips64-elf/13.1.0/../../../../mips64-elf/lib/libdragon.a(samplebuffer.o)
                0x80029b00                samplebuffer_set_bps
 .text.samplebuffer_set_waveform
                0x80029c40       0x20 /n64_toolchain/lib/gcc/mips64-elf/13.1.0/../../../../mips64-elf/lib/libdragon.a(samplebuffer.o)
                0x80029c40                samplebuffer_set_waveform
 .text.samplebuffer_close
                0x80029c60       0x20 /n64_toolchain/lib/gcc/mips64-elf/13.1.0/../../../../mips64-elf/lib/libdragon.a(samplebuffer.o)
                0x80029c60                samplebuffer_close
 .text.samplebuffer_get
                0x80029c80      0x1c0 /n64_toolchain/lib/gcc/mips64-elf/13.1.0/../../../../mips64-elf/lib/libdragon.a(samplebuffer.o)
                0x80029c80                samplebuffer_get
 .text.samplebuffer_discard
                0x80029e40      0x120 /n64_toolchain/lib/gcc/mips64-elf/13.1.0/../../../../mips64-elf/lib/libdragon.a(samplebuffer.o)
                0x80029e40                samplebuffer_discard
 .text.samplebuffer_append
                0x80029f60      0x1a0 /n64_toolchain/lib/gcc/mips64-elf/13.1.0/../../../../mips64-elf/lib/libdragon.a(samplebuffer.o)
                0x80029f60                samplebuffer_append
 .text.samplebuffer_flush
                0x8002a100       0x20 /n64_toolchain/lib/gcc/mips64-elf/13.1.0/../../../../mips64-elf/lib/libdragon.a(samplebuffer.o)
                0x8002a100                samplebuffer_flush
 .text.waveform_read
                0x8002a120       0xa0 /n64_toolchain/lib/gcc/mips64-elf/13.1.0/../../../../mips64-elf/lib/libdragon.a(wav64.o)
 .text.wav64_open
                0x8002a1c0      0x2a0 /n64_toolchain/lib/gcc/mips64-elf/13.1.0/../../../../mips64-elf/lib/libdragon.a(wav64.o)
                0x8002a1c0                wav64_open
 .text.wav64_play
                0x8002a460       0x20 /n64_toolchain/lib/gcc/mips64-elf/13.1.0/../../../../mips64-elf/lib/libdragon.a(wav64.o)
                0x8002a460                wav64_play
 .text.wav64_set_loop
                0x8002a480       0x40 /n64_toolchain/lib/gcc/mips64-elf/13.1.0/../../../../mips64-elf/lib/libdragon.a(wav64.o)
                0x8002a480                wav64_set_loop
 .text.rspq_sp_interrupt
                0x8002a4c0       0xa0 /n64_toolchain/lib/gcc/mips64-elf/13.1.0/../../../../mips64-elf/lib/libdragon.a(rspq.o)
 .text.rspq_get_current_ovl
                0x8002a560       0xc0 /n64_toolchain/lib/gcc/mips64-elf/13.1.0/../../../../mips64-elf/lib/libdragon.a(rspq.o)
 .text.rspq_switch_context
                0x8002a620       0x60 /n64_toolchain/lib/gcc/mips64-elf/13.1.0/../../../../mips64-elf/lib/libdragon.a(rspq.o)
 .text.rspq_flush_internal
                0x8002a680       0x40 /n64_toolchain/lib/gcc/mips64-elf/13.1.0/../../../../mips64-elf/lib/libdragon.a(rspq.o)
 .text.rspq_crash_handler
                0x8002a6c0      0x340 /n64_toolchain/lib/gcc/mips64-elf/13.1.0/../../../../mips64-elf/lib/libdragon.a(rspq.o)
 .text.rspq_init_context
                0x8002aa00       0xa0 /n64_toolchain/lib/gcc/mips64-elf/13.1.0/../../../../mips64-elf/lib/libdragon.a(rspq.o)
 .text.rspq_assert_handler
                0x8002aaa0       0xc0 /n64_toolchain/lib/gcc/mips64-elf/13.1.0/../../../../mips64-elf/lib/libdragon.a(rspq.o)
 .text.rspq_switch_buffer.part.0
                0x8002ab60       0x40 /n64_toolchain/lib/gcc/mips64-elf/13.1.0/../../../../mips64-elf/lib/libdragon.a(rspq.o)
 .text.rspq_init
                0x8002aba0      0x360 /n64_toolchain/lib/gcc/mips64-elf/13.1.0/../../../../mips64-elf/lib/libdragon.a(rspq.o)
                0x8002aba0                rspq_init
 .text.rspq_next_buffer
                0x8002af00      0x2e0 /n64_toolchain/lib/gcc/mips64-elf/13.1.0/../../../../mips64-elf/lib/libdragon.a(rspq.o)
                0x8002af00                rspq_next_buffer
 .text.rspq_flush
                0x8002b1e0       0x40 /n64_toolchain/lib/gcc/mips64-elf/13.1.0/../../../../mips64-elf/lib/libdragon.a(rspq.o)
                0x8002b1e0                rspq_flush
 .text.rspq_highpri_begin
                0x8002b220       0xe0 /n64_toolchain/lib/gcc/mips64-elf/13.1.0/../../../../mips64-elf/lib/libdragon.a(rspq.o)
                0x8002b220                rspq_highpri_begin
 .text.rspq_highpri_end
                0x8002b300       0xa0 /n64_toolchain/lib/gcc/mips64-elf/13.1.0/../../../../mips64-elf/lib/libdragon.a(rspq.o)
                0x8002b300                rspq_highpri_end
 .text.rspq_highpri_sync
                0x8002b3a0      0x140 /n64_toolchain/lib/gcc/mips64-elf/13.1.0/../../../../mips64-elf/lib/libdragon.a(rspq.o)
                0x8002b3a0                rspq_highpri_sync
 .text.rspq_block_begin
                0x8002b4e0      0x100 /n64_toolchain/lib/gcc/mips64-elf/13.1.0/../../../../mips64-elf/lib/libdragon.a(rspq.o)
                0x8002b4e0                rspq_block_begin
 .text.rspq_block_end
                0x8002b5e0       0xa0 /n64_toolchain/lib/gcc/mips64-elf/13.1.0/../../../../mips64-elf/lib/libdragon.a(rspq.o)
                0x8002b5e0                rspq_block_end
 .text.rspq_block_free
                0x8002b680       0xe0 /n64_toolchain/lib/gcc/mips64-elf/13.1.0/../../../../mips64-elf/lib/libdragon.a(rspq.o)
                0x8002b680                rspq_block_free
 .text.rspq_block_run
                0x8002b760      0x120 /n64_toolchain/lib/gcc/mips64-elf/13.1.0/../../../../mips64-elf/lib/libdragon.a(rspq.o)
                0x8002b760                rspq_block_run
 .text.rspq_block_run_rsp
                0x8002b880       0x80 /n64_toolchain/lib/gcc/mips64-elf/13.1.0/../../../../mips64-elf/lib/libdragon.a(rspq.o)
                0x8002b880                rspq_block_run_rsp
 .text.rspq_syncpoint_new
                0x8002b900       0xe0 /n64_toolchain/lib/gcc/mips64-elf/13.1.0/../../../../mips64-elf/lib/libdragon.a(rspq.o)
                0x8002b900                rspq_syncpoint_new
 .text.rspq_syncpoint_wait
                0x8002b9e0      0x160 /n64_toolchain/lib/gcc/mips64-elf/13.1.0/../../../../mips64-elf/lib/libdragon.a(rspq.o)
                0x8002b9e0                rspq_syncpoint_wait
 .text.rspq_wait
                0x8002bb40       0xa0 /n64_toolchain/lib/gcc/mips64-elf/13.1.0/../../../../mips64-elf/lib/libdragon.a(rspq.o)
                0x8002bb40                rspq_wait
 .text.rspq_overlay_get_state
                0x8002bbe0      0x160 /n64_toolchain/lib/gcc/mips64-elf/13.1.0/../../../../mips64-elf/lib/libdragon.a(rspq.o)
                0x8002bbe0                rspq_overlay_get_state
 .text.rspq_overlay_register_internal
                0x8002bd40      0x580 /n64_toolchain/lib/gcc/mips64-elf/13.1.0/../../../../mips64-elf/lib/libdragon.a(rspq.o)
 .text.rspq_overlay_register
                0x8002c2c0       0x20 /n64_toolchain/lib/gcc/mips64-elf/13.1.0/../../../../mips64-elf/lib/libdragon.a(rspq.o)
                0x8002c2c0                rspq_overlay_register
 .text.rspq_overlay_register_static
                0x8002c2e0       0x60 /n64_toolchain/lib/gcc/mips64-elf/13.1.0/../../../../mips64-elf/lib/libdragon.a(rspq.o)
                0x8002c2e0                rspq_overlay_register_static
 .text.rdpq_assert_handler
                0x8002c340       0xa0 /n64_toolchain/lib/gcc/mips64-elf/13.1.0/../../../../mips64-elf/lib/libdragon.a(rdpq.o)
 .text.__rdpq_interrupt
                0x8002c3e0       0xa0 /n64_toolchain/lib/gcc/mips64-elf/13.1.0/../../../../mips64-elf/lib/libdragon.a(rdpq.o)
 .text.rdpq_set_tile
                0x8002c480      0x240 /n64_toolchain/lib/gcc/mips64-elf/13.1.0/../../../../mips64-elf/lib/libdragon.a(rdpq.o)
                0x8002c480                rdpq_set_tile
 .text.rdpq_config_set
                0x8002c6c0       0x20 /n64_toolchain/lib/gcc/mips64-elf/13.1.0/../../../../mips64-elf/lib/libdragon.a(rdpq.o)
                0x8002c6c0                rdpq_config_set
 .text.rdpq_config_disable
                0x8002c6e0       0x20 /n64_toolchain/lib/gcc/mips64-elf/13.1.0/../../../../mips64-elf/lib/libdragon.a(rdpq.o)
                0x8002c6e0                rdpq_config_disable
 .text.__rdpq_block_begin
                0x8002c700       0x40 /n64_toolchain/lib/gcc/mips64-elf/13.1.0/../../../../mips64-elf/lib/libdragon.a(rdpq.o)
                0x8002c700                __rdpq_block_begin
 .text.__rdpq_block_next_buffer
                0x8002c740      0x180 /n64_toolchain/lib/gcc/mips64-elf/13.1.0/../../../../mips64-elf/lib/libdragon.a(rdpq.o)
                0x8002c740                __rdpq_block_next_buffer
 .text.rdpq_fence
                0x8002c8c0      0x140 /n64_toolchain/lib/gcc/mips64-elf/13.1.0/../../../../mips64-elf/lib/libdragon.a(rdpq.o)
                0x8002c8c0                rdpq_fence
 .text.__rdpq_block_end
                0x8002ca00       0x40 /n64_toolchain/lib/gcc/mips64-elf/13.1.0/../../../../mips64-elf/lib/libdragon.a(rdpq.o)
                0x8002ca00                __rdpq_block_end
 .text.__rdpq_block_run
                0x8002ca40       0x40 /n64_toolchain/lib/gcc/mips64-elf/13.1.0/../../../../mips64-elf/lib/libdragon.a(rdpq.o)
                0x8002ca40                __rdpq_block_run
 .text.__rdpq_block_free
                0x8002ca80       0x60 /n64_toolchain/lib/gcc/mips64-elf/13.1.0/../../../../mips64-elf/lib/libdragon.a(rdpq.o)
                0x8002ca80                __rdpq_block_free
 .text.__rdpq_block_update
                0x8002cae0      0x120 /n64_toolchain/lib/gcc/mips64-elf/13.1.0/../../../../mips64-elf/lib/libdragon.a(rdpq.o)
                0x8002cae0                __rdpq_block_update
 .text.__rdpq_block_update_norsp
                0x8002cc00       0x20 /n64_toolchain/lib/gcc/mips64-elf/13.1.0/../../../../mips64-elf/lib/libdragon.a(rdpq.o)
                0x8002cc00                __rdpq_block_update_norsp
 .text.__rdpq_write8
                0x8002cc20       0xe0 /n64_toolchain/lib/gcc/mips64-elf/13.1.0/../../../../mips64-elf/lib/libdragon.a(rdpq.o)
                0x8002cc20                __rdpq_write8
 .text.__rdpq_autosync_change
                0x8002cd00      0x140 /n64_toolchain/lib/gcc/mips64-elf/13.1.0/../../../../mips64-elf/lib/libdragon.a(rdpq.o)
                0x8002cd00                __rdpq_autosync_change
 .text.__rdpq_write8_syncchange
                0x8002ce40       0x60 /n64_toolchain/lib/gcc/mips64-elf/13.1.0/../../../../mips64-elf/lib/libdragon.a(rdpq.o)
                0x8002ce40                __rdpq_write8_syncchange
 .text.__rdpq_fixup_write8_syncchange
                0x8002cea0      0x140 /n64_toolchain/lib/gcc/mips64-elf/13.1.0/../../../../mips64-elf/lib/libdragon.a(rdpq.o)
                0x8002cea0                __rdpq_fixup_write8_syncchange
 .text.__rdpq_write8_syncchangeuse
                0x8002cfe0       0x80 /n64_toolchain/lib/gcc/mips64-elf/13.1.0/../../../../mips64-elf/lib/libdragon.a(rdpq.o)
                0x8002cfe0                __rdpq_write8_syncchangeuse
 .text.__rdpq_set_scissor
                0x8002d060      0x100 /n64_toolchain/lib/gcc/mips64-elf/13.1.0/../../../../mips64-elf/lib/libdragon.a(rdpq.o)
                0x8002d060                __rdpq_set_scissor
 .text.__rdpq_set_fill_color
                0x8002d160      0x100 /n64_toolchain/lib/gcc/mips64-elf/13.1.0/../../../../mips64-elf/lib/libdragon.a(rdpq.o)
                0x8002d160                __rdpq_set_fill_color
 .text.__rdpq_set_color_image
                0x8002d260      0x140 /n64_toolchain/lib/gcc/mips64-elf/13.1.0/../../../../mips64-elf/lib/libdragon.a(rdpq.o)
                0x8002d260                __rdpq_set_color_image
 .text.rdpq_set_color_image
                0x8002d3a0      0x180 /n64_toolchain/lib/gcc/mips64-elf/13.1.0/../../../../mips64-elf/lib/libdragon.a(rdpq.o)
                0x8002d3a0                rdpq_set_color_image
 .text.rdpq_set_z_image
                0x8002d520       0xc0 /n64_toolchain/lib/gcc/mips64-elf/13.1.0/../../../../mips64-elf/lib/libdragon.a(rdpq.o)
                0x8002d520                rdpq_set_z_image
 .text.rdpq_set_texture_image
                0x8002d5e0      0x140 /n64_toolchain/lib/gcc/mips64-elf/13.1.0/../../../../mips64-elf/lib/libdragon.a(rdpq.o)
                0x8002d5e0                rdpq_set_texture_image
 .text.__rdpq_set_other_modes
                0x8002d720      0x140 /n64_toolchain/lib/gcc/mips64-elf/13.1.0/../../../../mips64-elf/lib/libdragon.a(rdpq.o)
                0x8002d720                __rdpq_set_other_modes
 .text.rdpq_init
                0x8002d860      0x120 /n64_toolchain/lib/gcc/mips64-elf/13.1.0/../../../../mips64-elf/lib/libdragon.a(rdpq.o)
                0x8002d860                rdpq_init
 .text.rdpq_set_tile_autotmem
                0x8002d980       0xa0 /n64_toolchain/lib/gcc/mips64-elf/13.1.0/../../../../mips64-elf/lib/libdragon.a(rdpq.o)
                0x8002d980                rdpq_set_tile_autotmem
 .text.rdpq_sync_full
                0x8002da20      0x120 /n64_toolchain/lib/gcc/mips64-elf/13.1.0/../../../../mips64-elf/lib/libdragon.a(rdpq.o)
                0x8002da20                rdpq_sync_full
 .text.decode_som
                0x8002db40      0x2a0 /n64_toolchain/lib/gcc/mips64-elf/13.1.0/../../../../mips64-elf/lib/libdragon.a(rdpq_debug.o)
 .text.mark_busy_tmem
                0x8002dde0      0x160 /n64_toolchain/lib/gcc/mips64-elf/13.1.0/../../../../mips64-elf/lib/libdragon.a(rdpq_debug.o)
 .text.__rdpq_debug_disasm
                0x8002df40     0x2440 /n64_toolchain/lib/gcc/mips64-elf/13.1.0/../../../../mips64-elf/lib/libdragon.a(rdpq_debug.o)
 .text.rdpq_debug_start
                0x80030380      0x100 /n64_toolchain/lib/gcc/mips64-elf/13.1.0/../../../../mips64-elf/lib/libdragon.a(rdpq_debug.o)
                0x80030380                rdpq_debug_start
 .text.rdpq_debug_log
                0x80030480      0x100 /n64_toolchain/lib/gcc/mips64-elf/13.1.0/../../../../mips64-elf/lib/libdragon.a(rdpq_debug.o)
                0x80030480                rdpq_debug_log
 .text.rdpq_debug_log_msg
                0x80030580       0xe0 /n64_toolchain/lib/gcc/mips64-elf/13.1.0/../../../../mips64-elf/lib/libdragon.a(rdpq_debug.o)
                0x80030580                rdpq_debug_log_msg
 .text.rdpq_debug_disasm
                0x80030660      0x1a0 /n64_toolchain/lib/gcc/mips64-elf/13.1.0/../../../../mips64-elf/lib/libdragon.a(rdpq_debug.o)
                0x80030660                rdpq_debug_disasm
 .text.validate_emit_error
                0x80030800      0x480 /n64_toolchain/lib/gcc/mips64-elf/13.1.0/../../../../mips64-elf/lib/libdragon.a(rdpq_debug.o)
 .text.lazy_validate_rendertarget
                0x80030c80      0x1a0 /n64_toolchain/lib/gcc/mips64-elf/13.1.0/../../../../mips64-elf/lib/libdragon.a(rdpq_debug.o)
 .text.lazy_validate_rendermode.part.0
                0x80030e20      0x540 /n64_toolchain/lib/gcc/mips64-elf/13.1.0/../../../../mips64-elf/lib/libdragon.a(rdpq_debug.o)
 .text.validate_draw_cmd
                0x80031360      0x460 /n64_toolchain/lib/gcc/mips64-elf/13.1.0/../../../../mips64-elf/lib/libdragon.a(rdpq_debug.o)
 .text.validate_use_tile.constprop.0
                0x800317c0      0x740 /n64_toolchain/lib/gcc/mips64-elf/13.1.0/../../../../mips64-elf/lib/libdragon.a(rdpq_debug.o)
 .text.rdpq_validate
                0x80031f00     0x1320 /n64_toolchain/lib/gcc/mips64-elf/13.1.0/../../../../mips64-elf/lib/libdragon.a(rdpq_debug.o)
                0x80031f00                rdpq_validate
 .text.__rdpq_trace_flush
                0x80033220      0x2c0 /n64_toolchain/lib/gcc/mips64-elf/13.1.0/../../../../mips64-elf/lib/libdragon.a(rdpq_debug.o)
                0x80033220                __rdpq_trace_flush
 .text.__rdpq_trace_fetch
                0x800334e0      0x220 /n64_toolchain/lib/gcc/mips64-elf/13.1.0/../../../../mips64-elf/lib/libdragon.a(rdpq_debug.o)
                0x800334e0                __rdpq_trace_fetch
 .text.__rdpq_trace
                0x80033700       0x20 /n64_toolchain/lib/gcc/mips64-elf/13.1.0/../../../../mips64-elf/lib/libdragon.a(rdpq_debug.o)
                0x80033700                __rdpq_trace
 .text.__rdpq_fill_rectangle
                0x80033720      0x160 /n64_toolchain/lib/gcc/mips64-elf/13.1.0/../../../../mips64-elf/lib/libdragon.a(rdpq_rect.o)
                0x80033720                __rdpq_fill_rectangle
 .text.__rdpq_fill_rectangle_offline
                0x80033880       0x80 /n64_toolchain/lib/gcc/mips64-elf/13.1.0/../../../../mips64-elf/lib/libdragon.a(rdpq_rect.o)
                0x80033880                __rdpq_fill_rectangle_offline
 .text.__rdpq_texture_rectangle
                0x80033900      0x1e0 /n64_toolchain/lib/gcc/mips64-elf/13.1.0/../../../../mips64-elf/lib/libdragon.a(rdpq_rect.o)
                0x80033900                __rdpq_texture_rectangle
 .text.__rdpq_texture_rectangle_offline
                0x80033ae0      0x1a0 /n64_toolchain/lib/gcc/mips64-elf/13.1.0/../../../../mips64-elf/lib/libdragon.a(rdpq_rect.o)
                0x80033ae0                __rdpq_texture_rectangle_offline
 .text.__rdpq_texture_rectangle_scaled_offline
                0x80033c80      0x200 /n64_toolchain/lib/gcc/mips64-elf/13.1.0/../../../../mips64-elf/lib/libdragon.a(rdpq_rect.o)
                0x80033c80                __rdpq_texture_rectangle_scaled_offline
 .text.__rdpq_fixup_mode
                0x80033e80      0x100 /n64_toolchain/lib/gcc/mips64-elf/13.1.0/../../../../mips64-elf/lib/libdragon.a(rdpq_mode.o)
                0x80033e80                __rdpq_fixup_mode
 .text.__rdpq_fixup_mode3
                0x80033f80      0x120 /n64_toolchain/lib/gcc/mips64-elf/13.1.0/../../../../mips64-elf/lib/libdragon.a(rdpq_mode.o)
                0x80033f80                __rdpq_fixup_mode3
 .text.__rdpq_mode_change_som
                0x800340a0       0xa0 /n64_toolchain/lib/gcc/mips64-elf/13.1.0/../../../../mips64-elf/lib/libdragon.a(rdpq_mode.o)
                0x800340a0                __rdpq_mode_change_som
 .text.rdpq_mode_alphacompare
                0x80034140       0xa0 /n64_toolchain/lib/gcc/mips64-elf/13.1.0/../../../../mips64-elf/lib/libdragon.a(rdpq_mode.o)
                0x80034140                rdpq_mode_alphacompare
 .text.__rdpq_fixup_mode4
                0x800341e0      0x120 /n64_toolchain/lib/gcc/mips64-elf/13.1.0/../../../../mips64-elf/lib/libdragon.a(rdpq_mode.o)
                0x800341e0                __rdpq_fixup_mode4
 .text.__rdpq_reset_render_mode
                0x80034300      0x120 /n64_toolchain/lib/gcc/mips64-elf/13.1.0/../../../../mips64-elf/lib/libdragon.a(rdpq_mode.o)
                0x80034300                __rdpq_reset_render_mode
 .text.rdpq_mode_push
                0x80034420       0x40 /n64_toolchain/lib/gcc/mips64-elf/13.1.0/../../../../mips64-elf/lib/libdragon.a(rdpq_mode.o)
                0x80034420                rdpq_mode_push
 .text.rdpq_mode_pop
                0x80034460       0x20 /n64_toolchain/lib/gcc/mips64-elf/13.1.0/../../../../mips64-elf/lib/libdragon.a(rdpq_mode.o)
                0x80034460                rdpq_mode_pop
 .text.__rdpq_set_mode_fill
                0x80034480       0x80 /n64_toolchain/lib/gcc/mips64-elf/13.1.0/../../../../mips64-elf/lib/libdragon.a(rdpq_mode.o)
                0x80034480                __rdpq_set_mode_fill
 .text.rdpq_set_mode_copy
                0x80034500       0x80 /n64_toolchain/lib/gcc/mips64-elf/13.1.0/../../../../mips64-elf/lib/libdragon.a(rdpq_mode.o)
                0x80034500                rdpq_set_mode_copy
 .text.rdpq_set_mode_standard
                0x80034580       0xc0 /n64_toolchain/lib/gcc/mips64-elf/13.1.0/../../../../mips64-elf/lib/libdragon.a(rdpq_mode.o)
                0x80034580                rdpq_set_mode_standard
 .text.rdpq_mode_begin
                0x80034640       0x40 /n64_toolchain/lib/gcc/mips64-elf/13.1.0/../../../../mips64-elf/lib/libdragon.a(rdpq_mode.o)
                0x80034640                rdpq_mode_begin
 .text.rdpq_mode_end
                0x80034680       0x40 /n64_toolchain/lib/gcc/mips64-elf/13.1.0/../../../../mips64-elf/lib/libdragon.a(rdpq_mode.o)
                0x80034680                rdpq_mode_end
 .text.sprite_upload_palette
                0x800346c0       0xe0 /n64_toolchain/lib/gcc/mips64-elf/13.1.0/../../../../mips64-elf/lib/libdragon.a(rdpq_sprite.o)
 .text.rdpq_sprite_blit
                0x800347a0       0x80 /n64_toolchain/lib/gcc/mips64-elf/13.1.0/../../../../mips64-elf/lib/libdragon.a(rdpq_sprite.o)
                0x800347a0                rdpq_sprite_blit
 .text.draw_cb.0
                0x80034820      0x100 /n64_toolchain/lib/gcc/mips64-elf/13.1.0/../../../../mips64-elf/lib/libdragon.a(rdpq_tex.o)
 .text.draw_cb.1
                0x80034920      0x140 /n64_toolchain/lib/gcc/mips64-elf/13.1.0/../../../../mips64-elf/lib/libdragon.a(rdpq_tex.o)
 .text.draw_cb_multi_rot.2
                0x80034a60      0x300 /n64_toolchain/lib/gcc/mips64-elf/13.1.0/../../../../mips64-elf/lib/libdragon.a(rdpq_tex.o)
 .text.draw_cb.3
                0x80034d60      0x1c0 /n64_toolchain/lib/gcc/mips64-elf/13.1.0/../../../../mips64-elf/lib/libdragon.a(rdpq_tex.o)
 .text.rdpq_load_block.part.0
                0x80034f20       0x40 /n64_toolchain/lib/gcc/mips64-elf/13.1.0/../../../../mips64-elf/lib/libdragon.a(rdpq_tex.o)
 .text.texload_set_rect
                0x80034f60      0x580 /n64_toolchain/lib/gcc/mips64-elf/13.1.0/../../../../mips64-elf/lib/libdragon.a(rdpq_tex.o)
 .text.texload_tile
                0x800354e0      0x260 /n64_toolchain/lib/gcc/mips64-elf/13.1.0/../../../../mips64-elf/lib/libdragon.a(rdpq_tex.o)
 .text.texload_tile_4bpp
                0x80035740      0x360 /n64_toolchain/lib/gcc/mips64-elf/13.1.0/../../../../mips64-elf/lib/libdragon.a(rdpq_tex.o)
 .text.texload_block_4bpp
                0x80035aa0      0x400 /n64_toolchain/lib/gcc/mips64-elf/13.1.0/../../../../mips64-elf/lib/libdragon.a(rdpq_tex.o)
 .text.texload_block_8bpp
                0x80035ea0      0x3c0 /n64_toolchain/lib/gcc/mips64-elf/13.1.0/../../../../mips64-elf/lib/libdragon.a(rdpq_tex.o)
 .text.texload_block
                0x80036260      0x3c0 /n64_toolchain/lib/gcc/mips64-elf/13.1.0/../../../../mips64-elf/lib/libdragon.a(rdpq_tex.o)
 .text.tex_loader_load
                0x80036620      0x120 /n64_toolchain/lib/gcc/mips64-elf/13.1.0/../../../../mips64-elf/lib/libdragon.a(rdpq_tex.o)
                0x80036620                tex_loader_load
 .text.tex_draw_split
                0x80036740      0x220 /n64_toolchain/lib/gcc/mips64-elf/13.1.0/../../../../mips64-elf/lib/libdragon.a(rdpq_tex.o)
 .text.tex_xblit_norotate_noscale
                0x80036960      0x140 /n64_toolchain/lib/gcc/mips64-elf/13.1.0/../../../../mips64-elf/lib/libdragon.a(rdpq_tex.o)
 .text.tex_xblit_norotate
                0x80036aa0      0x200 /n64_toolchain/lib/gcc/mips64-elf/13.1.0/../../../../mips64-elf/lib/libdragon.a(rdpq_tex.o)
 .text.tex_xblit
                0x80036ca0      0x2e0 /n64_toolchain/lib/gcc/mips64-elf/13.1.0/../../../../mips64-elf/lib/libdragon.a(rdpq_tex.o)
 .text.rdpq_tex_upload_sub
                0x80036f80      0x1c0 /n64_toolchain/lib/gcc/mips64-elf/13.1.0/../../../../mips64-elf/lib/libdragon.a(rdpq_tex.o)
                0x80036f80                rdpq_tex_upload_sub
 .text.rdpq_tex_upload
                0x80037140       0x40 /n64_toolchain/lib/gcc/mips64-elf/13.1.0/../../../../mips64-elf/lib/libdragon.a(rdpq_tex.o)
                0x80037140                rdpq_tex_upload
 .text.rdpq_tex_blit
                0x80037180       0xc0 /n64_toolchain/lib/gcc/mips64-elf/13.1.0/../../../../mips64-elf/lib/libdragon.a(rdpq_tex.o)
                0x80037180                rdpq_tex_blit
 .text.rdpq_tex_upload_tlut
                0x80037240      0x180 /n64_toolchain/lib/gcc/mips64-elf/13.1.0/../../../../mips64-elf/lib/libdragon.a(rdpq_tex.o)
                0x80037240                rdpq_tex_upload_tlut
 .text.rdpq_tex_multi_begin
                0x800373c0       0x80 /n64_toolchain/lib/gcc/mips64-elf/13.1.0/../../../../mips64-elf/lib/libdragon.a(rdpq_tex.o)
                0x800373c0                rdpq_tex_multi_begin
 .text.rdpq_tex_multi_end
                0x80037440       0x60 /n64_toolchain/lib/gcc/mips64-elf/13.1.0/../../../../mips64-elf/lib/libdragon.a(rdpq_tex.o)
                0x80037440                rdpq_tex_multi_end
 .text.rdpq_attach.part.0
                0x800374a0       0x40 /n64_toolchain/lib/gcc/mips64-elf/13.1.0/../../../../mips64-elf/lib/libdragon.a(rdpq_attach.o)
 .text.attach   0x800374e0      0x220 /n64_toolchain/lib/gcc/mips64-elf/13.1.0/../../../../mips64-elf/lib/libdragon.a(rdpq_attach.o)
 .text.rdpq_attach_clear
                0x80037700       0x20 /n64_toolchain/lib/gcc/mips64-elf/13.1.0/../../../../mips64-elf/lib/libdragon.a(rdpq_attach.o)
                0x80037700                rdpq_attach_clear
 .text.__rdpq_clear
                0x80037720       0xc0 /n64_toolchain/lib/gcc/mips64-elf/13.1.0/../../../../mips64-elf/lib/libdragon.a(rdpq_attach.o)
                0x80037720                __rdpq_clear
 .text.rdpq_detach_cb
                0x800377e0       0xc0 /n64_toolchain/lib/gcc/mips64-elf/13.1.0/../../../../mips64-elf/lib/libdragon.a(rdpq_attach.o)
                0x800377e0                rdpq_detach_cb
 .text.__rdpq_clear_z
                0x800378a0      0x180 /n64_toolchain/lib/gcc/mips64-elf/13.1.0/../../../../mips64-elf/lib/libdragon.a(rdpq_attach.o)
                0x800378a0                __rdpq_clear_z
 .text.rdpq_detach_show
                0x80037a20       0x80 /n64_toolchain/lib/gcc/mips64-elf/13.1.0/../../../../mips64-elf/lib/libdragon.a(rdpq_attach.o)
                0x80037a20                rdpq_detach_show
 .text.rdpq_get_attached
                0x80037aa0       0x40 /n64_toolchain/lib/gcc/mips64-elf/13.1.0/../../../../mips64-elf/lib/libdragon.a(rdpq_attach.o)
                0x80037aa0                rdpq_get_attached
 .text.rdpq_font_load
                0x80037ae0       0xe0 /n64_toolchain/lib/gcc/mips64-elf/13.1.0/../../../../mips64-elf/lib/libdragon.a(rdpq_font.o)
                0x80037ae0                rdpq_font_load
 .text.rdpq_font_printn
                0x80037bc0      0x5a0 /n64_toolchain/lib/gcc/mips64-elf/13.1.0/../../../../mips64-elf/lib/libdragon.a(rdpq_font.o)
                0x80037bc0                rdpq_font_printn
 .text.rdpq_font_print
                0x80038160       0x40 /n64_toolchain/lib/gcc/mips64-elf/13.1.0/../../../../mips64-elf/lib/libdragon.a(rdpq_font.o)
                0x80038160                rdpq_font_print
 .text.rdpq_font_printf
                0x800381a0       0x60 /n64_toolchain/lib/gcc/mips64-elf/13.1.0/../../../../mips64-elf/lib/libdragon.a(rdpq_font.o)
                0x800381a0                rdpq_font_printf
 .text.rdpq_font_position
                0x80038200       0x20 /n64_toolchain/lib/gcc/mips64-elf/13.1.0/../../../../mips64-elf/lib/libdragon.a(rdpq_font.o)
                0x80038200                rdpq_font_position
 .text.rdpq_font_begin
                0x80038220       0xe0 /n64_toolchain/lib/gcc/mips64-elf/13.1.0/../../../../mips64-elf/lib/libdragon.a(rdpq_font.o)
                0x80038220                rdpq_font_begin
 .text.rdpq_font_end
                0x80038300       0x20 /n64_toolchain/lib/gcc/mips64-elf/13.1.0/../../../../mips64-elf/lib/libdragon.a(rdpq_font.o)
                0x80038300                rdpq_font_end
 .text.gl_on_frame_complete
                0x80038320       0x20 /n64_toolchain/lib/gcc/mips64-elf/13.1.0/../../../../mips64-elf/lib/libdragon.a(gl.o)
                0x80038320                gl_on_frame_complete
 .text.gl_context_begin
                0x80038340      0x160 /n64_toolchain/lib/gcc/mips64-elf/13.1.0/../../../../mips64-elf/lib/libdragon.a(gl.o)
                0x80038340                gl_context_begin
 .text.gl_handle_deletion_lists
                0x800384a0      0x100 /n64_toolchain/lib/gcc/mips64-elf/13.1.0/../../../../mips64-elf/lib/libdragon.a(gl.o)
                0x800384a0                gl_handle_deletion_lists
 .text.gl_context_end
                0x800385a0       0xe0 /n64_toolchain/lib/gcc/mips64-elf/13.1.0/../../../../mips64-elf/lib/libdragon.a(gl.o)
                0x800385a0                gl_context_end
 .text.gl_set_flag2
                0x80038680      0x940 /n64_toolchain/lib/gcc/mips64-elf/13.1.0/../../../../mips64-elf/lib/libdragon.a(gl.o)
                0x80038680                gl_set_flag2
 .text.glEnable
                0x80038fc0       0x80 /n64_toolchain/lib/gcc/mips64-elf/13.1.0/../../../../mips64-elf/lib/libdragon.a(gl.o)
                0x80038fc0                glEnable
 .text.glDisable
                0x80039040       0x80 /n64_toolchain/lib/gcc/mips64-elf/13.1.0/../../../../mips64-elf/lib/libdragon.a(gl.o)
                0x80039040                glDisable
 .text.glClear  0x800390c0      0x1a0 /n64_toolchain/lib/gcc/mips64-elf/13.1.0/../../../../mips64-elf/lib/libdragon.a(gl.o)
                0x800390c0                glClear
 .text.glClearColor
                0x80039260      0x220 /n64_toolchain/lib/gcc/mips64-elf/13.1.0/../../../../mips64-elf/lib/libdragon.a(gl.o)
                0x80039260                glClearColor
 .text.glClearDepth
                0x80039480      0x120 /n64_toolchain/lib/gcc/mips64-elf/13.1.0/../../../../mips64-elf/lib/libdragon.a(gl.o)
                0x80039480                glClearDepth
 .text.gl_init  0x800395a0      0x300 /n64_toolchain/lib/gcc/mips64-elf/13.1.0/../../../../mips64-elf/lib/libdragon.a(gl.o)
                0x800395a0                gl_init
 .text.gl_storage_resize
                0x800398a0       0xa0 /n64_toolchain/lib/gcc/mips64-elf/13.1.0/../../../../mips64-elf/lib/libdragon.a(gl.o)
                0x800398a0                gl_storage_resize
 .text.gl_lighting_init
                0x80039940      0x120 /n64_toolchain/lib/gcc/mips64-elf/13.1.0/../../../../mips64-elf/lib/libdragon.a(lighting.o)
                0x80039940                gl_lighting_init
 .text.gl_normalize
                0x80039a60       0x60 /n64_toolchain/lib/gcc/mips64-elf/13.1.0/../../../../mips64-elf/lib/libdragon.a(lighting.o)
                0x80039a60                gl_normalize
 .text.gl_homogeneous_unit_diff
                0x80039ac0      0x180 /n64_toolchain/lib/gcc/mips64-elf/13.1.0/../../../../mips64-elf/lib/libdragon.a(lighting.o)
                0x80039ac0                gl_homogeneous_unit_diff
 .text.gl_cross
                0x80039c40       0x80 /n64_toolchain/lib/gcc/mips64-elf/13.1.0/../../../../mips64-elf/lib/libdragon.a(lighting.o)
                0x80039c40                gl_cross
 .text.dot_product3
                0x80039cc0       0x40 /n64_toolchain/lib/gcc/mips64-elf/13.1.0/../../../../mips64-elf/lib/libdragon.a(lighting.o)
                0x80039cc0                dot_product3
 .text.gl_perform_lighting
                0x80039d00      0x540 /n64_toolchain/lib/gcc/mips64-elf/13.1.0/../../../../mips64-elf/lib/libdragon.a(lighting.o)
                0x80039d00                gl_perform_lighting
 .text.gl_set_color
                0x8003a240      0x1e0 /n64_toolchain/lib/gcc/mips64-elf/13.1.0/../../../../mips64-elf/lib/libdragon.a(lighting.o)
                0x8003a240                gl_set_color
 .text.gl_set_material_paramf
                0x8003a420      0x240 /n64_toolchain/lib/gcc/mips64-elf/13.1.0/../../../../mips64-elf/lib/libdragon.a(lighting.o)
                0x8003a420                gl_set_material_paramf
 .text.glMaterialfv
                0x8003a660      0x120 /n64_toolchain/lib/gcc/mips64-elf/13.1.0/../../../../mips64-elf/lib/libdragon.a(lighting.o)
                0x8003a660                glMaterialfv
 .text.gl_matrix_load
                0x8003a780      0x120 /n64_toolchain/lib/gcc/mips64-elf/13.1.0/../../../../mips64-elf/lib/libdragon.a(matrix.o)
 .text.gl_matrix_stack_get_matrix
                0x8003a8a0       0x20 /n64_toolchain/lib/gcc/mips64-elf/13.1.0/../../../../mips64-elf/lib/libdragon.a(matrix.o)
                0x8003a8a0                gl_matrix_stack_get_matrix
 .text.gl_matrix_mult
                0x8003a8c0      0x120 /n64_toolchain/lib/gcc/mips64-elf/13.1.0/../../../../mips64-elf/lib/libdragon.a(matrix.o)
                0x8003a8c0                gl_matrix_mult
 .text.gl_matrix_mult3x3
                0x8003a9e0       0xa0 /n64_toolchain/lib/gcc/mips64-elf/13.1.0/../../../../mips64-elf/lib/libdragon.a(matrix.o)
                0x8003a9e0                gl_matrix_mult3x3
 .text.gl_update_matrix_targets
                0x8003aa80      0x140 /n64_toolchain/lib/gcc/mips64-elf/13.1.0/../../../../mips64-elf/lib/libdragon.a(matrix.o)
                0x8003aa80                gl_update_matrix_targets
 .text.gl_update_current_matrix_stack
                0x8003abc0      0x140 /n64_toolchain/lib/gcc/mips64-elf/13.1.0/../../../../mips64-elf/lib/libdragon.a(matrix.o)
                0x8003abc0                gl_update_current_matrix_stack
 .text.glMatrixMode
                0x8003ad00      0x120 /n64_toolchain/lib/gcc/mips64-elf/13.1.0/../../../../mips64-elf/lib/libdragon.a(matrix.o)
                0x8003ad00                glMatrixMode
 .text.glMultMatrixf
                0x8003ae20      0x180 /n64_toolchain/lib/gcc/mips64-elf/13.1.0/../../../../mips64-elf/lib/libdragon.a(matrix.o)
                0x8003ae20                glMultMatrixf
 .text.glLoadIdentity
                0x8003afa0      0x160 /n64_toolchain/lib/gcc/mips64-elf/13.1.0/../../../../mips64-elf/lib/libdragon.a(matrix.o)
                0x8003afa0                glLoadIdentity
 .text.gl_matrix_init
                0x8003b100      0x1a0 /n64_toolchain/lib/gcc/mips64-elf/13.1.0/../../../../mips64-elf/lib/libdragon.a(matrix.o)
                0x8003b100                gl_matrix_init
 .text.glRotatef
                0x8003b2a0      0x1a0 /n64_toolchain/lib/gcc/mips64-elf/13.1.0/../../../../mips64-elf/lib/libdragon.a(matrix.o)
                0x8003b2a0                glRotatef
 .text.glTranslatef
                0x8003b440       0xc0 /n64_toolchain/lib/gcc/mips64-elf/13.1.0/../../../../mips64-elf/lib/libdragon.a(matrix.o)
                0x8003b440                glTranslatef
 .text.glScalef
                0x8003b500       0xa0 /n64_toolchain/lib/gcc/mips64-elf/13.1.0/../../../../mips64-elf/lib/libdragon.a(matrix.o)
                0x8003b500                glScalef
 .text.glFrustum
                0x8003b5a0      0x120 /n64_toolchain/lib/gcc/mips64-elf/13.1.0/../../../../mips64-elf/lib/libdragon.a(matrix.o)
                0x8003b5a0                glFrustum
 .text.glOrtho  0x8003b6c0      0x120 /n64_toolchain/lib/gcc/mips64-elf/13.1.0/../../../../mips64-elf/lib/libdragon.a(matrix.o)
                0x8003b6c0                glOrtho
 .text.glPushMatrix
                0x8003b7e0      0x1c0 /n64_toolchain/lib/gcc/mips64-elf/13.1.0/../../../../mips64-elf/lib/libdragon.a(matrix.o)
                0x8003b7e0                glPushMatrix
 .text.glPopMatrix
                0x8003b9a0      0x160 /n64_toolchain/lib/gcc/mips64-elf/13.1.0/../../../../mips64-elf/lib/libdragon.a(matrix.o)
                0x8003b9a0                glPopMatrix
 .text.gl_points
                0x8003bb00       0x20 /n64_toolchain/lib/gcc/mips64-elf/13.1.0/../../../../mips64-elf/lib/libdragon.a(primitive.o)
                0x8003bb00                gl_points
 .text.gl_line_strip
                0x8003bb20       0x20 /n64_toolchain/lib/gcc/mips64-elf/13.1.0/../../../../mips64-elf/lib/libdragon.a(primitive.o)
                0x8003bb20                gl_line_strip
 .text.gl_triangle_strip
                0x8003bb40       0x40 /n64_toolchain/lib/gcc/mips64-elf/13.1.0/../../../../mips64-elf/lib/libdragon.a(primitive.o)
                0x8003bb40                gl_triangle_strip
 .text.gl_triangle_fan