Archive member included to satisfy reference by file (symbol)

/n64_toolchain/lib/gcc/mips64-elf/13.1.0/../../../../mips64-elf/lib/libdragon.a(entrypoint.o)
                              (_start)
/n64_toolchain/lib/gcc/mips64-elf/13.1.0/../../../../mips64-elf/lib/libdragon.a(debug.o)
                              build/src/siemon_64.o (debug_init_usblog)
/n64_toolchain/lib/gcc/mips64-elf/13.1.0/../../../../mips64-elf/lib/libdragon.a(usb.o)
                              /n64_toolchain/lib/gcc/mips64-elf/13.1.0/../../../../mips64-elf/lib/libdragon.a(debug.o) (usb_write)
/n64_toolchain/lib/gcc/mips64-elf/13.1.0/../../../../mips64-elf/lib/libdragon.a(cart.o)
                              /n64_toolchain/lib/gcc/mips64-elf/13.1.0/../../../../mips64-elf/lib/libdragon.a(debug.o) (cart_init)
/n64_toolchain/lib/gcc/mips64-elf/13.1.0/../../../../mips64-elf/lib/libdragon.a(ff.o)
                              /n64_toolchain/lib/gcc/mips64-elf/13.1.0/../../../../mips64-elf/lib/libdragon.a(debug.o) (f_mount)
/n64_toolchain/lib/gcc/mips64-elf/13.1.0/../../../../mips64-elf/lib/libdragon.a(ffunicode.o)
                              /n64_toolchain/lib/gcc/mips64-elf/13.1.0/../../../../mips64-elf/lib/libdragon.a(ff.o) (ff_uni2oem)
/n64_toolchain/lib/gcc/mips64-elf/13.1.0/../../../../mips64-elf/lib/libdragon.a(dragonfs.o)
                              build/src/siemon_64.o (dfs_init)
/n64_toolchain/lib/gcc/mips64-elf/13.1.0/../../../../mips64-elf/lib/libdragon.a(audio.o)
                              build/src/siemon_64.o (audio_init)
/n64_toolchain/lib/gcc/mips64-elf/13.1.0/../../../../mips64-elf/lib/libdragon.a(display.o)
                              build/src/siemon_64.o (display_init)
/n64_toolchain/lib/gcc/mips64-elf/13.1.0/../../../../mips64-elf/lib/libdragon.a(surface.o)
                              build/src/siemon_64.o (surface_alloc)
/n64_toolchain/lib/gcc/mips64-elf/13.1.0/../../../../mips64-elf/lib/libdragon.a(controller.o)
                              build/src/siemon_64.o (controller_init)
/n64_toolchain/lib/gcc/mips64-elf/13.1.0/../../../../mips64-elf/lib/libdragon.a(graphics.o)
                              build/src/siemon_64.o (graphics_set_color)
/n64_toolchain/lib/gcc/mips64-elf/13.1.0/../../../../mips64-elf/lib/libdragon.a(rsp.o)
                              /n64_toolchain/lib/gcc/mips64-elf/13.1.0/../../../../mips64-elf/lib/libdragon.a(display.o) (__rsp_crash)
/n64_toolchain/lib/gcc/mips64-elf/13.1.0/../../../../mips64-elf/lib/libdragon.a(rsp_crash.o)
                              /n64_toolchain/lib/gcc/mips64-elf/13.1.0/../../../../mips64-elf/lib/libdragon.a(rsp.o) (rsp_crash_data_start)
/n64_toolchain/lib/gcc/mips64-elf/13.1.0/../../../../mips64-elf/lib/libdragon.a(inspector.o)
                              /n64_toolchain/lib/gcc/mips64-elf/13.1.0/../../../../mips64-elf/lib/libdragon.a(debug.o) (__inspector_assertion)
/n64_toolchain/lib/gcc/mips64-elf/13.1.0/../../../../mips64-elf/lib/libdragon.a(sprite.o)
                              /n64_toolchain/lib/gcc/mips64-elf/13.1.0/../../../../mips64-elf/lib/libdragon.a(graphics.o) (__sprite_upgrade)
/n64_toolchain/lib/gcc/mips64-elf/13.1.0/../../../../mips64-elf/lib/libdragon.a(dma.o)
                              /n64_toolchain/lib/gcc/mips64-elf/13.1.0/../../../../mips64-elf/lib/libdragon.a(debug.o) (io_accessible)
/n64_toolchain/lib/gcc/mips64-elf/13.1.0/../../../../mips64-elf/lib/libdragon.a(exception.o)
                              /n64_toolchain/lib/gcc/mips64-elf/13.1.0/../../../../mips64-elf/lib/libdragon.a(inspector.o) (__exception_dump_header)
/n64_toolchain/lib/gcc/mips64-elf/13.1.0/../../../../mips64-elf/lib/libdragon.a(do_ctors.o)
                              /n64_toolchain/lib/gcc/mips64-elf/13.1.0/../../../../mips64-elf/lib/libdragon.a(entrypoint.o) (__wrap___do_global_ctors)
/n64_toolchain/lib/gcc/mips64-elf/13.1.0/../../../../mips64-elf/lib/libdragon.a(mixer.o)
                              build/src/siemon_64.o (mixer_init)
/n64_toolchain/lib/gcc/mips64-elf/13.1.0/../../../../mips64-elf/lib/libdragon.a(samplebuffer.o)
                              /n64_toolchain/lib/gcc/mips64-elf/13.1.0/../../../../mips64-elf/lib/libdragon.a(mixer.o) (samplebuffer_init)
/n64_toolchain/lib/gcc/mips64-elf/13.1.0/../../../../mips64-elf/lib/libdragon.a(rsp_mixer.o)
                              /n64_toolchain/lib/gcc/mips64-elf/13.1.0/../../../../mips64-elf/lib/libdragon.a(mixer.o) (rsp_mixer_data_start)
/n64_toolchain/lib/gcc/mips64-elf/13.1.0/../../../../mips64-elf/lib/libdragon.a(wav64.o)
                              build/src/siemon_64.o (wav64_open)
/n64_toolchain/lib/gcc/mips64-elf/13.1.0/../../../../mips64-elf/lib/libdragon.a(rspq.o)
                              /n64_toolchain/lib/gcc/mips64-elf/13.1.0/../../../../mips64-elf/lib/libdragon.a(mixer.o) (rspq_cur_pointer)
/n64_toolchain/lib/gcc/mips64-elf/13.1.0/../../../../mips64-elf/lib/libdragon.a(rsp_queue.o)
[...]
Memory Configuration

Name             Origin             Length             Attributes
mem              0x80000000         0x00400000
*default*        0x00000000         0xffffffff

Linker script and memory map

LOAD /n64_toolchain/lib/gcc/mips64-elf/13.1.0/crti.o
LOAD /n64_toolchain/lib/gcc/mips64-elf/13.1.0/crtbegin.o
LOAD build/src/siemon_64.o
LOAD /n64_toolchain/lib/gcc/mips64-elf/13.1.0/../../../../mips64-elf/lib/libdragon.a
LOAD /n64_toolchain/lib/gcc/mips64-elf/13.1.0/../../../../mips64-elf/lib/libm.a
LOAD /n64_toolchain/lib/gcc/mips64-elf/13.1.0/../../../../mips64-elf/lib/libdragonsys.a
                0x80000000                        __kseg0_start = 0x80000000
                0x80000400                        __libdragon_text_start = (__kseg0_start + 0x400)

.text           0x80000400    0x3deb0
 *(.boot)
 .boot          0x80000400      0x18c /n64_toolchain/lib/gcc/mips64-elf/13.1.0/../../../../mips64-elf/lib/libdragon.a(entrypoint.o)
                0x80000400                _start
                0x80000590                        . = ALIGN (0x10)
 *fill*         0x8000058c        0x4 
                0x80000590                        __text_start = .
 *(.text)
 *fill*         0x80000590       0x10 
 .text          0x800005a0      0x360 /n64_toolchain/lib/gcc/mips64-elf/13.1.0/../../../../mips64-elf/lib/libdragon.a(inthandler.o)
                0x800005a0                inthandler
                0x80000900                inthandler_end
 .text          0x80000900       0x80 /n64_toolchain/lib/gcc/mips64-elf/13.1.0/../../../../mips64-elf/lib/libm.a(libm_a-wf_fmod.o)
                0x80000900                fmodf
 .text          0x80000980      0x160 /n64_toolchain/lib/gcc/mips64-elf/13.1.0/../../../../mips64-elf/lib/libm.a(libm_a-wf_pow.o)
                0x80000980                powf
 .text          0x80000ae0      0x110 /n64_toolchain/lib/gcc/mips64-elf/13.1.0/../../../../mips64-elf/lib/libm.a(libm_a-sf_ceil.o)
                0x80000ae0                ceilf
 .text          0x80000bf0       0xe8 /n64_toolchain/lib/gcc/mips64-elf/13.1.0/../../../../mips64-elf/lib/libm.a(libm_a-sf_cos.o)
                0x80000bf0                cosf
 .text          0x80000cd8       0x50 /n64_toolchain/lib/gcc/mips64-elf/13.1.0/../../../../mips64-elf/lib/libm.a(libm_a-wf_sincos.o)
                0x80000cd8                sincosf
 .text          0x80000d28      0x110 /n64_toolchain/lib/gcc/mips64-elf/13.1.0/../../../../mips64-elf/lib/libm.a(libm_a-sf_floor.o)
                0x80000d28                floorf
 .text          0x80000e38       0xe0 /n64_toolchain/lib/gcc/mips64-elf/13.1.0/../../../../mips64-elf/lib/libm.a(libm_a-sf_sin.o)
                0x80000e38                sinf
 .text          0x80000f18        0x8 /n64_toolchain/lib/gcc/mips64-elf/13.1.0/../../../../mips64-elf/lib/libm.a(libm_a-w_atan2.o)
                0x80000f18                atan2
 .text          0x80000f20       0x20 /n64_toolchain/lib/gcc/mips64-elf/13.1.0/../../../../mips64-elf/lib/libm.a(libm_a-sf_finite.o)
                0x80000f20                finitef
 .text          0x80000f40      0x100 /n64_toolchain/lib/gcc/mips64-elf/13.1.0/../../../../mips64-elf/lib/libm.a(libm_a-s_sin.o)
                0x80000f40                sin
 .text          0x80001040      0x100 /n64_toolchain/lib/gcc/mips64-elf/13.1.0/../../../../mips64-elf/lib/libm.a(libm_a-s_cos.o)
                0x80001040                cos
 .text          0x80001140       0xd0 /n64_toolchain/lib/gcc/mips64-elf/13.1.0/../../../../mips64-elf/lib/libm.a(libm_a-kf_sin.o)
                0x80001140                __kernel_sinf
 .text          0x80001210       0x90 /n64_toolchain/lib/gcc/mips64-elf/13.1.0/../../../../mips64-elf/lib/libm.a(libm_a-s_tan.o)
                0x80001210                tan
 .text          0x800012a0       0x30 /n64_toolchain/lib/gcc/mips64-elf/13.1.0/../../../../mips64-elf/lib/libm.a(libm_a-s_fabs.o)
                0x800012a0                fabs
 .text          0x800012d0      0x1c0 /n64_toolchain/lib/gcc/mips64-elf/13.1.0/../../../../mips64-elf/lib/libm.a(libm_a-s_floor.o)
                0x800012d0                floor
 .text          0x80001490      0x190 /n64_toolchain/lib/gcc/mips64-elf/13.1.0/../../../../mips64-elf/lib/libm.a(libm_a-kf_cos.o)
                0x80001490                __kernel_cosf
 .text          0x80001620      0x220 /n64_toolchain/lib/gcc/mips64-elf/13.1.0/../../../../mips64-elf/lib/libm.a(libm_a-ef_fmod.o)
                0x80001620                __ieee754_fmodf
 .text          0x80001840      0x980 /n64_toolchain/lib/gcc/mips64-elf/13.1.0/../../../../mips64-elf/lib/libm.a(libm_a-ef_pow.o)
                0x80001840                __ieee754_powf
 .text          0x800021c0      0x358 /n64_toolchain/lib/gcc/mips64-elf/13.1.0/../../../../mips64-elf/lib/libm.a(libm_a-ef_rem_pio2.o)
                0x800021c0                __ieee754_rem_pio2f
 .text          0x80002518      0x190 /n64_toolchain/lib/gcc/mips64-elf/13.1.0/../../../../mips64-elf/lib/libm.a(libm_a-k_cos.o)
                0x80002518                __kernel_cos
 .text          0x800026a8       0xd0 /n64_toolchain/lib/gcc/mips64-elf/13.1.0/../../../../mips64-elf/lib/libm.a(libm_a-k_sin.o)
                0x800026a8                __kernel_sin
 .text          0x80002778      0x360 /n64_toolchain/lib/gcc/mips64-elf/13.1.0/../../../../mips64-elf/lib/libm.a(libm_a-k_tan.o)
                0x80002778                __kernel_tan
 .text          0x80002ad8      0x268 /n64_toolchain/lib/gcc/mips64-elf/13.1.0/../../../../mips64-elf/lib/libm.a(libm_a-e_atan2.o)
                0x80002ad8                __ieee754_atan2
 .text          0x80002d40       0x20 /n64_toolchain/lib/gcc/mips64-elf/13.1.0/../../../../mips64-elf/lib/libm.a(libm_a-sf_fabs.o)
                0x80002d40                fabsf
 .text          0x80002d60      0x358 /n64_toolchain/lib/gcc/mips64-elf/13.1.0/../../../../mips64-elf/lib/libm.a(libm_a-e_rem_pio2.o)
                0x80002d60                __ieee754_rem_pio2
 .text          0x800030b8       0xd0 /n64_toolchain/lib/gcc/mips64-elf/13.1.0/../../../../mips64-elf/lib/libm.a(libm_a-math_errf.o)
                0x80003120                __math_uflowf
                0x80003128                __math_oflowf
                0x80003130                __math_divzerof
                0x80003160                __math_invalidf
 .text          0x80003188      0x188 /n64_toolchain/lib/gcc/mips64-elf/13.1.0/../../../../mips64-elf/lib/libm.a(libm_a-sf_scalbn.o)
                0x80003188                scalbnf
 .text          0x80003310      0x2e0 /n64_toolchain/lib/gcc/mips64-elf/13.1.0/../../../../mips64-elf/lib/libm.a(libm_a-s_atan.o)
                0x80003310                atan
 .text          0x800035f0      0x998 /n64_toolchain/lib/gcc/mips64-elf/13.1.0/../../../../mips64-elf/lib/libm.a(libm_a-kf_rem_pio2.o)
                0x800035f0                __kernel_rem_pio2f
 .text          0x80003f88      0x190 /n64_toolchain/lib/gcc/mips64-elf/13.1.0/../../../../mips64-elf/lib/libm.a(libm_a-ef_sqrt.o)
                0x80003f88                __ieee754_sqrtf
 .text          0x80004118      0x9b8 /n64_toolchain/lib/gcc/mips64-elf/13.1.0/../../../../mips64-elf/lib/libm.a(libm_a-k_rem_pio2.o)
                0x80004118                __kernel_rem_pio2
 .text          0x80004ad0      0x1b0 /n64_toolchain/lib/gcc/mips64-elf/13.1.0/../../../../mips64-elf/lib/libm.a(libm_a-s_scalbn.o)
                0x80004ad0                scalbn
 .text          0x80004c80      0x11c /n64_toolchain/lib/gcc/mips64-elf/13.1.0/../../../../mips64-elf/lib/libc.a(libc_a-memset.o)
                0x80004c80                memset
 .text          0x80004d9c      0x370 /n64_toolchain/lib/gcc/mips64-elf/13.1.0/../../../../mips64-elf/lib/libc.a(libc_a-memcpy.o)
                0x80004d9c                memcpy
 *fill*         0x8000510c        0x4 
 .text          0x80005110       0x70 /n64_toolchain/lib/gcc/mips64-elf/13.1.0/../../../../mips64-elf/lib/libc.a(libc_a-printf.o)
                0x80005110                _printf_r
                0x80005140                printf
 .text          0x80005180       0x18 /n64_toolchain/lib/gcc/mips64-elf/13.1.0/../../../../mips64-elf/lib/libc.a(libc_a-malign.o)
                0x80005180                memalign
 .text          0x80005198      0x1f8 /n64_toolchain/lib/gcc/mips64-elf/13.1.0/../../../../mips64-elf/lib/libc.a(libc_a-malignr.o)
                0x80005198                _memalign_r
 .text          0x80005390       0x20 /n64_toolchain/lib/gcc/mips64-elf/13.1.0/../../../../mips64-elf/lib/libc.a(libc_a-putchar.o)
                0x80005390                _putchar_r
                0x80005398                putchar
 .text          0x800053b0       0xd8 /n64_toolchain/lib/gcc/mips64-elf/13.1.0/../../../../mips64-elf/lib/libc.a(libc_a-sprintf.o)
                0x800053b0                _sprintf_r
                0x80005418                sprintf
 .text          0x80005488       0xe0 /n64_toolchain/lib/gcc/mips64-elf/13.1.0/../../../../mips64-elf/lib/libc.a(libc_a-puts.o)
                0x80005488                _puts_r
                0x80005558                puts
 .text          0x80005568       0x18 /n64_toolchain/lib/gcc/mips64-elf/13.1.0/../../../../mips64-elf/lib/libc.a(libc_a-abort.o)
                0x80005568                abort
 .text          0x80005580       0x18 /n64_toolchain/lib/gcc/mips64-elf/13.1.0/../../../../mips64-elf/lib/libc.a(libc_a-calloc.o)
                0x80005580                calloc
 .text          0x80005598      0x270 /n64_toolchain/lib/gcc/mips64-elf/13.1.0/../../../../mips64-elf/lib/libc.a(libc_a-setvbuf.o)
                0x80005598                setvbuf
 .text          0x80005808      0x120 /n64_toolchain/lib/gcc/mips64-elf/13.1.0/../../../../mips64-elf/lib/libc.a(libc_a-callocr.o)
                0x80005808                _calloc_r
 .text          0x80005928      0x1c8 /n64_toolchain/lib/gcc/mips64-elf/13.1.0/../../../../mips64-elf/lib/libc.a(libc_a-snprintf.o)
                0x80005928                _snprintf_r
                0x80005a08                snprintf
 .text          0x80005af0       0xf8 /n64_toolchain/lib/gcc/mips64-elf/13.1.0/../../../../mips64-elf/lib/libc.a(libc_a-memchr.o)
                0x80005af0                memchr
 .text          0x80005be8     0x1fb0 /n64_toolchain/lib/gcc/mips64-elf/13.1.0/../../../../mips64-elf/lib/libc.a(libc_a-svfprintf.o)
                0x80005be8                _svfprintf_r
 .text          0x80007b98      0x480 /n64_toolchain/lib/gcc/mips64-elf/13.1.0/../../../../mips64-elf/lib/libc.a(libc_a-freer.o)
                0x80007b98                _malloc_trim_r
                0x80007cd8                _free_r
 .text          0x80008018       0x88 /n64_toolchain/lib/gcc/mips64-elf/13.1.0/../../../../mips64-elf/lib/libc.a(libc_a-memcmp.o)
                0x80008018                memcmp
 .text          0x800080a0       0x30 /n64_toolchain/lib/gcc/mips64-elf/13.1.0/../../../../mips64-elf/lib/libc.a(libc_a-vprintf.o)
                0x800080a0                vprintf
                0x800080b8                _vprintf_r
 .text          0x800080d0     0x1658 /n64_toolchain/lib/gcc/mips64-elf/13.1.0/../../../../mips64-elf/lib/libc.a(libc_a-dtoa.o)
                0x80008320                _dtoa_r
 .text          0x80009728       0x20 /n64_toolchain/lib/gcc/mips64-elf/13.1.0/../../../../mips64-elf/lib/libc.a(libc_a-malloc.o)
                0x80009728                malloc
                0x80009738                free
 .text          0x80009748      0x140 /n64_toolchain/lib/gcc/mips64-elf/13.1.0/../../../../mips64-elf/lib/libc.a(libc_a-memmove.o)
                0x80009748                memmove
 .text          0x80009888      0x888 /n64_toolchain/lib/gcc/mips64-elf/13.1.0/../../../../mips64-elf/lib/libc.a(libc_a-mallocr.o)
                0x80009888                _malloc_r
 .text          0x8000a110       0xa8 /n64_toolchain/lib/gcc/mips64-elf/13.1.0/../../../../mips64-elf/lib/libc.a(libc_a-strcpy.o)
                0x8000a110                strcpy
 .text          0x8000a1b8     0x21e8 /n64_toolchain/lib/gcc/mips64-elf/13.1.0/../../../../mips64-elf/lib/libc.a(libc_a-vfprintf.o)
                0x8000a1b8                _vfprintf_r
                0x8000c2b8                vfprintf
 .text          0x8000c3a0      0x570 /n64_toolchain/lib/gcc/mips64-elf/13.1.0/../../../../mips64-elf/lib/libc.a(libc_a-signal.o)
                0x8000c3a0                _init_signal_r
                0x8000c408                _signal_r
                0x8000c4a8                _raise_r
                0x8000c560                __sigtramp_r
                0x8000c650                raise
                0x8000c718                signal
                0x8000c7b8                _init_signal
                0x8000c828                __sigtramp
 .text          0x8000c910      0x138 /n64_toolchain/lib/gcc/mips64-elf/13.1.0/../../../../mips64-elf/lib/libc.a(libc_a-fopen.o)
                0x8000c910                _fopen_r
                0x8000ca30                fopen
 .text          0x8000ca48      0x338 /n64_toolchain/lib/gcc/mips64-elf/13.1.0/../../../../mips64-elf/lib/libc.a(libc_a-fflush.o)
                0x8000ca48                __sflush_r
                0x8000cca0                _fflush_r
                0x8000cd00                fflush
 .text          0x8000cd80       0x10 /n64_toolchain/lib/gcc/mips64-elf/13.1.0/../../../../mips64-elf/lib/libc.a(libc_a-mlock.o)
                0x8000cd80                __malloc_lock
                0x8000cd88                __malloc_unlock
 .text          0x8000cd90     0x1390 /n64_toolchain/lib/gcc/mips64-elf/13.1.0/../../../../mips64-elf/lib/libc.a(libc_a-vfiprintf.o)
                0x8000cec8                __sprint_r
                0x8000cee8                _vfiprintf_r
                0x8000e038                vfiprintf
 .text          0x8000e120       0x68 /n64_toolchain/lib/gcc/mips64-elf/13.1.0/../../../../mips64-elf/lib/libc.a(libc_a-fprintf.o)
                0x8000e120                _fprintf_r
                0x8000e148                fprintf
 .text          0x8000e188     0x1438 /n64_toolchain/lib/gcc/mips64-elf/13.1.0/../../../../mips64-elf/lib/libc.a(libc_a-mprec.o)
                0x8000e188                _Balloc
                0x8000e238                _Bfree
                0x8000e268                __multadd
                0x8000e3c8                __s2b
                0x8000e548                __hi0bits
                0x8000e5d0                __lo0bits
                0x8000e698                __i2b
                0x8000e770                __multiply
                0x8000ea00                __pow5mult
                0x8000eb68                __lshift
                0x8000ed20                __mcmp
                0x8000ed88                __mdiff
                0x8000f010                __ulp
                0x8000f0c0                __b2d
                0x8000f258                __d2b
                0x8000f3b8                __ratio
                0x8000f478                _mprec_log10
                0x8000f4b8                __copybits
                0x8000f540                __any_on
 .text          0x8000f5c0       0x70 /n64_toolchain/lib/gcc/mips64-elf/13.1.0/../../../../mips64-elf/lib/libc.a(libc_a-strrchr.o)
                0x8000f5c0                strrchr
 .text          0x8000f630       0x98 /n64_toolchain/lib/gcc/mips64-elf/13.1.0/../../../../mips64-elf/lib/libc.a(libc_a-strcat.o)
                0x8000f630                strcat
 .text          0x8000f6c8       0xd0 /n64_toolchain/lib/gcc/mips64-elf/13.1.0/../../../../mips64-elf/lib/libc.a(libc_a-fputc.o)
                0x8000f6c8                _fputc_r
                0x8000f728                fputc
 .text          0x8000f798      0x460 /n64_toolchain/lib/gcc/mips64-elf/13.1.0/../../../../mips64-elf/lib/libc.a(libc_a-strerror.o)
                0x8000f798                _strerror_r
                0x8000fbc8                strerror
                0x8000fbe0                strerror_l
 .text          0x8000fbf8      0x570 /n64_toolchain/lib/gcc/mips64-elf/13.1.0/../../../../mips64-elf/lib/libc.a(libc_a-fvwrite.o)
                0x8000fbf8                __sfvwrite_r
 .text          0x80010168      0x140 /n64_toolchain/lib/gcc/mips64-elf/13.1.0/../../../../mips64-elf/lib/libc.a(libc_a-fclose.o)
                0x80010168                _fclose_r
                0x80010298                fclose
 .text          0x800102a8       0xf0 /n64_toolchain/lib/gcc/mips64-elf/13.1.0/../../../../mips64-elf/lib/libc.a(libc_a-strncmp.o)
                0x800102a8                strncmp
 .text          0x80010398       0xc0 /n64_toolchain/lib/gcc/mips64-elf/13.1.0/../../../../mips64-elf/lib/libc.a(libc_a-fwalk.o)
                0x80010398                _fwalk_sglue
 .text          0x80010458      0x330 /n64_toolchain/lib/gcc/mips64-elf/13.1.0/../../../../mips64-elf/lib/libc.a(libc_a-fread.o)
                0x80010458                _fread_r
                0x80010758                fread
 .text          0x80010788      0x1f8 /n64_toolchain/lib/gcc/mips64-elf/13.1.0/../../../../mips64-elf/lib/libc.a(libc_a-fwrite.o)
                0x80010788                _fwrite_r
                0x80010890                fwrite
 .text          0x80010980      0x3a8 /n64_toolchain/lib/gcc/mips64-elf/13.1.0/../../../../mips64-elf/lib/libc.a(libc_a-findfp.o)
                0x80010b78                __sfp
                0x80010cb8                __sinit
                0x80010ce8                __sfp_lock_acquire
                0x80010cf0                __sfp_lock_release
                0x80010cf8                __fp_lock_all
                0x80010d10                __fp_unlock_all
 .text          0x80010d28      0x5d0 /n64_toolchain/lib/gcc/mips64-elf/13.1.0/../../../../mips64-elf/lib/libc.a(libc_a-reallocr.o)
                0x80010d28                _realloc_r
 .text          0x800112f8       0xc8 /n64_toolchain/lib/gcc/mips64-elf/13.1.0/../../../../mips64-elf/lib/libc.a(libc_a-flags.o)
                0x800112f8                __sflags
 .text          0x800113c0       0x58 /n64_toolchain/lib/gcc/mips64-elf/13.1.0/../../../../mips64-elf/lib/libc.a(libc_a-rand.o)
                0x800113c0                srand
                0x800113d8                rand
 .text          0x80011418       0x20 /n64_toolchain/lib/gcc/mips64-elf/13.1.0/../../../../mips64-elf/lib/libc.a(libc_a-fseek.o)
                0x80011418                _fseek_r
                0x80011420                fseek
 .text          0x80011438        0x8 /n64_toolchain/lib/gcc/mips64-elf/13.1.0/../../../../mips64-elf/lib/libc.a(libc_a-u_strerr.o)
                0x80011438                _user_strerror
 .text          0x80011440       0x18 /n64_toolchain/lib/gcc/mips64-elf/13.1.0/../../../../mips64-elf/lib/libc.a(libc_a-ftell.o)
                0x80011440                _ftell_r
                0x80011448                ftell
 .text          0x80011458      0x1b8 /n64_toolchain/lib/gcc/mips64-elf/13.1.0/../../../../mips64-elf/lib/libc.a(libc_a-fputwc.o)
                0x80011458                __fputwc
                0x80011570                _fputwc_r
                0x80011598                fputwc
 .text          0x80011610      0x120 /n64_toolchain/lib/gcc/mips64-elf/13.1.0/../../../../mips64-elf/lib/libc.a(libc_a-locale.o)
                0x80011610                _setlocale_r
                0x80011698                __locale_mb_cur_max
                0x800116a8                setlocale
 .text          0x80011730      0xb50 /n64_toolchain/lib/gcc/mips64-elf/13.1.0/../../../../mips64-elf/lib/libc.a(libc_a-strstr.o)
                0x80011f90                strstr
 .text          0x80012280       0x28 /n64_toolchain/lib/gcc/mips64-elf/13.1.0/../../../../mips64-elf/lib/libc.a(libc_a-localeconv.o)
                0x80012280                __localeconv_l
                0x80012288                _localeconv_r
                0x80012298                localeconv
 .text          0x800122a8       0x48 /n64_toolchain/lib/gcc/mips64-elf/13.1.0/../../../../mips64-elf/lib/libc.a(libc_a-wctomb_r.o)
                0x800122a8                _wctomb_r
                0x800122b8                __ascii_wctomb
 .text          0x800122f0       0x60 /n64_toolchain/lib/gcc/mips64-elf/13.1.0/../../../../mips64-elf/lib/libc.a(libc_a-signalr.o)
                0x800122f0                _kill_r
                0x80012348                _getpid_r
 .text          0x80012350       0x50 /n64_toolchain/lib/gcc/mips64-elf/13.1.0/../../../../mips64-elf/lib/libc.a(libc_a-sbrkr.o)
                0x80012350                _sbrk_r
 .text          0x800123a0       0x60 /n64_toolchain/lib/gcc/mips64-elf/13.1.0/../../../../mips64-elf/lib/libc.a(libc_a-openr.o)
                0x800123a0                _open_r
 .text          0x80012400        0x8 /n64_toolchain/lib/gcc/mips64-elf/13.1.0/../../../../mips64-elf/lib/libc.a(libc_a-errno.o)
                0x80012400                __errno
 .text          0x80012408       0x18 /n64_toolchain/lib/gcc/mips64-elf/13.1.0/../../../../mips64-elf/lib/libc.a(libc_a-strlen.o)
                0x80012408                strlen
 .text          0x80012420      0x240 /n64_toolchain/lib/gcc/mips64-elf/13.1.0/../../../../mips64-elf/lib/libc.a(libc_a-strcmp.o)
                0x80012420                strcmp
 .text          0x80012660      0x258 /n64_toolchain/lib/gcc/mips64-elf/13.1.0/../../../../mips64-elf/lib/libc.a(libc_a-makebuf.o)
                0x80012660                __smakebuf_r
                0x80012808                __swhatbuf_r
 .text          0x800128b8      0x160 /n64_toolchain/lib/gcc/mips64-elf/13.1.0/../../../../mips64-elf/lib/libc.a(libc_a-putc.o)
                0x800128b8                _putc_r
                0x80012960                putc
 .text          0x80012a18      0x118 /n64_toolchain/lib/gcc/mips64-elf/13.1.0/../../../../mips64-elf/lib/libc.a(libc_a-wcrtomb.o)
                0x80012a18                _wcrtomb_r
                0x80012a98                wcrtomb
 .text          0x80012b30      0x228 /n64_toolchain/lib/gcc/mips64-elf/13.1.0/../../../../mips64-elf/lib/libc.a(libc_a-refill.o)
                0x80012b58                __srefill_r
 .text          0x80012d58      0x190 /n64_toolchain/lib/gcc/mips64-elf/13.1.0/../../../../mips64-elf/lib/libc.a(libc_a-stdio.o)
                0x80012d58                __sread
                0x80012db0                __seofread
                0x80012db8                __swrite
                0x80012e78                __sseek
                0x80012ee0                __sclose
 .text          0x80012ee8     0x1118 /n64_toolchain/lib/gcc/mips64-elf/13.1.0/../../../../mips64-elf/lib/libc.a(libc_a-svfiprintf.o)
                0x80012ee8                __ssprint_r
                0x80013130                _svfiprintf_r
 .text          0x80014000      0x170 /n64_toolchain/lib/gcc/mips64-elf/13.1.0/../../../../mips64-elf/lib/libc.a(libc_a-wsetup.o)
                0x80014000                __swsetup_r
 .text          0x80014170      0x188 /n64_toolchain/lib/gcc/mips64-elf/13.1.0/../../../../mips64-elf/lib/libc.a(libc_a-strchr.o)
                0x80014170                strchr
 .text          0x800142f8      0x4b8 /n64_toolchain/lib/gcc/mips64-elf/13.1.0/../../../../mips64-elf/lib/libc.a(libc_a-fseeko.o)
                0x800142f8                _fseeko_r
                0x80014798                fseeko
 .text          0x800147b0      0x148 /n64_toolchain/lib/gcc/mips64-elf/13.1.0/../../../../mips64-elf/lib/libc.a(libc_a-ftello.o)
                0x800147b0                _ftello_r
                0x800148e8                ftello
 .text          0x800148f8      0x1b8 /n64_toolchain/lib/gcc/mips64-elf/13.1.0/../../../../mips64-elf/lib/libc.a(libc_a-wbuf.o)
                0x800148f8                __swbuf_r
                0x80014a98                __swbuf
 .text          0x80014ab0       0x48 /n64_toolchain/lib/gcc/mips64-elf/13.1.0/../../../../mips64-elf/lib/libc.a(libc_a-strnlen.o)
                0x80014ab0                strnlen
 .text          0x80014af8       0x70 /n64_toolchain/lib/gcc/mips64-elf/13.1.0/../../../../mips64-elf/lib/libc.a(libc_a-mbtowc_r.o)
                0x80014af8                _mbtowc_r
                0x80014b08                __ascii_mbtowc
 .text          0x80014b68       0x58 /n64_toolchain/lib/gcc/mips64-elf/13.1.0/../../../../mips64-elf/lib/libc.a(libc_a-fstatr.o)
                0x80014b68                _fstat_r
 .text          0x80014bc0       0x50 /n64_toolchain/lib/gcc/mips64-elf/13.1.0/../../../../mips64-elf/lib/libc.a(libc_a-isattyr.o)
                0x80014bc0                _isatty_r
 .text          0x80014c10       0x50 /n64_toolchain/lib/gcc/mips64-elf/13.1.0/../../../../mips64-elf/lib/libc.a(libc_a-closer.o)
                0x80014c10                _close_r
 .text          0x80014c60       0x60 /n64_toolchain/lib/gcc/mips64-elf/13.1.0/../../../../mips64-elf/lib/libc.a(libc_a-lseekr.o)
                0x80014c60                _lseek_r
 .text          0x80014cc0       0x60 /n64_toolchain/lib/gcc/mips64-elf/13.1.0/../../../../mips64-elf/lib/libc.a(libc_a-readr.o)
                0x80014cc0                _read_r
 .text          0x80014d20       0x60 /n64_toolchain/lib/gcc/mips64-elf/13.1.0/../../../../mips64-elf/lib/libc.a(libc_a-writer.o)
                0x80014d20                _write_r
 *(.text.*)
 .text.setup_cube
                0x80014d80       0xc0 build/src/siemon_64.o
                0x80014d80                setup_cube
 .text.setup_sphere
                0x80014e40       0xc0 build/src/siemon_64.o
                0x80014e40                setup_sphere
 .text.make_sphere_vertex
                0x80014f00      0x180 build/src/siemon_64.o
                0x80014f00                make_sphere_vertex
 .text.draw_sphere_internal
                0x80015080       0xa0 build/src/siemon_64.o
                0x80015080                draw_sphere_internal
 .text.make_sphere_mesh
                0x80015120      0x320 build/src/siemon_64.o
                0x80015120                make_sphere_mesh
 .text.setup_plane
                0x80015440       0xa0 build/src/siemon_64.o
                0x80015440                setup_plane
 .text.make_plane_mesh
                0x800154e0      0x1a0 build/src/siemon_64.o
                0x800154e0                make_plane_mesh
 .text.draw_plane
                0x80015680       0x60 build/src/siemon_64.o
                0x80015680                draw_plane
 .text.noise2d  0x800156e0      0x180 build/src/siemon_64.o
                0x800156e0                noise2d
 .text.initialize_maze_gen
                0x80015860      0x140 build/src/siemon_64.o
                0x80015860                initialize_maze_gen
 .text.generate_maze
                0x800159a0      0x5c0 build/src/siemon_64.o
                0x800159a0                generate_maze
 .text.setup_renderer
                0x80015f60      0x2c0 build/src/siemon_64.o
                0x80015f60                setup_renderer
 .text.draw_quad
                0x80016220      0x340 build/src/siemon_64.o
                0x80016220                draw_quad
 .text.check_collision
                0x80016560      0x140 build/src/siemon_64.o
                0x80016560                check_collision
 .text.drawCube
                0x800166a0      0x120 build/src/siemon_64.o
                0x800166a0                drawCube
 .text.drawFloor
                0x800167c0       0xc0 build/src/siemon_64.o
                0x800167c0                drawFloor
 .text.renderMaze
                0x80016880      0x2a0 build/src/siemon_64.o
                0x80016880                renderMaze
 .text.render_game
                0x80016b20      0x380 build/src/siemon_64.o
                0x80016b20                render_game
 .text.step_through_game
                0x80016ea0      0x720 build/src/siemon_64.o
                0x80016ea0                step_through_game
 .text.startup.main
                0x800175c0      0x840 build/src/siemon_64.o
                0x800175c0                main
 .text.isviewer_write
                0x80017e00       0x80 /n64_toolchain/lib/gcc/mips64-elf/13.1.0/../../../../mips64-elf/lib/libdragon.a(debug.o)
 .text.__stderr_write
                0x80017e80       0x80 /n64_toolchain/lib/gcc/mips64-elf/13.1.0/../../../../mips64-elf/lib/libdragon.a(debug.o)
 .text.usblog_write
                0x80017f00       0x20 /n64_toolchain/lib/gcc/mips64-elf/13.1.0/../../../../mips64-elf/lib/libdragon.a(debug.o)
 .text.cb.0     0x80017f20       0xa0 /n64_toolchain/lib/gcc/mips64-elf/13.1.0/../../../../mips64-elf/lib/libdragon.a(debug.o)
 .text.debug_init_usblog
                0x80017fc0       0xe0 /n64_toolchain/lib/gcc/mips64-elf/13.1.0/../../../../mips64-elf/lib/libdragon.a(debug.o)
                0x80017fc0                debug_init_usblog
 .text.debug_init_isviewer
                0x800180a0       0xc0 /n64_toolchain/lib/gcc/mips64-elf/13.1.0/../../../../mips64-elf/lib/libdragon.a(debug.o)
                0x800180a0                debug_init_isviewer
 .text.debug_assert_func_f
                0x80018160       0xe0 /n64_toolchain/lib/gcc/mips64-elf/13.1.0/../../../../mips64-elf/lib/libdragon.a(debug.o)
                0x80018160                debug_assert_func_f
 .text.debug_assert_func
                0x80018240       0x20 /n64_toolchain/lib/gcc/mips64-elf/13.1.0/../../../../mips64-elf/lib/libdragon.a(debug.o)
                0x80018240                debug_assert_func
 .text.debug_hexdump
                0x80018260      0x280 /n64_toolchain/lib/gcc/mips64-elf/13.1.0/../../../../mips64-elf/lib/libdragon.a(debug.o)
                0x80018260                debug_hexdump
 .text.__debug_backtrace
                0x800184e0      0x100 /n64_toolchain/lib/gcc/mips64-elf/13.1.0/../../../../mips64-elf/lib/libdragon.a(debug.o)
                0x800184e0                __debug_backtrace
 .text.debug_backtrace
                0x800185e0       0x20 /n64_toolchain/lib/gcc/mips64-elf/13.1.0/../../../../mips64-elf/lib/libdragon.a(debug.o)
                0x800185e0                debug_backtrace
 .text.usb_64drive_read
                0x80018600       0x60 /n64_toolchain/lib/gcc/mips64-elf/13.1.0/../../../../mips64-elf/lib/libdragon.a(usb.o)
 .text.usb_64drive_poll
                0x80018660      0x1a0 /n64_toolchain/lib/gcc/mips64-elf/13.1.0/../../../../mips64-elf/lib/libdragon.a(usb.o)
 .text.usb_everdrive_usbbusy
                0x80018800       0xe0 /n64_toolchain/lib/gcc/mips64-elf/13.1.0/../../../../mips64-elf/lib/libdragon.a(usb.o)
 .text.usb_everdrive_readusb
                0x800188e0       0xc0 /n64_toolchain/lib/gcc/mips64-elf/13.1.0/../../../../mips64-elf/lib/libdragon.a(usb.o)
 .text.usb_everdrive_poll
                0x800189a0      0x200 /n64_toolchain/lib/gcc/mips64-elf/13.1.0/../../../../mips64-elf/lib/libdragon.a(usb.o)
 .text.usb_everdrive_write
                0x80018ba0      0x200 /n64_toolchain/lib/gcc/mips64-elf/13.1.0/../../../../mips64-elf/lib/libdragon.a(usb.o)
 .text.usb_sc64_read
                0x80018da0       0x60 /n64_toolchain/lib/gcc/mips64-elf/13.1.0/../../../../mips64-elf/lib/libdragon.a(usb.o)
 .text.usb_everdrive_read
                0x80018e00       0x60 /n64_toolchain/lib/gcc/mips64-elf/13.1.0/../../../../mips64-elf/lib/libdragon.a(usb.o)
 .text.usb_sc64_poll
                0x80018e60      0x160 /n64_toolchain/lib/gcc/mips64-elf/13.1.0/../../../../mips64-elf/lib/libdragon.a(usb.o)
 .text.usb_write
                0x80018fc0       0x40 /n64_toolchain/lib/gcc/mips64-elf/13.1.0/../../../../mips64-elf/lib/libdragon.a(usb.o)
                0x80018fc0                usb_write
 .text.usb_sendheartbeat
                0x80019000       0x60 /n64_toolchain/lib/gcc/mips64-elf/13.1.0/../../../../mips64-elf/lib/libdragon.a(usb.o)
                0x80019000                usb_sendheartbeat
 .text.usb_initialize
                0x80019060      0x1c0 /n64_toolchain/lib/gcc/mips64-elf/13.1.0/../../../../mips64-elf/lib/libdragon.a(usb.o)
                0x80019060                usb_initialize
 .text.usb_64drive_wait
                0x80019220       0xc0 /n64_toolchain/lib/gcc/mips64-elf/13.1.0/../../../../mips64-elf/lib/libdragon.a(usb.o)
                0x80019220                usb_64drive_wait
 .text.usb_64drive_write
                0x800192e0      0x240 /n64_toolchain/lib/gcc/mips64-elf/13.1.0/../../../../mips64-elf/lib/libdragon.a(usb.o)
 .text.usb_sc64_execute_cmd
                0x80019520       0xc0 /n64_toolchain/lib/gcc/mips64-elf/13.1.0/../../../../mips64-elf/lib/libdragon.a(usb.o)
                0x80019520                usb_sc64_execute_cmd
 .text.usb_sc64_write
                0x800195e0      0x2a0 /n64_toolchain/lib/gcc/mips64-elf/13.1.0/../../../../mips64-elf/lib/libdragon.a(usb.o)
 .text.get_next_token
                0x80019880       0xc0 /n64_toolchain/lib/gcc/mips64-elf/13.1.0/../../../../mips64-elf/lib/libdragon.a(dragonfs.o)
 .text.recurse_path
                0x80019940      0x3c0 /n64_toolchain/lib/gcc/mips64-elf/13.1.0/../../../../mips64-elf/lib/libdragon.a(dragonfs.o)
 .text.__close  0x80019d00       0x80 /n64_toolchain/lib/gcc/mips64-elf/13.1.0/../../../../mips64-elf/lib/libdragon.a(dragonfs.o)
 .text.__fstat  0x80019d80       0xa0 /n64_toolchain/lib/gcc/mips64-elf/13.1.0/../../../../mips64-elf/lib/libdragon.a(dragonfs.o)
 .text.dfs_dir_findfirst
                0x80019e20       0xc0 /n64_toolchain/lib/gcc/mips64-elf/13.1.0/../../../../mips64-elf/lib/libdragon.a(dragonfs.o)
                0x80019e20                dfs_dir_findfirst
 .text.__findfirst
                0x80019ee0       0x80 /n64_toolchain/lib/gcc/mips64-elf/13.1.0/../../../../mips64-elf/lib/libdragon.a(dragonfs.o)
 .text.dfs_dir_findnext
                0x80019f60       0xc0 /n64_toolchain/lib/gcc/mips64-elf/13.1.0/../../../../mips64-elf/lib/libdragon.a(dragonfs.o)
                0x80019f60                dfs_dir_findnext
 .text.__findnext
                0x8001a020       0x80 /n64_toolchain/lib/gcc/mips64-elf/13.1.0/../../../../mips64-elf/lib/libdragon.a(dragonfs.o)
 .text.dfs_open
                0x8001a0a0      0x120 /n64_toolchain/lib/gcc/mips64-elf/13.1.0/../../../../mips64-elf/lib/libdragon.a(dragonfs.o)
                0x8001a0a0                dfs_open
 .text.__open   0x8001a1c0      0x120 /n64_toolchain/lib/gcc/mips64-elf/13.1.0/../../../../mips64-elf/lib/libdragon.a(dragonfs.o)
 .text.dfs_close
                0x8001a2e0       0x80 /n64_toolchain/lib/gcc/mips64-elf/13.1.0/../../../../mips64-elf/lib/libdragon.a(dragonfs.o)
                0x8001a2e0                dfs_close
 .text.dfs_seek
                0x8001a360      0x100 /n64_toolchain/lib/gcc/mips64-elf/13.1.0/../../../../mips64-elf/lib/libdragon.a(dragonfs.o)
                0x8001a360                dfs_seek
 .text.__lseek  0x8001a460       0x80 /n64_toolchain/lib/gcc/mips64-elf/13.1.0/../../../../mips64-elf/lib/libdragon.a(dragonfs.o)
 .text.dfs_read
                0x8001a4e0      0x280 /n64_toolchain/lib/gcc/mips64-elf/13.1.0/../../../../mips64-elf/lib/libdragon.a(dragonfs.o)
                0x8001a4e0                dfs_read
 .text.__read   0x8001a760       0x20 /n64_toolchain/lib/gcc/mips64-elf/13.1.0/../../../../mips64-elf/lib/libdragon.a(dragonfs.o)
 .text.dfs_rom_addr
                0x8001a780       0xa0 /n64_toolchain/lib/gcc/mips64-elf/13.1.0/../../../../mips64-elf/lib/libdragon.a(dragonfs.o)
                0x8001a780                dfs_rom_addr
 .text.dfs_init
                0x8001a820      0x1e0 /n64_toolchain/lib/gcc/mips64-elf/13.1.0/../../../../mips64-elf/lib/libdragon.a(dragonfs.o)
                0x8001a820                dfs_init
 .text.audio_callback.part.0
                0x8001aa00      0x1e0 /n64_toolchain/lib/gcc/mips64-elf/13.1.0/../../../../mips64-elf/lib/libdragon.a(audio.o)
 .text.audio_callback
                0x8001abe0       0x60 /n64_toolchain/lib/gcc/mips64-elf/13.1.0/../../../../mips64-elf/lib/libdragon.a(audio.o)
 .text.audio_init
                0x8001ac40      0x200 /n64_toolchain/lib/gcc/mips64-elf/13.1.0/../../../../mips64-elf/lib/libdragon.a(audio.o)
                0x8001ac40                audio_init
 .text.audio_write_begin
                0x8001ae40      0x100 /n64_toolchain/lib/gcc/mips64-elf/13.1.0/../../../../mips64-elf/lib/libdragon.a(audio.o)
                0x8001ae40                audio_write_begin
 .text.audio_write_end
                0x8001af40       0x80 /n64_toolchain/lib/gcc/mips64-elf/13.1.0/../../../../mips64-elf/lib/libdragon.a(audio.o)
                0x8001af40                audio_write_end
 .text.audio_can_write
                0x8001afc0       0x40 /n64_toolchain/lib/gcc/mips64-elf/13.1.0/../../../../mips64-elf/lib/libdragon.a(audio.o)
                0x8001afc0                audio_can_write
 .text.audio_get_frequency
                0x8001b000       0x20 /n64_toolchain/lib/gcc/mips64-elf/13.1.0/../../../../mips64-elf/lib/libdragon.a(audio.o)
                0x8001b000                audio_get_frequency
 .text.audio_get_buffer_length
                0x8001b020       0x20 /n64_toolchain/lib/gcc/mips64-elf/13.1.0/../../../../mips64-elf/lib/libdragon.a(audio.o)
                0x8001b020                audio_get_buffer_length
 .text.__display_callback
                0x8001b040       0xc0 /n64_toolchain/lib/gcc/mips64-elf/13.1.0/../../../../mips64-elf/lib/libdragon.a(display.o)
 .text.display_show.part.0
                0x8001b100      0x140 /n64_toolchain/lib/gcc/mips64-elf/13.1.0/../../../../mips64-elf/lib/libdragon.a(display.o)
 .text.display_init
                0x8001b240      0x600 /n64_toolchain/lib/gcc/mips64-elf/13.1.0/../../../../mips64-elf/lib/libdragon.a(display.o)
                0x8001b240                display_init
 .text.display_close
                0x8001b840      0x100 /n64_toolchain/lib/gcc/mips64-elf/13.1.0/../../../../mips64-elf/lib/libdragon.a(display.o)
                0x8001b840                display_close
 .text.display_try_get
                0x8001b940       0xc0 /n64_toolchain/lib/gcc/mips64-elf/13.1.0/../../../../mips64-elf/lib/libdragon.a(display.o)
                0x8001b940                display_try_get
 .text.display_get
                0x8001ba00      0x100 /n64_toolchain/lib/gcc/mips64-elf/13.1.0/../../../../mips64-elf/lib/libdragon.a(display.o)
                0x8001ba00                display_get
 .text.display_show
                0x8001bb00       0x20 /n64_toolchain/lib/gcc/mips64-elf/13.1.0/../../../../mips64-elf/lib/libdragon.a(display.o)
                0x8001bb00                display_show
 .text.display_show_force
                0x8001bb20       0x40 /n64_toolchain/lib/gcc/mips64-elf/13.1.0/../../../../mips64-elf/lib/libdragon.a(display.o)
                0x8001bb20                display_show_force
 .text.display_get_width
                0x8001bb60       0x20 /n64_toolchain/lib/gcc/mips64-elf/13.1.0/../../../../mips64-elf/lib/libdragon.a(display.o)
                0x8001bb60                display_get_width
 .text.display_get_height
                0x8001bb80       0x20 /n64_toolchain/lib/gcc/mips64-elf/13.1.0/../../../../mips64-elf/lib/libdragon.a(display.o)
                0x8001bb80                display_get_height
 .text.display_get_bitdepth
                0x8001bba0       0x20 /n64_toolchain/lib/gcc/mips64-elf/13.1.0/../../../../mips64-elf/lib/libdragon.a(display.o)
                0x8001bba0                display_get_bitdepth
 .text.tex_format_name
                0x8001bbc0       0x40 /n64_toolchain/lib/gcc/mips64-elf/13.1.0/../../../../mips64-elf/lib/libdragon.a(surface.o)
                0x8001bbc0                tex_format_name
 .text.surface_alloc
                0x8001bc00       0xe0 /n64_toolchain/lib/gcc/mips64-elf/13.1.0/../../../../mips64-elf/lib/libdragon.a(surface.o)
                0x8001bc00                surface_alloc
 .text.surface_free
                0x8001bce0       0x80 /n64_toolchain/lib/gcc/mips64-elf/13.1.0/../../../../mips64-elf/lib/libdragon.a(surface.o)
                0x8001bce0                surface_free
 .text.controller_interrupt_update
                0x8001bd60       0x80 /n64_toolchain/lib/gcc/mips64-elf/13.1.0/../../../../mips64-elf/lib/libdragon.a(controller.o)
 .text.controller_interrupt
                0x8001bde0       0x40 /n64_toolchain/lib/gcc/mips64-elf/13.1.0/../../../../mips64-elf/lib/libdragon.a(controller.o)
 .text.controller_init
                0x8001be20       0xa0 /n64_toolchain/lib/gcc/mips64-elf/13.1.0/../../../../mips64-elf/lib/libdragon.a(controller.o)
                0x8001be20                controller_init
 .text.controller_read
                0x8001bec0       0x20 /n64_toolchain/lib/gcc/mips64-elf/13.1.0/../../../../mips64-elf/lib/libdragon.a(controller.o)
                0x8001bec0                controller_read
 .text.controller_scan
                0x8001bee0      0x100 /n64_toolchain/lib/gcc/mips64-elf/13.1.0/../../../../mips64-elf/lib/libdragon.a(controller.o)
                0x8001bee0                controller_scan
 .text.get_keys_down
                0x8001bfe0       0xa0 /n64_toolchain/lib/gcc/mips64-elf/13.1.0/../../../../mips64-elf/lib/libdragon.a(controller.o)
                0x8001bfe0                get_keys_down
 .text.get_keys_pressed
                0x8001c080       0x60 /n64_toolchain/lib/gcc/mips64-elf/13.1.0/../../../../mips64-elf/lib/libdragon.a(controller.o)
                0x8001c080                get_keys_pressed
 .text.graphics_draw_character.part.0
                0x8001c0e0      0x2c0 /n64_toolchain/lib/gcc/mips64-elf/13.1.0/../../../../mips64-elf/lib/libdragon.a(graphics.o)
 .text.graphics_set_color
                0x8001c3a0       0x20 /n64_toolchain/lib/gcc/mips64-elf/13.1.0/../../../../mips64-elf/lib/libdragon.a(graphics.o)
                0x8001c3a0                graphics_set_color
 .text.graphics_draw_box
                0x8001c3c0      0x120 /n64_toolchain/lib/gcc/mips64-elf/13.1.0/../../../../mips64-elf/lib/libdragon.a(graphics.o)
                0x8001c3c0                graphics_draw_box
 .text.graphics_fill_screen
                0x8001c4e0       0x80 /n64_toolchain/lib/gcc/mips64-elf/13.1.0/../../../../mips64-elf/lib/libdragon.a(graphics.o)
                0x8001c4e0                graphics_fill_screen
 .text.graphics_set_default_font
                0x8001c560       0x80 /n64_toolchain/lib/gcc/mips64-elf/13.1.0/../../../../mips64-elf/lib/libdragon.a(graphics.o)
                0x8001c560                graphics_set_default_font
 .text.graphics_draw_character
                0x8001c5e0       0x20 /n64_toolchain/lib/gcc/mips64-elf/13.1.0/../../../../mips64-elf/lib/libdragon.a(graphics.o)
                0x8001c5e0                graphics_draw_character
 .text.graphics_draw_text
                0x8001c600      0x120 /n64_toolchain/lib/gcc/mips64-elf/13.1.0/../../../../mips64-elf/lib/libdragon.a(graphics.o)
                0x8001c600                graphics_draw_text
 .text.rsp_load_code
                0x8001c720      0x100 /n64_toolchain/lib/gcc/mips64-elf/13.1.0/../../../../mips64-elf/lib/libdragon.a(rsp.o)
                0x8001c720                rsp_load_code
 .text.rsp_load_data
                0x8001c820       0xe0 /n64_toolchain/lib/gcc/mips64-elf/13.1.0/../../../../mips64-elf/lib/libdragon.a(rsp.o)
                0x8001c820                rsp_load_data
 .text.rsp_load
                0x8001c900       0x60 /n64_toolchain/lib/gcc/mips64-elf/13.1.0/../../../../mips64-elf/lib/libdragon.a(rsp.o)
                0x8001c900                rsp_load
 .text.rsp_read_code
                0x8001c960       0xe0 /n64_toolchain/lib/gcc/mips64-elf/13.1.0/../../../../mips64-elf/lib/libdragon.a(rsp.o)
                0x8001c960                rsp_read_code
 .text.rsp_read_data
                0x8001ca40       0xe0 /n64_toolchain/lib/gcc/mips64-elf/13.1.0/../../../../mips64-elf/lib/libdragon.a(rsp.o)
                0x8001ca40                rsp_read_data
 .text.__rsp_run_async
                0x8001cb20       0x40 /n64_toolchain/lib/gcc/mips64-elf/13.1.0/../../../../mips64-elf/lib/libdragon.a(rsp.o)
                0x8001cb20                __rsp_run_async
 .text.__rsp_crash
                0x8001cb60      0xbe0 /n64_toolchain/lib/gcc/mips64-elf/13.1.0/../../../../mips64-elf/lib/libdragon.a(rsp.o)
                0x8001cb60                __rsp_crash
 .text.__rsp_check_assert
                0x8001d740       0x80 /n64_toolchain/lib/gcc/mips64-elf/13.1.0/../../../../mips64-elf/lib/libdragon.a(rsp.o)
                0x8001d740                __rsp_check_assert
 .text.rsp_wait
                0x8001d7c0      0x100 /n64_toolchain/lib/gcc/mips64-elf/13.1.0/../../../../mips64-elf/lib/libdragon.a(rsp.o)
                0x8001d7c0                rsp_wait
 .text.rsp_run  0x8001d8c0       0x60 /n64_toolchain/lib/gcc/mips64-elf/13.1.0/../../../../mips64-elf/lib/libdragon.a(rsp.o)
                0x8001d8c0                rsp_run
 .text.cb.2     0x8001d920       0x60 /n64_toolchain/lib/gcc/mips64-elf/13.1.0/../../../../mips64-elf/lib/libdragon.a(inspector.o)
 .text.cb.1     0x8001d980       0x60 /n64_toolchain/lib/gcc/mips64-elf/13.1.0/../../../../mips64-elf/lib/libdragon.a(inspector.o)
 .text.cb.0     0x8001d9e0      0x120 /n64_toolchain/lib/gcc/mips64-elf/13.1.0/../../../../mips64-elf/lib/libdragon.a(inspector.o)
 .text.cb.3     0x8001db00      0x120 /n64_toolchain/lib/gcc/mips64-elf/13.1.0/../../../../mips64-elf/lib/libdragon.a(inspector.o)
 .text.inspector_stdout
                0x8001dc20      0x240 /n64_toolchain/lib/gcc/mips64-elf/13.1.0/../../../../mips64-elf/lib/libdragon.a(inspector.o)
 .text.title    0x8001de60       0xa0 /n64_toolchain/lib/gcc/mips64-elf/13.1.0/../../../../mips64-elf/lib/libdragon.a(inspector.o)
 .text.mips_disasm
                0x8001df00      0x640 /n64_toolchain/lib/gcc/mips64-elf/13.1.0/../../../../mips64-elf/lib/libdragon.a(inspector.o)
 .text.inspector
                0x8001e540      0xc40 /n64_toolchain/lib/gcc/mips64-elf/13.1.0/../../../../mips64-elf/lib/libdragon.a(inspector.o)
 .text.handler.4
                0x8001f180       0x40 /n64_toolchain/lib/gcc/mips64-elf/13.1.0/../../../../mips64-elf/lib/libdragon.a(inspector.o)
 .text.__inspector_exception
                0x8001f1c0       0x20 /n64_toolchain/lib/gcc/mips64-elf/13.1.0/../../../../mips64-elf/lib/libdragon.a(inspector.o)
                0x8001f1c0                __inspector_exception
 .text.__inspector_assertion
                0x8001f1e0       0x20 /n64_toolchain/lib/gcc/mips64-elf/13.1.0/../../../../mips64-elf/lib/libdragon.a(inspector.o)
                0x8001f1e0                __inspector_assertion
 .text.startup.__inspector_init
                0x8001f200       0x20 /n64_toolchain/lib/gcc/mips64-elf/13.1.0/../../../../mips64-elf/lib/libdragon.a(inspector.o)
                0x8001f200                __inspector_init
 .text.__sprite_ext
                0x8001f220       0xa0 /n64_toolchain/lib/gcc/mips64-elf/13.1.0/../../../../mips64-elf/lib/libdragon.a(sprite.o)
                0x8001f220                __sprite_ext
 .text.sprite_load
                0x8001f2c0       0x80 /n64_toolchain/lib/gcc/mips64-elf/13.1.0/../../../../mips64-elf/lib/libdragon.a(sprite.o)
                0x8001f2c0                sprite_load
 .text.sprite_get_pixels
                0x8001f340       0x60 /n64_toolchain/lib/gcc/mips64-elf/13.1.0/../../../../mips64-elf/lib/libdragon.a(sprite.o)
                0x8001f340                sprite_get_pixels
 .text.sprite_get_lod_pixels
                0x8001f3a0      0x160 /n64_toolchain/lib/gcc/mips64-elf/13.1.0/../../../../mips64-elf/lib/libdragon.a(sprite.o)
                0x8001f3a0                sprite_get_lod_pixels
 .text.sprite_get_palette
                0x8001f500       0x60 /n64_toolchain/lib/gcc/mips64-elf/13.1.0/../../../../mips64-elf/lib/libdragon.a(sprite.o)
                0x8001f500                sprite_get_palette
 .text.dma_write_raw_async.part.0
                0x8001f560       0x40 /n64_toolchain/lib/gcc/mips64-elf/13.1.0/../../../../mips64-elf/lib/libdragon.a(dma.o)
 .text.dma_read_raw_async
                0x8001f5a0       0xa0 /n64_toolchain/lib/gcc/mips64-elf/13.1.0/../../../../mips64-elf/lib/libdragon.a(dma.o)
                0x8001f5a0                dma_read_raw_async
 .text.dma_read_async
                0x8001f640      0x3a0 /n64_toolchain/lib/gcc/mips64-elf/13.1.0/../../../../mips64-elf/lib/libdragon.a(dma.o)
                0x8001f640                dma_read_async
 .text.dma_read
                0x8001f9e0       0x40 /n64_toolchain/lib/gcc/mips64-elf/13.1.0/../../../../mips64-elf/lib/libdragon.a(dma.o)
                0x8001f9e0                dma_read
 .text.dma_write
                0x8001fa20       0xa0 /n64_toolchain/lib/gcc/mips64-elf/13.1.0/../../../../mips64-elf/lib/libdragon.a(dma.o)
                0x8001fa20                dma_write
 .text.io_read  0x8001fac0       0x60 /n64_toolchain/lib/gcc/mips64-elf/13.1.0/../../../../mips64-elf/lib/libdragon.a(dma.o)
                0x8001fac0                io_read
 .text.io_write
                0x8001fb20       0x60 /n64_toolchain/lib/gcc/mips64-elf/13.1.0/../../../../mips64-elf/lib/libdragon.a(dma.o)
                0x8001fb20                io_write
 .text.cb.0     0x8001fb80       0x40 /n64_toolchain/lib/gcc/mips64-elf/13.1.0/../../../../mips64-elf/lib/libdragon.a(exception.o)
 .text.cb.1     0x8001fbc0       0x80 /n64_toolchain/lib/gcc/mips64-elf/13.1.0/../../../../mips64-elf/lib/libdragon.a(exception.o)
 .text.__get_exception_name.isra.0
                0x8001fc40      0x1a0 /n64_toolchain/lib/gcc/mips64-elf/13.1.0/../../../../mips64-elf/lib/libdragon.a(exception.o)
 .text.__exception_dump_header
                0x8001fde0      0x260 /n64_toolchain/lib/gcc/mips64-elf/13.1.0/../../../../mips64-elf/lib/libdragon.a(exception.o)
                0x8001fde0                __exception_dump_header
 .text.__exception_dump_gpr
                0x80020040      0x160 /n64_toolchain/lib/gcc/mips64-elf/13.1.0/../../../../mips64-elf/lib/libdragon.a(exception.o)
                0x80020040                __exception_dump_gpr
 .text.__exception_dump_fpr
                0x800201a0      0x2a0 /n64_toolchain/lib/gcc/mips64-elf/13.1.0/../../../../mips64-elf/lib/libdragon.a(exception.o)
                0x800201a0                __exception_dump_fpr
 .text.exception_default_handler
                0x80020440      0x1a0 /n64_toolchain/lib/gcc/mips64-elf/13.1.0/../../../../mips64-elf/lib/libdragon.a(exception.o)
                0x80020440                exception_default_handler
 .text.__onCriticalException
                0x800205e0       0x60 /n64_toolchain/lib/gcc/mips64-elf/13.1.0/../../../../mips64-elf/lib/libdragon.a(exception.o)
                0x800205e0                __onCriticalException
 .text.register_syscall_handler
                0x80020640      0x1a0 /n64_toolchain/lib/gcc/mips64-elf/13.1.0/../../../../mips64-elf/lib/libdragon.a(exception.o)
                0x80020640                register_syscall_handler
 .text.__onSyscallException
                0x800207e0      0x140 /n64_toolchain/lib/gcc/mips64-elf/13.1.0/../../../../mips64-elf/lib/libdragon.a(exception.o)
                0x800207e0                __onSyscallException
 .text.__register_frame_info
                0x80020920       0x20 /n64_toolchain/lib/gcc/mips64-elf/13.1.0/../../../../mips64-elf/lib/libdragon.a(do_ctors.o)
                0x80020920                __register_frame_info
 .text.__wrap___do_global_ctors
                0x80020940       0xe0 /n64_toolchain/lib/gcc/mips64-elf/13.1.0/../../../../mips64-elf/lib/libdragon.a(do_ctors.o)
                0x80020940                __wrap___do_global_ctors
 .text.mixer_init_samplebuffers
                0x80020a20      0x220 /n64_toolchain/lib/gcc/mips64-elf/13.1.0/../../../../mips64-elf/lib/libdragon.a(mixer.o)
 .text.waveform_read
                0x80020c40      0x1c0 /n64_toolchain/lib/gcc/mips64-elf/13.1.0/../../../../mips64-elf/lib/libdragon.a(mixer.o)
 .text.mixer_ch_set_freq
                0x80020e00      0x100 /n64_toolchain/lib/gcc/mips64-elf/13.1.0/../../../../mips64-elf/lib/libdragon.a(mixer.o)
                0x80020e00                mixer_ch_set_freq
 .text.mixer_ch_play
                0x80020f00      0x300 /n64_toolchain/lib/gcc/mips64-elf/13.1.0/../../../../mips64-elf/lib/libdragon.a(mixer.o)
                0x80020f00                mixer_ch_play
 .text.mixer_ch_set_limits
                0x80021200      0x1a0 /n64_toolchain/lib/gcc/mips64-elf/13.1.0/../../../../mips64-elf/lib/libdragon.a(mixer.o)
                0x80021200                mixer_ch_set_limits
 .text.mixer_init
                0x800213a0      0x180 /n64_toolchain/lib/gcc/mips64-elf/13.1.0/../../../../mips64-elf/lib/libdragon.a(mixer.o)
                0x800213a0                mixer_init
 .text.mixer_remove_event
                0x80021520       0xa0 /n64_toolchain/lib/gcc/mips64-elf/13.1.0/../../../../mips64-elf/lib/libdragon.a(mixer.o)
                0x80021520                mixer_remove_event
 .text.mixer_poll
                0x800215c0      0x9e0 /n64_toolchain/lib/gcc/mips64-elf/13.1.0/../../../../mips64-elf/lib/libdragon.a(mixer.o)
                0x800215c0                mixer_poll
 .text.samplebuffer_init
                0x80021fa0       0xc0 /n64_toolchain/lib/gcc/mips64-elf/13.1.0/../../../../mips64-elf/lib/libdragon.a(samplebuffer.o)
                0x80021fa0                samplebuffer_init
 .text.samplebuffer_set_bps
                0x80022060      0x140 /n64_toolchain/lib/gcc/mips64-elf/13.1.0/../../../../mips64-elf/lib/libdragon.a(samplebuffer.o)
                0x80022060                samplebuffer_set_bps
 .text.samplebuffer_set_waveform
                0x800221a0       0x20 /n64_toolchain/lib/gcc/mips64-elf/13.1.0/../../../../mips64-elf/lib/libdragon.a(samplebuffer.o)
                0x800221a0                samplebuffer_set_waveform
 .text.samplebuffer_close
                0x800221c0       0x20 /n64_toolchain/lib/gcc/mips64-elf/13.1.0/../../../../mips64-elf/lib/libdragon.a(samplebuffer.o)
                0x800221c0                samplebuffer_close
 .text.samplebuffer_get
                0x800221e0      0x1c0 /n64_toolchain/lib/gcc/mips64-elf/13.1.0/../../../../mips64-elf/lib/libdragon.a(samplebuffer.o)
                0x800221e0                samplebuffer_get
 .text.samplebuffer_discard
                0x800223a0      0x120 /n64_toolchain/lib/gcc/mips64-elf/13.1.0/../../../../mips64-elf/lib/libdragon.a(samplebuffer.o)
                0x800223a0                samplebuffer_discard
 .text.samplebuffer_append
                0x800224c0      0x1a0 /n64_toolchain/lib/gcc/mips64-elf/13.1.0/../../../../mips64-elf/lib/libdragon.a(samplebuffer.o)
                0x800224c0                samplebuffer_append
 .text.samplebuffer_flush
                0x80022660       0x20 /n64_toolchain/lib/gcc/mips64-elf/13.1.0/../../../../mips64-elf/lib/libdragon.a(samplebuffer.o)
                0x80022660                samplebuffer_flush
 .text.waveform_read
                0x80022680       0xa0 /n64_toolchain/lib/gcc/mips64-elf/13.1.0/../../../../mips64-elf/lib/libdragon.a(wav64.o)
 .text.wav64_open
                0x80022720      0x2a0 /n64_toolchain/lib/gcc/mips64-elf/13.1.0/../../../../mips64-elf/lib/libdragon.a(wav64.o)
                0x80022720                wav64_open
 .text.wav64_play
                0x800229c0       0x20 /n64_toolchain/lib/gcc/mips64-elf/13.1.0/../../../../mips64-elf/lib/libdragon.a(wav64.o)
                0x800229c0                wav64_play
 .text.wav64_set_loop
                0x800229e0       0x40 /n64_toolchain/lib/gcc/mips64-elf/13.1.0/../../../../mips64-elf/lib/libdragon.a(wav64.o)
                0x800229e0                wav64_set_loop
 .text.rspq_sp_interrupt
                0x80022a20       0xa0 /n64_toolchain/lib/gcc/mips64-elf/13.1.0/../../../../mips64-elf/lib/libdragon.a(rspq.o)
 .text.rspq_get_current_ovl
                0x80022ac0       0xc0 /n64_toolchain/lib/gcc/mips64-elf/13.1.0/../../../../mips64-elf/lib/libdragon.a(rspq.o)
 .text.rspq_switch_context
                0x80022b80       0x60 /n64_toolchain/lib/gcc/mips64-elf/13.1.0/../../../../mips64-elf/lib/libdragon.a(rspq.o)
 .text.rspq_flush_internal
                0x80022be0       0x40 /n64_toolchain/lib/gcc/mips64-elf/13.1.0/../../../../mips64-elf/lib/libdragon.a(rspq.o)
 .text.rspq_crash_handler
                0x80022c20      0x340 /n64_toolchain/lib/gcc/mips64-elf/13.1.0/../../../../mips64-elf/lib/libdragon.a(rspq.o)
 .text.rspq_init_context
                0x80022f60       0xa0 /n64_toolchain/lib/gcc/mips64-elf/13.1.0/../../../../mips64-elf/lib/libdragon.a(rspq.o)
 .text.rspq_assert_handler
                0x80023000       0xc0 /n64_toolchain/lib/gcc/mips64-elf/13.1.0/../../../../mips64-elf/lib/libdragon.a(rspq.o)
 .text.rspq_switch_buffer.part.0
                0x800230c0       0x40 /n64_toolchain/lib/gcc/mips64-elf/13.1.0/../../../../mips64-elf/lib/libdragon.a(rspq.o)
 .text.rspq_init
                0x80023100      0x360 /n64_toolchain/lib/gcc/mips64-elf/13.1.0/../../../../mips64-elf/lib/libdragon.a(rspq.o)
                0x80023100                rspq_init
 .text.rspq_next_buffer
                0x80023460      0x2e0 /n64_toolchain/lib/gcc/mips64-elf/13.1.0/../../../../mips64-elf/lib/libdragon.a(rspq.o)
                0x80023460                rspq_next_buffer
 .text.rspq_flush
                0x80023740       0x40 /n64_toolchain/lib/gcc/mips64-elf/13.1.0/../../../../mips64-elf/lib/libdragon.a(rspq.o)
                0x80023740                rspq_flush
 .text.rspq_highpri_begin
                0x80023780       0xe0 /n64_toolchain/lib/gcc/mips64-elf/13.1.0/../../../../mips64-elf/lib/libdragon.a(rspq.o)
                0x80023780                rspq_highpri_begin
 .text.rspq_highpri_end
                0x80023860       0xa0 /n64_toolchain/lib/gcc/mips64-elf/13.1.0/../../../../mips64-elf/lib/libdragon.a(rspq.o)
                0x80023860                rspq_highpri_end
 .text.rspq_highpri_sync
                0x80023900      0x140 /n64_toolchain/lib/gcc/mips64-elf/13.1.0/../../../../mips64-elf/lib/libdragon.a(rspq.o)
                0x80023900                rspq_highpri_sync
 .text.rspq_block_begin
                0x80023a40      0x100 /n64_toolchain/lib/gcc/mips64-elf/13.1.0/../../../../mips64-elf/lib/libdragon.a(rspq.o)
                0x80023a40                rspq_block_begin
 .text.rspq_block_end
                0x80023b40       0xa0 /n64_toolchain/lib/gcc/mips64-elf/13.1.0/../../../../mips64-elf/lib/libdragon.a(rspq.o)
                0x80023b40                rspq_block_end
 .text.rspq_block_free
                0x80023be0       0xe0 /n64_toolchain/lib/gcc/mips64-elf/13.1.0/../../../../mips64-elf/lib/libdragon.a(rspq.o)
                0x80023be0                rspq_block_free
 .text.rspq_block_run
                0x80023cc0      0x120 /n64_toolchain/lib/gcc/mips64-elf/13.1.0/../../../../mips64-elf/lib/libdragon.a(rspq.o)
                0x80023cc0                rspq_block_run
 .text.rspq_block_run_rsp
                0x80023de0       0x80 /n64_toolchain/lib/gcc/mips64-elf/13.1.0/../../../../mips64-elf/lib/libdragon.a(rspq.o)
                0x80023de0                rspq_block_run_rsp
 .text.rspq_syncpoint_new
                0x80023e60       0xe0 /n64_toolchain/lib/gcc/mips64-elf/13.1.0/../../../../mips64-elf/lib/libdragon.a(rspq.o)
                0x80023e60                rspq_syncpoint_new
 .text.rspq_syncpoint_wait
                0x80023f40      0x160 /n64_toolchain/lib/gcc/mips64-elf/13.1.0/../../../../mips64-elf/lib/libdragon.a(rspq.o)
                0x80023f40                rspq_syncpoint_wait
 .text.rspq_wait
                0x800240a0       0xa0 /n64_toolchain/lib/gcc/mips64-elf/13.1.0/../../../../mips64-elf/lib/libdragon.a(rspq.o)
                0x800240a0                rspq_wait
 .text.rspq_overlay_get_state
                0x80024140      0x160 /n64_toolchain/lib/gcc/mips64-elf/13.1.0/../../../../mips64-elf/lib/libdragon.a(rspq.o)
                0x80024140                rspq_overlay_get_state
 .text.rspq_overlay_register_internal
                0x800242a0      0x580 /n64_toolchain/lib/gcc/mips64-elf/13.1.0/../../../../mips64-elf/lib/libdragon.a(rspq.o)
 .text.rspq_overlay_register
                0x80024820       0x20 /n64_toolchain/lib/gcc/mips64-elf/13.1.0/../../../../mips64-elf/lib/libdragon.a(rspq.o)
                0x80024820                rspq_overlay_register
 .text.rspq_overlay_register_static
                0x80024840       0x60 /n64_toolchain/lib/gcc/mips64-elf/13.1.0/../../../../mips64-elf/lib/libdragon.a(rspq.o)
                0x80024840                rspq_overlay_register_static
 .text.rdpq_assert_handler
                0x800248a0       0xa0 /n64_toolchain/lib/gcc/mips64-elf/13.1.0/../../../../mips64-elf/lib/libdragon.a(rdpq.o)
 .text.__rdpq_interrupt
                0x80024940       0xa0 /n64_toolchain/lib/gcc/mips64-elf/13.1.0/../../../../mips64-elf/lib/libdragon.a(rdpq.o)
 .text.rdpq_set_tile
                0x800249e0      0x240 /n64_toolchain/lib/gcc/mips64-elf/13.1.0/../../../../mips64-elf/lib/libdragon.a(rdpq.o)
                0x800249e0                rdpq_set_tile
 .text.rdpq_config_set
                0x80024c20       0x20 /n64_toolchain/lib/gcc/mips64-elf/13.1.0/../../../../mips64-elf/lib/libdragon.a(rdpq.o)
                0x80024c20                rdpq_config_set
 .text.rdpq_config_disable
                0x80024c40       0x20 /n64_toolchain/lib/gcc/mips64-elf/13.1.0/../../../../mips64-elf/lib/libdragon.a(rdpq.o)
                0x80024c40                rdpq_config_disable
 .text.__rdpq_block_begin
                0x80024c60       0x40 /n64_toolchain/lib/gcc/mips64-elf/13.1.0/../../../../mips64-elf/lib/libdragon.a(rdpq.o)
                0x80024c60                __rdpq_block_begin
 .text.__rdpq_block_next_buffer
                0x80024ca0      0x180 /n64_toolchain/lib/gcc/mips64-elf/13.1.0/../../../../mips64-elf/lib/libdragon.a(rdpq.o)
                0x80024ca0                __rdpq_block_next_buffer
 .text.rdpq_fence
                0x80024e20      0x140 /n64_toolchain/lib/gcc/mips64-elf/13.1.0/../../../../mips64-elf/lib/libdragon.a(rdpq.o)
                0x80024e20                rdpq_fence
 .text.__rdpq_block_end
                0x80024f60       0x40 /n64_toolchain/lib/gcc/mips64-elf/13.1.0/../../../../mips64-elf/lib/libdragon.a(rdpq.o)
                0x80024f60                __rdpq_block_end
 .text.__rdpq_block_run
                0x80024fa0       0x40 /n64_toolchain/lib/gcc/mips64-elf/13.1.0/../../../../mips64-elf/lib/libdragon.a(rdpq.o)
                0x80024fa0                __rdpq_block_run
 .text.__rdpq_block_free
                0x80024fe0       0x60 /n64_toolchain/lib/gcc/mips64-elf/13.1.0/../../../../mips64-elf/lib/libdragon.a(rdpq.o)
                0x80024fe0                __rdpq_block_free
 .text.__rdpq_block_update
                0x80025040      0x120 /n64_toolchain/lib/gcc/mips64-elf/13.1.0/../../../../mips64-elf/lib/libdragon.a(rdpq.o)
                0x80025040                __rdpq_block_update
 .text.__rdpq_block_update_norsp
                0x80025160       0x20 /n64_toolchain/lib/gcc/mips64-elf/13.1.0/../../../../mips64-elf/lib/libdragon.a(rdpq.o)
                0x80025160                __rdpq_block_update_norsp
 .text.__rdpq_write8
                0x80025180       0xe0 /n64_toolchain/lib/gcc/mips64-elf/13.1.0/../../../../mips64-elf/lib/libdragon.a(rdpq.o)
                0x80025180                __rdpq_write8
 .text.__rdpq_autosync_change
                0x80025260      0x140 /n64_toolchain/lib/gcc/mips64-elf/13.1.0/../../../../mips64-elf/lib/libdragon.a(rdpq.o)
                0x80025260                __rdpq_autosync_change
 .text.__rdpq_write8_syncchange
                0x800253a0       0x60 /n64_toolchain/lib/gcc/mips64-elf/13.1.0/../../../../mips64-elf/lib/libdragon.a(rdpq.o)
                0x800253a0                __rdpq_write8_syncchange
 .text.__rdpq_fixup_write8_syncchange
                0x80025400      0x140 /n64_toolchain/lib/gcc/mips64-elf/13.1.0/../../../../mips64-elf/lib/libdragon.a(rdpq.o)
                0x80025400                __rdpq_fixup_write8_syncchange
 .text.__rdpq_write8_syncchangeuse
                0x80025540       0x80 /n64_toolchain/lib/gcc/mips64-elf/13.1.0/../../../../mips64-elf/lib/libdragon.a(rdpq.o)
                0x80025540                __rdpq_write8_syncchangeuse
 .text.__rdpq_set_scissor
                0x800255c0      0x100 /n64_toolchain/lib/gcc/mips64-elf/13.1.0/../../../../mips64-elf/lib/libdragon.a(rdpq.o)
                0x800255c0                __rdpq_set_scissor
 .text.__rdpq_set_fill_color
                0x800256c0      0x100 /n64_toolchain/lib/gcc/mips64-elf/13.1.0/../../../../mips64-elf/lib/libdragon.a(rdpq.o)
                0x800256c0                __rdpq_set_fill_color
 .text.__rdpq_set_color_image
                0x800257c0      0x140 /n64_toolchain/lib/gcc/mips64-elf/13.1.0/../../../../mips64-elf/lib/libdragon.a(rdpq.o)
                0x800257c0                __rdpq_set_color_image
 .text.rdpq_set_color_image
                0x80025900      0x180 /n64_toolchain/lib/gcc/mips64-elf/13.1.0/../../../../mips64-elf/lib/libdragon.a(rdpq.o)
                0x80025900                rdpq_set_color_image
 .text.rdpq_set_z_image
                0x80025a80       0xc0 /n64_toolchain/lib/gcc/mips64-elf/13.1.0/../../../../mips64-elf/lib/libdragon.a(rdpq.o)
                0x80025a80                rdpq_set_z_image
 .text.rdpq_set_texture_image
                0x80025b40      0x140 /n64_toolchain/lib/gcc/mips64-elf/13.1.0/../../../../mips64-elf/lib/libdragon.a(rdpq.o)
                0x80025b40                rdpq_set_texture_image
 .text.__rdpq_set_other_modes
                0x80025c80      0x140 /n64_toolchain/lib/gcc/mips64-elf/13.1.0/../../../../mips64-elf/lib/libdragon.a(rdpq.o)
                0x80025c80                __rdpq_set_other_modes
 .text.rdpq_init
                0x80025dc0      0x120 /n64_toolchain/lib/gcc/mips64-elf/13.1.0/../../../../mips64-elf/lib/libdragon.a(rdpq.o)
                0x80025dc0                rdpq_init
 .text.rdpq_set_tile_autotmem
                0x80025ee0       0xa0 /n64_toolchain/lib/gcc/mips64-elf/13.1.0/../../../../mips64-elf/lib/libdragon.a(rdpq.o)
                0x80025ee0                rdpq_set_tile_autotmem
 .text.rdpq_sync_full
                0x80025f80      0x120 /n64_toolchain/lib/gcc/mips64-elf/13.1.0/../../../../mips64-elf/lib/libdragon.a(rdpq.o)
                0x80025f80                rdpq_sync_full
 .text.rdpq_debug_log_msg
                0x800260a0       0xe0 /n64_toolchain/lib/gcc/mips64-elf/13.1.0/../../../../mips64-elf/lib/libdragon.a(rdpq_debug.o)
                0x800260a0                rdpq_debug_log_msg
 .text.__rdpq_fill_rectangle
                0x80026180      0x160 /n64_toolchain/lib/gcc/mips64-elf/13.1.0/../../../../mips64-elf/lib/libdragon.a(rdpq_rect.o)
                0x80026180                __rdpq_fill_rectangle
 .text.__rdpq_fill_rectangle_offline
                0x800262e0       0x80 /n64_toolchain/lib/gcc/mips64-elf/13.1.0/../../../../mips64-elf/lib/libdragon.a(rdpq_rect.o)
                0x800262e0                __rdpq_fill_rectangle_offline
 .text.__rdpq_texture_rectangle
                0x80026360      0x1e0 /n64_toolchain/lib/gcc/mips64-elf/13.1.0/../../../../mips64-elf/lib/libdragon.a(rdpq_rect.o)
                0x80026360                __rdpq_texture_rectangle
 .text.__rdpq_texture_rectangle_offline
                0x80026540      0x1a0 /n64_toolchain/lib/gcc/mips64-elf/13.1.0/../../../../mips64-elf/lib/libdragon.a(rdpq_rect.o)
                0x80026540                __rdpq_texture_rectangle_offline
 .text.__rdpq_texture_rectangle_scaled_offline
                0x800266e0      0x200 /n64_toolchain/lib/gcc/mips64-elf/13.1.0/../../../../mips64-elf/lib/libdragon.a(rdpq_rect.o)
                0x800266e0                __rdpq_texture_rectangle_scaled_offline
 .text.__rdpq_fixup_mode
                0x800268e0      0x100 /n64_toolchain/lib/gcc/mips64-elf/13.1.0/../../../../mips64-elf/lib/libdragon.a(rdpq_mode.o)
                0x800268e0                __rdpq_fixup_mode
 .text.__rdpq_fixup_mode3
                0x800269e0      0x120 /n64_toolchain/lib/gcc/mips64-elf/13.1.0/../../../../mips64-elf/lib/libdragon.a(rdpq_mode.o)
                0x800269e0                __rdpq_fixup_mode3
 .text.__rdpq_mode_change_som
                0x80026b00       0xa0 /n64_toolchain/lib/gcc/mips64-elf/13.1.0/../../../../mips64-elf/lib/libdragon.a(rdpq_mode.o)
                0x80026b00                __rdpq_mode_change_som
 .text.__rdpq_fixup_mode4
                0x80026ba0      0x120 /n64_toolchain/lib/gcc/mips64-elf/13.1.0/../../../../mips64-elf/lib/libdragon.a(rdpq_mode.o)
                0x80026ba0                __rdpq_fixup_mode4
 .text.__rdpq_reset_render_mode
                0x80026cc0      0x120 /n64_toolchain/lib/gcc/mips64-elf/13.1.0/../../../../mips64-elf/lib/libdragon.a(rdpq_mode.o)
                0x80026cc0                __rdpq_reset_render_mode
 .text.rdpq_mode_push
                0x80026de0       0x40 /n64_toolchain/lib/gcc/mips64-elf/13.1.0/../../../../mips64-elf/lib/libdragon.a(rdpq_mode.o)
                0x80026de0                rdpq_mode_push
 .text.rdpq_mode_pop
                0x80026e20       0x20 /n64_toolchain/lib/gcc/mips64-elf/13.1.0/../../../../mips64-elf/lib/libdragon.a(rdpq_mode.o)
                0x80026e20                rdpq_mode_pop
 .text.__rdpq_set_mode_fill
                0x80026e40       0x80 /n64_toolchain/lib/gcc/mips64-elf/13.1.0/../../../../mips64-elf/lib/libdragon.a(rdpq_mode.o)
                0x80026e40                __rdpq_set_mode_fill
 .text.rdpq_set_mode_copy
                0x80026ec0       0x80 /n64_toolchain/lib/gcc/mips64-elf/13.1.0/../../../../mips64-elf/lib/libdragon.a(rdpq_mode.o)
                0x80026ec0                rdpq_set_mode_copy
 .text.rdpq_set_mode_standard
                0x80026f40       0xc0 /n64_toolchain/lib/gcc/mips64-elf/13.1.0/../../../../mips64-elf/lib/libdragon.a(rdpq_mode.o)
                0x80026f40                rdpq_set_mode_standard
 .text.rdpq_mode_begin
                0x80027000       0x40 /n64_toolchain/lib/gcc/mips64-elf/13.1.0/../../../../mips64-elf/lib/libdragon.a(rdpq_mode.o)
                0x80027000                rdpq_mode_begin
 .text.rdpq_mode_end
                0x80027040       0x40 /n64_toolchain/lib/gcc/mips64-elf/13.1.0/../../../../mips64-elf/lib/libdragon.a(rdpq_mode.o)
                0x80027040                rdpq_mode_end
 .text.sprite_upload_palette
                0x80027080       0xe0 /n64_toolchain/lib/gcc/mips64-elf/13.1.0/../../../../mips64-elf/lib/libdragon.a(rdpq_sprite.o)
 .text.rdpq_sprite_blit
                0x80027160       0x80 /n64_toolchain/lib/gcc/mips64-elf/13.1.0/../../../../mips64-elf/lib/libdragon.a(rdpq_sprite.o)
                0x80027160                rdpq_sprite_blit
 .text.draw_cb.0
                0x800271e0      0x100 /n64_toolchain/lib/gcc/mips64-elf/13.1.0/../../../../mips64-elf/lib/libdragon.a(rdpq_tex.o)
 .text.draw_cb.1
                0x800272e0      0x140 /n64_toolchain/lib/gcc/mips64-elf/13.1.0/../../../../mips64-elf/lib/libdragon.a(rdpq_tex.o)
 .text.draw_cb_multi_rot.2
                0x80027420      0x300 /n64_toolchain/lib/gcc/mips64-elf/13.1.0/../../../../mips64-elf/lib/libdragon.a(rdpq_tex.o)
 .text.draw_cb.3
                0x80027720      0x1c0 /n64_toolchain/lib/gcc/mips64-elf/13.1.0/../../../../mips64-elf/lib/libdragon.a(rdpq_tex.o)
 .text.rdpq_load_block.part.0
                0x800278e0       0x40 /n64_toolchain/lib/gcc/mips64-elf/13.1.0/../../../../mips64-elf/lib/libdragon.a(rdpq_tex.o)
 .text.texload_set_rect
                0x80027920      0x580 /n64_toolchain/lib/gcc/mips64-elf/13.1.0/../../../../mips64-elf/lib/libdragon.a(rdpq_tex.o)
 .text.texload_tile
                0x80027ea0      0x260 /n64_toolchain/lib/gcc/mips64-elf/13.1.0/../../../../mips64-elf/lib/libdragon.a(rdpq_tex.o)
 .text.texload_tile_4bpp
                0x80028100      0x360 /n64_toolchain/lib/gcc/mips64-elf/13.1.0/../../../../mips64-elf/lib/libdragon.a(rdpq_tex.o)
 .text.texload_block_4bpp
                0x80028460      0x400 /n64_toolchain/lib/gcc/mips64-elf/13.1.0/../../../../mips64-elf/lib/libdragon.a(rdpq_tex.o)
 .text.texload_block_8bpp
                0x80028860      0x3c0 /n64_toolchain/lib/gcc/mips64-elf/13.1.0/../../../../mips64-elf/lib/libdragon.a(rdpq_tex.o)
 .text.texload_block
                0x80028c20      0x3c0 /n64_toolchain/lib/gcc/mips64-elf/13.1.0/../../../../mips64-elf/lib/libdragon.a(rdpq_tex.o)
 .text.tex_loader_load
                0x80028fe0      0x120 /n64_toolchain/lib/gcc/mips64-elf/13.1.0/../../../../mips64-elf/lib/libdragon.a(rdpq_tex.o)
                0x80028fe0                tex_loader_load
 .text.tex_draw_split
                0x80029100      0x220 /n64_toolchain/lib/gcc/mips64-elf/13.1.0/../../../../mips64-elf/lib/libdragon.a(rdpq_tex.o)
 .text.tex_xblit_norotate_noscale
                0x80029320      0x140 /n64_toolchain/lib/gcc/mips64-elf/13.1.0/../../../../mips64-elf/lib/libdragon.a(rdpq_tex.o)
 .text.tex_xblit_norotate
                0x80029460      0x200 /n64_toolchain/lib/gcc/mips64-elf/13.1.0/../../../../mips64-elf/lib/libdragon.a(rdpq_tex.o)
 .text.tex_xblit
                0x80029660      0x2e0 /n64_toolchain/lib/gcc/mips64-elf/13.1.0/../../../../mips64-elf/lib/libdragon.a(rdpq_tex.o)
 .text.rdpq_tex_upload_sub
                0x80029940      0x1c0 /n64_toolchain/lib/gcc/mips64-elf/13.1.0/../../../../mips64-elf/lib/libdragon.a(rdpq_tex.o)
                0x80029940                rdpq_tex_upload_sub
 .text.rdpq_tex_upload
                0x80029b00       0x40 /n64_toolchain/lib/gcc/mips64-elf/13.1.0/../../../../mips64-elf/lib/libdragon.a(rdpq_tex.o)
                0x80029b00                rdpq_tex_upload
 .text.rdpq_tex_blit
                0x80029b40       0xc0 /n64_toolchain/lib/gcc/mips64-elf/13.1.0/../../../../mips64-elf/lib/libdragon.a(rdpq_tex.o)
                0x80029b40                rdpq_tex_blit
 .text.rdpq_tex_upload_tlut
                0x80029c00      0x180 /n64_toolchain/lib/gcc/mips64-elf/13.1.0/../../../../mips64-elf/lib/libdragon.a(rdpq_tex.o)
                0x80029c00                rdpq_tex_upload_tlut
 .text.rdpq_tex_multi_begin
                0x80029d80       0x80 /n64_toolchain/lib/gcc/mips64-elf/13.1.0/../../../../mips64-elf/lib/libdragon.a(rdpq_tex.o)
                0x80029d80                rdpq_tex_multi_begin
 .text.rdpq_tex_multi_end
                0x80029e00       0x60 /n64_toolchain/lib/gcc/mips64-elf/13.1.0/../../../../mips64-elf/lib/libdragon.a(rdpq_tex.o)
                0x80029e00                rdpq_tex_multi_end
 .text.rdpq_attach.part.0
                0x80029e60       0x40 /n64_toolchain/lib/gcc/mips64-elf/13.1.0/../../../../mips64-elf/lib/libdragon.a(rdpq_attach.o)
 .text.attach   0x80029ea0      0x220 /n64_toolchain/lib/gcc/mips64-elf/13.1.0/../../../../mips64-elf/lib/libdragon.a(rdpq_attach.o)
 .text.rdpq_attach_clear
                0x8002a0c0       0x20 /n64_toolchain/lib/gcc/mips64-elf/13.1.0/../../../../mips64-elf/lib/libdragon.a(rdpq_attach.o)
                0x8002a0c0                rdpq_attach_clear
 .text.__rdpq_clear
                0x8002a0e0       0xc0 /n64_toolchain/lib/gcc/mips64-elf/13.1.0/../../../../mips64-elf/lib/libdragon.a(rdpq_attach.o)
                0x8002a0e0                __rdpq_clear
 .text.rdpq_detach_cb
                0x8002a1a0       0xc0 /n64_toolchain/lib/gcc/mips64-elf/13.1.0/../../../../mips64-elf/lib/libdragon.a(rdpq_attach.o)
                0x8002a1a0                rdpq_detach_cb
 .text.__rdpq_clear_z
                0x8002a260      0x180 /n64_toolchain/lib/gcc/mips64-elf/13.1.0/../../../../mips64-elf/lib/libdragon.a(rdpq_attach.o)
                0x8002a260                __rdpq_clear_z
 .text.rdpq_detach_show
                0x8002a3e0       0x80 /n64_toolchain/lib/gcc/mips64-elf/13.1.0/../../../../mips64-elf/lib/libdragon.a(rdpq_attach.o)
                0x8002a3e0                rdpq_detach_show
 .text.rdpq_get_attached
                0x8002a460       0x40 /n64_toolchain/lib/gcc/mips64-elf/13.1.0/../../../../mips64-elf/lib/libdragon.a(rdpq_attach.o)
                0x8002a460                rdpq_get_attached
 .text.rdpq_font_load
                0x8002a4a0       0xe0 /n64_toolchain/lib/gcc/mips64-elf/13.1.0/../../../../mips64-elf/lib/libdragon.a(rdpq_font.o)
                0x8002a4a0                rdpq_font_load
 .text.rdpq_font_printn
                0x8002a580      0x5a0 /n64_toolchain/lib/gcc/mips64-elf/13.1.0/../../../../mips64-elf/lib/libdragon.a(rdpq_font.o)
                0x8002a580                rdpq_font_printn
 .text.rdpq_font_position
                0x8002ab20       0x20 /n64_toolchain/lib/gcc/mips64-elf/13.1.0/../../../../mips64-elf/lib/libdragon.a(rdpq_font.o)
                0x8002ab20                rdpq_font_position
 .text.rdpq_font_begin
                0x8002ab40       0xe0 /n64_toolchain/lib/gcc/mips64-elf/13.1.0/../../../../mips64-elf/lib/libdragon.a(rdpq_font.o)
                0x8002ab40                rdpq_font_begin
 .text.rdpq_font_scale
                0x8002ac20       0x20 /n64_toolchain/lib/gcc/mips64-elf/13.1.0/../../../../mips64-elf/lib/libdragon.a(rdpq_font.o)
                0x8002ac20                rdpq_font_scale
 .text.rdpq_font_end
                0x8002ac40       0x20 /n64_toolchain/lib/gcc/mips64-elf/13.1.0/../../../../mips64-elf/lib/libdragon.a(rdpq_font.o)
                0x8002ac40                rdpq_font_end
 .text.gl_on_frame_complete
                0x8002ac60       0x20 /n64_toolchain/lib/gcc/mips64-elf/13.1.0/../../../../mips64-elf/lib/libdragon.a(gl.o)
                0x8002ac60                gl_on_frame_complete
 .text.gl_context_begin
                0x8002ac80      0x160 /n64_toolchain/lib/gcc/mips64-elf/13.1.0/../../../../mips64-elf/lib/libdragon.a(gl.o)
                0x8002ac80                gl_context_begin
 .text.gl_handle_deletion_lists
                0x8002ade0      0x100 /n64_toolchain/lib/gcc/mips64-elf/13.1.0/../../../../mips64-elf/lib/libdragon.a(gl.o)
                0x8002ade0                gl_handle_deletion_lists
 .text.gl_context_end
                0x8002aee0       0xe0 /n64_toolchain/lib/gcc/mips64-elf/13.1.0/../../../../mips64-elf/lib/libdragon.a(gl.o)
                0x8002aee0                gl_context_end
 .text.gl_set_flag2
                0x8002afc0      0x940 /n64_toolchain/lib/gcc/mips64-elf/13.1.0/../../../../mips64-elf/lib/libdragon.a(gl.o)
                0x8002afc0                gl_set_flag2
 .text.glEnable
                0x8002b900       0x80 /n64_toolchain/lib/gcc/mips64-elf/13.1.0/../../../../mips64-elf/lib/libdragon.a(gl.o)
                0x8002b900                glEnable
 .text.glDisable
                0x8002b980       0x80 /n64_toolchain/lib/gcc/mips64-elf/13.1.0/../../../../mips64-elf/lib/libdragon.a(gl.o)
                0x8002b980                glDisable
 .text.glClear  0x8002ba00      0x1a0 /n64_toolchain/lib/gcc/mips64-elf/13.1.0/../../../../mips64-elf/lib/libdragon.a(gl.o)
                0x8002ba00                glClear
 .text.glClearColor
                0x8002bba0      0x220 /n64_toolchain/lib/gcc/mips64-elf/13.1.0/../../../../mips64-elf/lib/libdragon.a(gl.o)
                0x8002bba0                glClearColor
 .text.glClearDepth
                0x8002bdc0      0x120 /n64_toolchain/lib/gcc/mips64-elf/13.1.0/../../../../mips64-elf/lib/libdragon.a(gl.o)
                0x8002bdc0                glClearDepth
 .text.gl_init  0x8002bee0      0x300 /n64_toolchain/lib/gcc/mips64-elf/13.1.0/../../../../mips64-elf/lib/libdragon.a(gl.o)
                0x8002bee0                gl_init
 .text.gl_storage_resize
                0x8002c1e0       0xa0 /n64_toolchain/lib/gcc/mips64-elf/13.1.0/../../../../mips64-elf/lib/libdragon.a(gl.o)
                0x8002c1e0                gl_storage_resize
 .text.gl_lighting_init
                0x8002c280      0x120 /n64_toolchain/lib/gcc/mips64-elf/13.1.0/../../../../mips64-elf/lib/libdragon.a(lighting.o)
                0x8002c280                gl_lighting_init
 .text.gl_normalize
                0x8002c3a0       0x60 /n64_toolchain/lib/gcc/mips64-elf/13.1.0/../../../../mips64-elf/lib/libdragon.a(lighting.o)
                0x8002c3a0                gl_normalize
 .text.gl_homogeneous_unit_diff
                0x8002c400      0x180 /n64_toolchain/lib/gcc/mips64-elf/13.1.0/../../../../mips64-elf/lib/libdragon.a(lighting.o)
                0x8002c400                gl_homogeneous_unit_diff
 .text.gl_cross
                0x8002c580       0x80 /n64_toolchain/lib/gcc/mips64-elf/13.1.0/../../../../mips64-elf/lib/libdragon.a(lighting.o)
                0x8002c580                gl_cross
 .text.dot_product3
                0x8002c600       0x40 /n64_toolchain/lib/gcc/mips64-elf/13.1.0/../../../../mips64-elf/lib/libdragon.a(lighting.o)
                0x8002c600                dot_product3
 .text.gl_perform_lighting
                0x8002c640      0x540 /n64_toolchain/lib/gcc/mips64-elf/13.1.0/../../../../mips64-elf/lib/libdragon.a(lighting.o)
                0x8002c640                gl_perform_lighting
 .text.gl_set_color
                0x8002cb80      0x1e0 /n64_toolchain/lib/gcc/mips64-elf/13.1.0/../../../../mips64-elf/lib/libdragon.a(lighting.o)
                0x8002cb80                gl_set_color
 .text.gl_set_material_paramf
                0x8002cd60      0x240 /n64_toolchain/lib/gcc/mips64-elf/13.1.0/../../../../mips64-elf/lib/libdragon.a(lighting.o)
                0x8002cd60                gl_set_material_paramf
 .text.glMaterialfv
                0x8002cfa0      0x120 /n64_toolchain/lib/gcc/mips64-elf/13.1.0/../../../../mips64-elf/lib/libdragon.a(lighting.o)
                0x8002cfa0                glMaterialfv
 .text.gl_matrix_load
                0x8002d0c0      0x120 /n64_toolchain/lib/gcc/mips64-elf/13.1.0/../../../../mips64-elf/lib/libdragon.a(matrix.o)
 .text.gl_matrix_stack_get_matrix
                0x8002d1e0       0x20 /n64_toolchain/lib/gcc/mips64-elf/13.1.0/../../../../mips64-elf/lib/libdragon.a(matrix.o)
                0x8002d1e0                gl_matrix_stack_get_matrix
 .text.gl_matrix_mult
                0x8002d200      0x120 /n64_toolchain/lib/gcc/mips64-elf/13.1.0/../../../../mips64-elf/lib/libdragon.a(matrix.o)
                0x8002d200                gl_matrix_mult
 .text.gl_matrix_mult3x3
                0x8002d320       0xa0 /n64_toolchain/lib/gcc/mips64-elf/13.1.0/../../../../mips64-elf/lib/libdragon.a(matrix.o)
                0x8002d320                gl_matrix_mult3x3
 .text.gl_update_matrix_targets
                0x8002d3c0      0x140 /n64_toolchain/lib/gcc/mips64-elf/13.1.0/../../../../mips64-elf/lib/libdragon.a(matrix.o)
                0x8002d3c0                gl_update_matrix_targets
 .text.gl_update_current_matrix_stack
                0x8002d500      0x140 /n64_toolchain/lib/gcc/mips64-elf/13.1.0/../../../../mips64-elf/lib/libdragon.a(matrix.o)
                0x8002d500                gl_update_current_matrix_stack
 .text.glMatrixMode
                0x8002d640      0x120 /n64_toolchain/lib/gcc/mips64-elf/13.1.0/../../../../mips64-elf/lib/libdragon.a(matrix.o)
                0x8002d640                glMatrixMode
 .text.glMultMatrixf
                0x8002d760      0x180 /n64_toolchain/lib/gcc/mips64-elf/13.1.0/../../../../mips64-elf/lib/libdragon.a(matrix.o)
                0x8002d760                glMultMatrixf
 .text.glLoadIdentity
                0x8002d8e0      0x160 /n64_toolchain/lib/gcc/mips64-elf/13.1.0/../../../../mips64-elf/lib/libdragon.a(matrix.o)
                0x8002d8e0                glLoadIdentity
 .text.gl_matrix_init
                0x8002da40      0x1a0 /n64_toolchain/lib/gcc/mips64-elf/13.1.0/../../../../mips64-elf/lib/libdragon.a(matrix.o)
                0x8002da40                gl_matrix_init
 .text.glRotatef
                0x8002dbe0      0x1a0 /n64_toolchain/lib/gcc/mips64-elf/13.1.0/../../../../mips64-elf/lib/libdragon.a(matrix.o)
                0x8002dbe0                glRotatef
 .text.glTranslatef
                0x8002dd80       0xc0 /n64_toolchain/lib/gcc/mips64-elf/13.1.0/../../../../mips64-elf/lib/libdragon.a(matrix.o)
                0x8002dd80                glTranslatef
 .text.glScalef
                0x8002de40       0xa0 /n64_toolchain/lib/gcc/mips64-elf/13.1.0/../../../../mips64-elf/lib/libdragon.a(matrix.o)
                0x8002de40                glScalef
 .text.glFrustum
                0x8002dee0      0x120 /n64_toolchain/lib/gcc/mips64-elf/13.1.0/../../../../mips64-elf/lib/libdragon.a(matrix.o)
                0x8002dee0                glFrustum
 .text.glOrtho  0x8002e000      0x120 /n64_toolchain/lib/gcc/mips64-elf/13.1.0/../../../../mips64-elf/lib/libdragon.a(matrix.o)
                0x8002e000                glOrtho
 .text.glPushMatrix
                0x8002e120      0x1c0 /n64_toolchain/lib/gcc/mips64-elf/13.1.0/../../../../mips64-elf/lib/libdragon.a(matrix.o)
                0x8002e120                glPushMatrix
 .text.glPopMatrix
                0x8002e2e0      0x160 /n64_toolchain/lib/gcc/mips64-elf/13.1.0/../../../../mips64-elf/lib/libdragon.a(matrix.o)
                0x8002e2e0                glPopMatrix
 .text.gl_points
                0x8002e440       0x20 /n64_toolchain/lib/gcc/mips64-elf/13.1.0/../../../../mips64-elf/lib/libdragon.a(primitive.o)
                0x8002e440                gl_points
 .text.gl_line_strip
                0x8002e460       0x20 /n64_toolchain/lib/gcc/mips64-elf/13.1.0/../../../../mips64-elf/lib/libdragon.a(primitive.o)
                0x8002e460                gl_line_strip
 .text.gl_triangle_strip
                0x8002e480       0x40 /n64_toolchain/lib/gcc/mips64-elf/13.1.0/../../../../mips64-elf/lib/libdragon.a(primitive.o)
                0x8002e480                gl_triangle_strip
 .text.gl_triangle_fan
                0x8002e4c0       0x20 /n64_toolchain/lib/gcc/mips64-elf/13.1.0/../../../../mips64-elf/lib/libdragon.a(primitive.o)
                0x8002e4c0                gl_triangle_fan
 .text.gl_quads
                0x8002e4e0       0x40 /n64_toolchain/lib/gcc/mips64-elf/13.1.0/../../../../mips64-elf/lib/libdragon.a(primitive.o)
                0x8002e4e0                gl_quads
 .text.read_index_8
                0x8002e520       0x20 /n64_toolchain/lib/gcc/mips64-elf/13.1.0/../../../../mips64-elf/lib/libdragon.a(primitive.o)
                0x8002e520                read_index_8
 .text.read_index_16
                0x8002e540       0x20 /n64_toolchain/lib/gcc/mips64-elf/13.1.0/../../../../mips64-elf/lib/libdragon.a(primitive.o)
                0x8002e540                read_index_16
 .text.read_index_32
                0x8002e560       0x20 /n64_toolchain/lib/gcc/mips64-elf/13.1.0/../../../../mips64-elf/lib/libdragon.a(primitive.o)
                0x8002e560                read_index_32
 .text.glEnd.part.0
                0x8002e580       0x60 /n64_toolchain/lib/gcc/mips64-elf/13.1.0/../../../../mips64-elf/lib/libdragon.a(primitive.o)
 .text.glBegin.part.0
                0x8002e5e0       0x60 /n64_toolchain/lib/gcc/mips64-elf/13.1.0/../../../../mips64-elf/lib/libdragon.a(primitive.o)
 .text.gl_triangles
                0x8002e640       0x20 /n64_toolchain/lib/gcc/mips64-elf/13.1.0/../../../../mips64-elf/lib/libdragon.a(primitive.o)
                0x8002e640                gl_triangles
 .text.gl_lines
                0x8002e660       0x20 /n64_toolchain/lib/gcc/mips64-elf/13.1.0/../../../../mips64-elf/lib/libdragon.a(primitive.o)
                0x8002e660                gl_lines
 .text.gl_primitive_init
                0x8002e680      0x120 /n64_toolchain/lib/gcc/mips64-elf/13.1.0/../../../../mips64-elf/lib/libdragon.a(primitive.o)
                0x8002e680                gl_primitive_init
 .text.gl_can_use_rsp_pipeline
                0x8002e7a0      0x240 /n64_toolchain/lib/gcc/mips64-elf/13.1.0/../../../../mips64-elf/lib/libdragon.a(primitive.o)
                0x8002e7a0                gl_can_use_rsp_pipeline
 .text.set_can_use_rsp_dirty
                0x8002e9e0       0x20 /n64_toolchain/lib/gcc/mips64-elf/13.1.0/../../../../mips64-elf/lib/libdragon.a(primitive.o)
                0x8002e9e0                set_can_use_rsp_dirty
 .text.gl_init_prim_assembly
                0x8002ea00      0x180 /n64_toolchain/lib/gcc/mips64-elf/13.1.0/../../../../mips64-elf/lib/libdragon.a(primitive.o)
                0x8002ea00                gl_init_prim_assembly
 .text.gl_begin
                0x8002eb80      0x1a0 /n64_toolchain/lib/gcc/mips64-elf/13.1.0/../../../../mips64-elf/lib/libdragon.a(primitive.o)
                0x8002eb80                gl_begin
 .text.glBegin  0x8002ed20       0x60 /n64_toolchain/lib/gcc/mips64-elf/13.1.0/../../../../mips64-elf/lib/libdragon.a(primitive.o)
                0x8002ed20                glBegin
 .text.glEnd    0x8002ed80       0x60 /n64_toolchain/lib/gcc/mips64-elf/13.1.0/../../../../mips64-elf/lib/libdragon.a(primitive.o)
                0x8002ed80                glEnd
 .text.gl_check_vertex_cache
                0x8002ede0       0xe0 /n64_toolchain/lib/gcc/mips64-elf/13.1.0/../../../../mips64-elf/lib/libdragon.a(primitive.o)
                0x8002ede0                gl_check_vertex_cache
 .text.gl_get_cache_index
                0x8002eec0       0x40 /n64_toolchain/lib/gcc/mips64-elf/13.1.0/../../../../mips64-elf/lib/libdragon.a(primitive.o)
                0x8002eec0                gl_get_cache_index
 .text.gl_load_attribs
                0x8002ef00      0x140 /n64_toolchain/lib/gcc/mips64-elf/13.1.0/../../../../mips64-elf/lib/libdragon.a(primitive.o)
                0x8002ef00                gl_load_attribs
 .text.gl_fill_attrib_defaults
                0x8002f040       0xa0 /n64_toolchain/lib/gcc/mips64-elf/13.1.0/../../../../mips64-elf/lib/libdragon.a(primitive.o)
                0x8002f040                gl_fill_attrib_defaults
 .text.gl_fill_all_attrib_defaults
                0x8002f0e0       0xe0 /n64_toolchain/lib/gcc/mips64-elf/13.1.0/../../../../mips64-elf/lib/libdragon.a(primitive.o)
                0x8002f0e0                gl_fill_all_attrib_defaults
 .text.gl_prim_assembly
                0x8002f1c0       0xc0 /n64_toolchain/lib/gcc/mips64-elf/13.1.0/../../../../mips64-elf/lib/libdragon.a(primitive.o)
                0x8002f1c0                gl_prim_assembly
 .text.glDrawElements
                0x8002f280      0x1c0 /n64_toolchain/lib/gcc/mips64-elf/13.1.0/../../../../mips64-elf/lib/libdragon.a(primitive.o)
                0x8002f280                glDrawElements
 .text.__gl_color
                0x8002f440      0x2a0 /n64_toolchain/lib/gcc/mips64-elf/13.1.0/../../../../mips64-elf/lib/libdragon.a(primitive.o)
                0x8002f440                __gl_color
 .text.__gl_tex_coord
                0x8002f6e0      0x120 /n64_toolchain/lib/gcc/mips64-elf/13.1.0/../../../../mips64-elf/lib/libdragon.a(primitive.o)
                0x8002f6e0                __gl_tex_coord
 .text.__gl_normal
                0x8002f800      0x100 /n64_toolchain/lib/gcc/mips64-elf/13.1.0/../../../../mips64-elf/lib/libdragon.a(primitive.o)
                0x8002f800                __gl_normal
 .text.glVertex2i
                0x8002f900       0x80 /n64_toolchain/lib/gcc/mips64-elf/13.1.0/../../../../mips64-elf/lib/libdragon.a(primitive.o)
                0x8002f900                glVertex2i
 .text.glVertex3f
                0x8002f980       0x80 /n64_toolchain/lib/gcc/mips64-elf/13.1.0/../../../../mips64-elf/lib/libdragon.a(primitive.o)
                0x8002f980                glVertex3f
 .text.glColor4f
                0x8002fa00       0x40 /n64_toolchain/lib/gcc/mips64-elf/13.1.0/../../../../mips64-elf/lib/libdragon.a(primitive.o)
                0x8002fa00                glColor4f
 .text.glTexCoord2f
                0x8002fa40       0x40 /n64_toolchain/lib/gcc/mips64-elf/13.1.0/../../../../mips64-elf/lib/libdragon.a(primitive.o)
                0x8002fa40                glTexCoord2f
 .text.glNormal3f
                0x8002fa80       0x40 /n64_toolchain/lib/gcc/mips64-elf/13.1.0/../../../../mips64-elf/lib/libdragon.a(primitive.o)
                0x8002fa80                glNormal3f
 .text.glDepthRange
                0x8002fac0      0x1a0 /n64_toolchain/lib/gcc/mips64-elf/13.1.0/../../../../mips64-elf/lib/libdragon.a(primitive.o)
                0x8002fac0                glDepthRange
 .text.glViewport
                0x8002fc60      0x3a0 /n64_toolchain/lib/gcc/mips64-elf/13.1.0/../../../../mips64-elf/lib/libdragon.a(primitive.o)
                0x8002fc60                glViewport
 .text.glCullFace
                0x80030000      0x120 /n64_toolchain/lib/gcc/mips64-elf/13.1.0/../../../../mips64-elf/lib/libdragon.a(primitive.o)
                0x80030000                glCullFace
 .text.glFrontFace
                0x80030120      0x100 /n64_toolchain/lib/gcc/mips64-elf/13.1.0/../../../../mips64-elf/lib/libdragon.a(primitive.o)
                0x80030120                glFrontFace
 .text.gl_update_fog
                0x80030220       0xa0 /n64_toolchain/lib/gcc/mips64-elf/13.1.0/../../../../mips64-elf/lib/libdragon.a(rendermode.o)
                0x80030220                gl_update_fog
 .text.glFogf   0x800302c0      0x220 /n64_toolchain/lib/gcc/mips64-elf/13.1.0/../../../../mips64-elf/lib/libdragon.a(rendermode.o)
                0x800302c0                glFogf
 .text.glFogfv  0x800304e0      0x260 /n64_toolchain/lib/gcc/mips64-elf/13.1.0/../../../../mips64-elf/lib/libdragon.a(rendermode.o)
                0x800304e0                glFogfv
 .text.glScissor
                0x80030740      0x160 /n64_toolchain/lib/gcc/mips64-elf/13.1.0/../../../../mips64-elf/lib/libdragon.a(rendermode.o)
                0x80030740                glScissor
 .text.glBlendFunc
                0x800308a0      0x260 /n64_toolchain/lib/gcc/mips64-elf/13.1.0/../../../../mips64-elf/lib/libdragon.a(rendermode.o)
                0x800308a0                glBlendFunc
 .text.glDepthFunc
                0x80030b00      0x160 /n64_toolchain/lib/gcc/mips64-elf/13.1.0/../../../../mips64-elf/lib/libdragon.a(rendermode.o)
                0x80030b00                glDepthFunc
 .text.glDepthMask
                0x80030c60       0xc0 /n64_toolchain/lib/gcc/mips64-elf/13.1.0/../../../../mips64-elf/lib/libdragon.a(rendermode.o)
                0x80030c60                glDepthMask
 .text.glAlphaFunc